<?xml version="1.0" encoding="utf-8"?>
<TestRun id="9e94ea38-e434-4555-86d8-50599664c843" name="Besitzer@PCW11X01 2026-09-06 11:24:57" runUser="PCW11X01\Besitzer" xmlns="http://microsoft.com/schemas/VisualStudio/TeamTest/2010">
  <Times creation="2026-09-06T11:24:57.5354159+02:00" queuing="2026-09-06T11:24:57.5354160+02:00" start="2026-09-06T11:24:56.4879462+02:00" finish="2026-09-06T11:24:57.6350287+02:00" />
  <TestSettings name="default" id="344f5a47-dece-4884-a6c3-ecf5372b553c">
    <Deployment runDeploymentRoot="Besitzer_PCW11X01_2026-09-06_11_24_57" />
  </TestSettings>
  <Results>
    <UnitTestResult executionId="5e9fe8da-d712-4088-bdda-d7574eac5f89" testId="71c210d4-8887-7171-0319-e8b9f10240d9" testName="ProjectModernizerRunnerTests.RunReturnsUsageCodeForInvalidArguments" computerName="PCW11X01" duration="00:00:00.0002275" startTime="2026-09-06T11:24:57.5980964+02:00" endTime="2026-09-06T11:24:57.5980964+02:00" testType="13cdc9d9-ddb5-4fa4-a97d-d965ccfc6d4b" outcome="Passed" testListId="8c84fa94-04c1-424b-9868-57a2d4851a1d" relativeResultsDirectory="5e9fe8da-d712-4088-bdda-d7574eac5f89" />
    <UnitTestResult executionId="f95cfff5-25b4-42ad-8544-d09472148077" testId="6e9907f8-4660-0e7d-cf10-9ea3b377af5d" testName="ModernizerFieldFlattenerTests.FlattenRecordFieldList_preserves_unresolved_entries_and_reports_them" computerName="PCW11X01" duration="00:00:00.0054165" startTime="2026-09-06T11:24:57.5277011+02:00" endTime="2026-09-06T11:24:57.5277011+02:00" testType="13cdc9d9-ddb5-4fa4-a97d-d965ccfc6d4b" outcome="Passed" testListId="8c84fa94-04c1-424b-9868-57a2d4851a1d" relativeResultsDirectory="f95cfff5-25b4-42ad-8544-d09472148077" />
    <UnitTestResult executionId="a987986f-4129-4c33-9c77-fe112d80c9a7" testId="cbeb0f96-8370-1afa-35e4-38d5621872ed" testName="ModernizerFileSystemTests.EmptyDirectoryCleanerDeletesNestedEmptyDirectoryTree" computerName="PCW11X01" duration="00:00:00.0020120" startTime="2026-09-06T11:24:57.5302029+02:00" endTime="2026-09-06T11:24:57.5302029+02:00" testType="13cdc9d9-ddb5-4fa4-a97d-d965ccfc6d4b" outcome="Passed" testListId="8c84fa94-04c1-424b-9868-57a2d4851a1d" relativeResultsDirectory="a987986f-4129-4c33-9c77-fe112d80c9a7" />
    <UnitTestResult executionId="f6308614-076d-4c50-a9e4-a43b6b9b01ae" testId="d72506da-597e-79d5-c236-f8306eb76aef" testName="ProjectModernizerRunnerTests.RunReturnsMissingProjectCodeWhenProjectFileCannotBeFound" computerName="PCW11X01" duration="00:00:00.0005977" startTime="2026-09-06T11:24:57.5987386+02:00" endTime="2026-09-06T11:24:57.5987387+02:00" testType="13cdc9d9-ddb5-4fa4-a97d-d965ccfc6d4b" outcome="Passed" testListId="8c84fa94-04c1-424b-9868-57a2d4851a1d" relativeResultsDirectory="f6308614-076d-4c50-a9e4-a43b6b9b01ae" />
    <UnitTestResult executionId="1e3a3fcf-b9c5-47a0-8ddd-c16dc67c8f93" testId="e00db5da-6375-e6e1-bdf7-15eb51655166" testName="ModernizeOptionsTests.ParseRecognizesAllOptions" computerName="PCW11X01" duration="00:00:00.0007315" startTime="2026-09-06T11:24:57.5259442+02:00" endTime="2026-09-06T11:24:57.5259443+02:00" testType="13cdc9d9-ddb5-4fa4-a97d-d965ccfc6d4b" outcome="Passed" testListId="8c84fa94-04c1-424b-9868-57a2d4851a1d" relativeResultsDirectory="1e3a3fcf-b9c5-47a0-8ddd-c16dc67c8f93" />
    <UnitTestResult executionId="089b3019-e9b8-4b42-b98a-11f60f68a21a" testId="454e623c-7127-f01e-72d2-a068c853adfb" testName="ExternalProjectLinkSanitizerTests.SanitizeMetadataLinks_copies_existing_external_logo_into_project" computerName="PCW11X01" duration="00:00:00.0057530" startTime="2026-09-06T11:24:57.5274431+02:00" endTime="2026-09-06T11:24:57.5274431+02:00" testType="13cdc9d9-ddb5-4fa4-a97d-d965ccfc6d4b" outcome="Passed" testListId="8c84fa94-04c1-424b-9868-57a2d4851a1d" relativeResultsDirectory="089b3019-e9b8-4b42-b98a-11f60f68a21a" />
    <UnitTestResult executionId="3b33954a-6072-4135-a13d-92efae73cb09" testId="1634ba21-bbfc-3e33-cae0-03882d6970a0" testName="ExternalPathDetectorTests.ContainsExternalDrivePathDetectsOnlyPathsOutsideProjectFolder" computerName="PCW11X01" duration="00:00:00.3882689" startTime="2026-09-06T11:24:57.5260600+02:00" endTime="2026-09-06T11:24:57.5260601+02:00" testType="13cdc9d9-ddb5-4fa4-a97d-d965ccfc6d4b" outcome="Passed" testListId="8c84fa94-04c1-424b-9868-57a2d4851a1d" relativeResultsDirectory="3b33954a-6072-4135-a13d-92efae73cb09" />
    <UnitTestResult executionId="d679afc2-0b65-4566-a75b-0883c3fce2c6" testId="fd9f201f-de69-d204-37b7-20d62d3ea126" testName="ModernizerProjectLoaderTests.LoadReturnsLoadFailedWhenProjectJsonIsInvalid" computerName="PCW11X01" duration="00:00:00.0044950" startTime="2026-09-06T11:24:57.5920527+02:00" endTime="2026-09-06T11:24:57.5920529+02:00" testType="13cdc9d9-ddb5-4fa4-a97d-d965ccfc6d4b" outcome="Passed" testListId="8c84fa94-04c1-424b-9868-57a2d4851a1d" relativeResultsDirectory="d679afc2-0b65-4566-a75b-0883c3fce2c6" />
    <UnitTestResult executionId="17ebcd18-6518-4fc4-8527-5958554bfc85" testId="e1efcb53-2b84-5d26-c7ce-6107f43c4ddb" testName="ModernizedProjectSaverTests.SaveDoesNotOverwriteProjectFileOutsideProjectFolder" computerName="PCW11X01" duration="00:00:00.0052837" startTime="2026-09-06T11:24:57.5846617+02:00" endTime="2026-09-06T11:24:57.5846618+02:00" testType="13cdc9d9-ddb5-4fa4-a97d-d965ccfc6d4b" outcome="Passed" testListId="8c84fa94-04c1-424b-9868-57a2d4851a1d" relativeResultsDirectory="17ebcd18-6518-4fc4-8527-5958554bfc85" />
    <UnitTestResult executionId="30331048-7d94-40e2-a41e-b1eef8906786" testId="de1905df-3093-2941-def5-fc257619a52b" testName="ModernizerProjectLoaderTests.LoadReturnsMissingProjectFileWhenExplicitFileDoesNotExist" computerName="PCW11X01" duration="00:00:00.0009965" startTime="2026-09-06T11:24:57.5801770+02:00" endTime="2026-09-06T11:24:57.5801772+02:00" testType="13cdc9d9-ddb5-4fa4-a97d-d965ccfc6d4b" outcome="Passed" testListId="8c84fa94-04c1-424b-9868-57a2d4851a1d" relativeResultsDirectory="30331048-7d94-40e2-a41e-b1eef8906786" />
    <UnitTestResult executionId="94e5d262-83e2-4b90-b22c-994c4b164be8" testId="c028bced-09c5-d091-3289-21540957dadc" testName="ModernizerProjectLoaderTests.LoadUsesNewestRootJsonWhenNoCanonicalProjectFileExists" computerName="PCW11X01" duration="00:00:00.4488570" startTime="2026-09-06T11:24:57.5791251+02:00" endTime="2026-09-06T11:24:57.5791253+02:00" testType="13cdc9d9-ddb5-4fa4-a97d-d965ccfc6d4b" outcome="Passed" testListId="8c84fa94-04c1-424b-9868-57a2d4851a1d" relativeResultsDirectory="94e5d262-83e2-4b90-b22c-994c4b164be8" />
    <UnitTestResult executionId="eb5c8a69-dd6c-4b7a-aef8-38089534993e" testId="2f76bb69-d742-4888-d5e6-67d27a2c0707" testName="ModernizerPathResolverTests.TryResolveOrCopyModernPath_maps_single_legacy_file_to_modern_relative_path" computerName="PCW11X01" duration="00:00:00.0026795" startTime="2026-09-06T11:24:57.5326207+02:00" endTime="2026-09-06T11:24:57.5326208+02:00" testType="13cdc9d9-ddb5-4fa4-a97d-d965ccfc6d4b" outcome="Passed" testListId="8c84fa94-04c1-424b-9868-57a2d4851a1d" relativeResultsDirectory="eb5c8a69-dd6c-4b7a-aef8-38089534993e" />
    <UnitTestResult executionId="6f72f0ff-500d-4077-a0d2-41cb1cc4c054" testId="4d2caeec-0f26-dd92-8954-83694238c980" testName="ModernizerPathResolverTests.TryResolveOrCopyModernPath_copies_external_candidate_into_typed_subfolder" computerName="PCW11X01" duration="00:00:00.0097313" startTime="2026-09-06T11:24:57.5299051+02:00" endTime="2026-09-06T11:24:57.5299052+02:00" testType="13cdc9d9-ddb5-4fa4-a97d-d965ccfc6d4b" outcome="Passed" testListId="8c84fa94-04c1-424b-9868-57a2d4851a1d" relativeResultsDirectory="6f72f0ff-500d-4077-a0d2-41cb1cc4c054" />
    <UnitTestResult executionId="309536c8-78c8-40f3-aa6c-5076a1fc743d" testId="206ef65d-41d3-3cd2-8302-b83115b3630f" testName="ModernizerStructureFileMoverTests.MoveOrCopyStructureFileReusesIdenticalTargetWithoutDeletingSource" computerName="PCW11X01" duration="00:00:00.0058589" startTime="2026-09-06T11:24:57.5396071+02:00" endTime="2026-09-06T11:24:57.5396072+02:00" testType="13cdc9d9-ddb5-4fa4-a97d-d965ccfc6d4b" outcome="Passed" testListId="8c84fa94-04c1-424b-9868-57a2d4851a1d" relativeResultsDirectory="309536c8-78c8-40f3-aa6c-5076a1fc743d" />
    <UnitTestResult executionId="e6613229-0735-4d1c-8288-5335dd9b0128" testId="f8419893-4daa-7803-e380-a4740e33b2b2" testName="ModernizerRelinkerTests.RelinkHaltungenSkipsAmbiguousSourceVideos" computerName="PCW11X01" duration="00:00:00.3890249" startTime="2026-09-06T11:24:57.5271204+02:00" endTime="2026-09-06T11:24:57.5271204+02:00" testType="13cdc9d9-ddb5-4fa4-a97d-d965ccfc6d4b" outcome="Passed" testListId="8c84fa94-04c1-424b-9868-57a2d4851a1d" relativeResultsDirectory="e6613229-0735-4d1c-8288-5335dd9b0128" />
    <UnitTestResult executionId="b0df9d81-fd06-4f75-a410-2f357c9307cf" testId="f1503eaa-1bb7-f2c1-a1be-4c1b1277e706" testName="ProjectModernizerRunnerTests.RunDoesNotOverwriteProjectFileOutsideProjectFolder" computerName="PCW11X01" duration="00:00:00.4606888" startTime="2026-09-06T11:24:57.5908756+02:00" endTime="2026-09-06T11:24:57.5908757+02:00" testType="13cdc9d9-ddb5-4fa4-a97d-d965ccfc6d4b" outcome="Passed" testListId="8c84fa94-04c1-424b-9868-57a2d4851a1d" relativeResultsDirectory="b0df9d81-fd06-4f75-a410-2f357c9307cf" />
    <UnitTestResult executionId="ac044e99-81cf-4ffb-80fd-511578807fbb" testId="60a19c4f-d183-ad50-6e89-2c578ff263ba" testName="ModernizerRelinkerTests.RelinkHaltungenDryRunReportsSingleSourceVideoWithoutChangingRecord" computerName="PCW11X01" duration="00:00:00.0032510" startTime="2026-09-06T11:24:57.5274810+02:00" endTime="2026-09-06T11:24:57.5274811+02:00" testType="13cdc9d9-ddb5-4fa4-a97d-d965ccfc6d4b" outcome="Passed" testListId="8c84fa94-04c1-424b-9868-57a2d4851a1d" relativeResultsDirectory="ac044e99-81cf-4ffb-80fd-511578807fbb" />
    <UnitTestResult executionId="e5dd4839-2d3b-4e1a-8d38-d2a548c653ab" testId="db5a1f9e-f932-bfbd-a8d5-396e86d4e482" testName="ModernizerWorkflowTests.RunCopiesPlanFilesFromUmlautPlanFolder" computerName="PCW11X01" duration="00:00:00.0073940" startTime="2026-09-06T11:24:57.5412070+02:00" endTime="2026-09-06T11:24:57.5412071+02:00" testType="13cdc9d9-ddb5-4fa4-a97d-d965ccfc6d4b" outcome="Passed" testListId="8c84fa94-04c1-424b-9868-57a2d4851a1d" relativeResultsDirectory="e5dd4839-2d3b-4e1a-8d38-d2a548c653ab" />
    <UnitTestResult executionId="cf90b137-2eae-4acd-bb9c-d5666bd10e81" testId="c0cbe092-781d-277d-d795-6a4338a55533" testName="ExternalPathDetectorTests.IsExternalAbsolutePathIgnoresRelativeAndProjectInternalPaths" computerName="PCW11X01" duration="00:00:00.0010619" startTime="2026-09-06T11:24:57.5271440+02:00" endTime="2026-09-06T11:24:57.5271441+02:00" testType="13cdc9d9-ddb5-4fa4-a97d-d965ccfc6d4b" outcome="Passed" testListId="8c84fa94-04c1-424b-9868-57a2d4851a1d" relativeResultsDirectory="cf90b137-2eae-4acd-bb9c-d5666bd10e81" />
    <UnitTestResult executionId="4d052aad-f27a-44e0-9cb8-baac2b6a9042" testId="251ae7d5-166b-5fc2-7594-c3742173354a" testName="ProjectModernizerExitCodeResolverTests.ResolveReturnsSuccessWhenReportHasNoProblems" computerName="PCW11X01" duration="00:00:00.3829038" startTime="2026-09-06T11:24:57.5176345+02:00" endTime="2026-09-06T11:24:57.5176346+02:00" testType="13cdc9d9-ddb5-4fa4-a97d-d965ccfc6d4b" outcome="Passed" testListId="8c84fa94-04c1-424b-9868-57a2d4851a1d" relativeResultsDirectory="4d052aad-f27a-44e0-9cb8-baac2b6a9042" />
    <UnitTestResult executionId="286a250f-f159-436a-bab4-4df78b17fe31" testId="4b91f4c0-5b1c-519e-e215-f54273c036e0" testName="ModernizerFileSystemTests.CopyFileExactUsesCollisionPathForSameSizedDifferentContent" computerName="PCW11X01" duration="00:00:00.0052249" startTime="2026-09-06T11:24:57.5279221+02:00" endTime="2026-09-06T11:24:57.5279221+02:00" testType="13cdc9d9-ddb5-4fa4-a97d-d965ccfc6d4b" outcome="Passed" testListId="8c84fa94-04c1-424b-9868-57a2d4851a1d" relativeResultsDirectory="286a250f-f159-436a-bab4-4df78b17fe31" />
    <UnitTestResult executionId="58205f5b-0c21-4534-a5fc-dcf559d45fb8" testId="5e32157e-4d7a-0137-446b-a84bbc1e7126" testName="ModernizerStructureFileResolverTests.ResolveExistingFileResolvesRelativeProjectPath" computerName="PCW11X01" duration="00:00:00.0030845" startTime="2026-09-06T11:24:57.5277164+02:00" endTime="2026-09-06T11:24:57.5277165+02:00" testType="13cdc9d9-ddb5-4fa4-a97d-d965ccfc6d4b" outcome="Passed" testListId="8c84fa94-04c1-424b-9868-57a2d4851a1d" relativeResultsDirectory="58205f5b-0c21-4534-a5fc-dcf559d45fb8" />
    <UnitTestResult executionId="f263ad9d-a33b-41b2-9b93-594fb428da85" testId="bcb1f118-5e72-9dab-617e-8d387778e0da" testName="ModernizerProjectLoaderTests.LoadBuildsRequestWithAbsolutePathsAndLoadedProject" computerName="PCW11X01" duration="00:00:00.0072411" startTime="2026-09-06T11:24:57.5874709+02:00" endTime="2026-09-06T11:24:57.5874710+02:00" testType="13cdc9d9-ddb5-4fa4-a97d-d965ccfc6d4b" outcome="Passed" testListId="8c84fa94-04c1-424b-9868-57a2d4851a1d" relativeResultsDirectory="f263ad9d-a33b-41b2-9b93-594fb428da85" />
    <UnitTestResult executionId="2c009d96-5a2a-4b75-be71-4e204b8efa0e" testId="2047fbe1-1ed4-9f20-6ed2-659d4192622d" testName="ExternalProjectLinkSanitizerTests.SanitizeMetadataLinks_rewrites_external_import_metadata" computerName="PCW11X01" duration="00:00:00.0014773" startTime="2026-09-06T11:24:57.5274556+02:00" endTime="2026-09-06T11:24:57.5274557+02:00" testType="13cdc9d9-ddb5-4fa4-a97d-d965ccfc6d4b" outcome="Passed" testListId="8c84fa94-04c1-424b-9868-57a2d4851a1d" relativeResultsDirectory="2c009d96-5a2a-4b75-be71-4e204b8efa0e" />
    <UnitTestResult executionId="df99fefd-40cc-4dd1-9714-acd0d3802fba" testId="22708d88-bbbc-0f6a-c7e4-1a3ab2fd1a8e" testName="ModernizerWorkflowTests.RunDryRunReportsIntentButDoesNotCreateFolders" computerName="PCW11X01" duration="00:00:00.3871717" startTime="2026-09-06T11:24:57.5260306+02:00" endTime="2026-09-06T11:24:57.5260307+02:00" testType="13cdc9d9-ddb5-4fa4-a97d-d965ccfc6d4b" outcome="Passed" testListId="8c84fa94-04c1-424b-9868-57a2d4851a1d" relativeResultsDirectory="df99fefd-40cc-4dd1-9714-acd0d3802fba" />
    <UnitTestResult executionId="af93ca6e-6423-4e97-80e5-1f9b65c20a35" testId="18405b54-3912-ffc4-e684-6e9b0c0e4e09" testName="ProtocolSnapshotLinkSanitizerTests.SanitizeProtocolChangeSnapshots_replaces_external_photo_with_central_relative_path" computerName="PCW11X01" duration="00:00:00.0022325" startTime="2026-09-06T11:24:57.5346343+02:00" endTime="2026-09-06T11:24:57.5346344+02:00" testType="13cdc9d9-ddb5-4fa4-a97d-d965ccfc6d4b" outcome="Passed" testListId="8c84fa94-04c1-424b-9868-57a2d4851a1d" relativeResultsDirectory="af93ca6e-6423-4e97-80e5-1f9b65c20a35" />
    <UnitTestResult executionId="7db42f29-3605-40a4-a9dc-200528b8be13" testId="db2814a4-b855-1fcc-fba9-44b7a83fafe2" testName="ModernizerFieldFlattenerTests.FlattenRecordField_keeps_direct_child_file_and_rewrites_absolute_path_to_relative" computerName="PCW11X01" duration="00:00:00.3901114" startTime="2026-09-06T11:24:57.5274270+02:00" endTime="2026-09-06T11:24:57.5274270+02:00" testType="13cdc9d9-ddb5-4fa4-a97d-d965ccfc6d4b" outcome="Passed" testListId="8c84fa94-04c1-424b-9868-57a2d4851a1d" relativeResultsDirectory="7db42f29-3605-40a4-a9dc-200528b8be13" />
    <UnitTestResult executionId="f416a077-c0ae-4c26-9897-3cfa32051134" testId="d377057b-3cd5-5957-67d7-1279da340035" testName="ModernizerFlattenerTests.FlattenHaltungenVerteiltCopiesNestedFilesAndKeepsLegacySubfolders" computerName="PCW11X01" duration="00:00:00.3952780" startTime="2026-09-06T11:24:57.5276921+02:00" endTime="2026-09-06T11:24:57.5276922+02:00" testType="13cdc9d9-ddb5-4fa4-a97d-d965ccfc6d4b" outcome="Passed" testListId="8c84fa94-04c1-424b-9868-57a2d4851a1d" relativeResultsDirectory="f416a077-c0ae-4c26-9897-3cfa32051134" />
    <UnitTestResult executionId="f20809fe-e5c2-4a9a-900f-8d17bd7dd8ee" testId="4a086579-aa2c-8fae-3df6-b9385fd2edfc" testName="ProtocolSnapshotLinkSanitizerTests.SanitizeProtocolChangeSnapshots_removes_external_photo_when_photo_is_not_in_project" computerName="PCW11X01" duration="00:00:00.0010681" startTime="2026-09-06T11:24:57.5323587+02:00" endTime="2026-09-06T11:24:57.5323588+02:00" testType="13cdc9d9-ddb5-4fa4-a97d-d965ccfc6d4b" outcome="Passed" testListId="8c84fa94-04c1-424b-9868-57a2d4851a1d" relativeResultsDirectory="f20809fe-e5c2-4a9a-900f-8d17bd7dd8ee" />
    <UnitTestResult executionId="8afb6136-19ba-451b-b49f-796ba7a95c04" testId="4c93b0ba-0ef1-73c3-2475-6de28de62b7e" testName="ProtocolSnapshotLinkSanitizerTests.SanitizeProtocolChangeSnapshots_replaces_multiple_external_photos_independently" computerName="PCW11X01" duration="00:00:00.0031876" startTime="2026-09-06T11:24:57.5312461+02:00" endTime="2026-09-06T11:24:57.5312462+02:00" testType="13cdc9d9-ddb5-4fa4-a97d-d965ccfc6d4b" outcome="Passed" testListId="8c84fa94-04c1-424b-9868-57a2d4851a1d" relativeResultsDirectory="8afb6136-19ba-451b-b49f-796ba7a95c04" />
    <UnitTestResult executionId="127ee673-9428-4f67-8ec6-a0a699c47291" testId="dffb1f4c-cd52-5566-f5a5-274be156b083" testName="ModernizerRecordFieldSpecsTests.HaltungDateStampFieldsKeepExpectedFallbackOrder" computerName="PCW11X01" duration="00:00:00.3896801" startTime="2026-09-06T11:24:57.5271590+02:00" endTime="2026-09-06T11:24:57.5271590+02:00" testType="13cdc9d9-ddb5-4fa4-a97d-d965ccfc6d4b" outcome="Passed" testListId="8c84fa94-04c1-424b-9868-57a2d4851a1d" relativeResultsDirectory="127ee673-9428-4f67-8ec6-a0a699c47291" />
    <UnitTestResult executionId="d218cb0b-f843-4a0f-8010-ef45e7fedb3b" testId="e4ada9eb-6550-a4d6-5ca8-38e25255b88c" testName="ModernizerFileSystemTests.EmptyDirectoryCleanerKeepsDirectoryTreeWithFiles" computerName="PCW11X01" duration="00:00:00.3856040" startTime="2026-09-06T11:24:57.5259687+02:00" endTime="2026-09-06T11:24:57.5259687+02:00" testType="13cdc9d9-ddb5-4fa4-a97d-d965ccfc6d4b" outcome="Passed" testListId="8c84fa94-04c1-424b-9868-57a2d4851a1d" relativeResultsDirectory="d218cb0b-f843-4a0f-8010-ef45e7fedb3b" />
    <UnitTestResult executionId="1347548c-f757-4628-8afb-f58aa1e63402" testId="7597430d-241f-2c19-d996-803303885f7c" testName="ModernizerStructureFileResolverTests.ResolveExistingFileRejectsExistingFileWithWrongType" computerName="PCW11X01" duration="00:00:00.3900133" startTime="2026-09-06T11:24:57.5271926+02:00" endTime="2026-09-06T11:24:57.5271926+02:00" testType="13cdc9d9-ddb5-4fa4-a97d-d965ccfc6d4b" outcome="Passed" testListId="8c84fa94-04c1-424b-9868-57a2d4851a1d" relativeResultsDirectory="1347548c-f757-4628-8afb-f58aa1e63402" />
    <UnitTestResult executionId="72edac87-6b86-4a32-8983-b7e18ecf14ef" testId="e5d695b7-02b9-a7cc-9254-e928598fc813" testName="ModernizerFileSystemTests.SameFileContentReturnsFalseForSameSizedDifferentContent" computerName="PCW11X01" duration="00:00:00.0067721" startTime="2026-09-06T11:24:57.5274959+02:00" endTime="2026-09-06T11:24:57.5274960+02:00" testType="13cdc9d9-ddb5-4fa4-a97d-d965ccfc6d4b" outcome="Passed" testListId="8c84fa94-04c1-424b-9868-57a2d4851a1d" relativeResultsDirectory="72edac87-6b86-4a32-8983-b7e18ecf14ef" />
    <UnitTestResult executionId="ccc47b89-785b-46e3-809b-922dc7206b57" testId="9bd6e648-755e-063a-4c0c-ad0dbcf687d1" testName="ModernizerRelinkerTests.RelinkHaltungenIgnoresNullVsaFindings" computerName="PCW11X01" duration="00:00:00.0013778" startTime="2026-09-06T11:24:57.5288731+02:00" endTime="2026-09-06T11:24:57.5288732+02:00" testType="13cdc9d9-ddb5-4fa4-a97d-d965ccfc6d4b" outcome="Passed" testListId="8c84fa94-04c1-424b-9868-57a2d4851a1d" relativeResultsDirectory="ccc47b89-785b-46e3-809b-922dc7206b57" />
    <UnitTestResult executionId="419fec46-3159-45bf-9186-78b3a39cb4f9" testId="f84c7f00-ca41-a77a-113c-8b6b659d5e86" testName="ModernizeOptionsTests.ParseRejectsUnknownOrIncompleteOption" computerName="PCW11X01" duration="00:00:00.0001358" startTime="2026-09-06T11:24:57.5259619+02:00" endTime="2026-09-06T11:24:57.5259620+02:00" testType="13cdc9d9-ddb5-4fa4-a97d-d965ccfc6d4b" outcome="Passed" testListId="8c84fa94-04c1-424b-9868-57a2d4851a1d" relativeResultsDirectory="419fec46-3159-45bf-9186-78b3a39cb4f9" />
    <UnitTestResult executionId="582d817c-7b52-448f-9b59-b9e7753f3459" testId="8c4f417f-dc9e-9c6e-ba75-c93398c430d2" testName="ModernizeOptionsTests.ParseRejectsMissingProjectFolder" computerName="PCW11X01" duration="00:00:00.3807952" startTime="2026-09-06T11:24:57.5144661+02:00" endTime="2026-09-06T11:24:57.5145303+02:00" testType="13cdc9d9-ddb5-4fa4-a97d-d965ccfc6d4b" outcome="Passed" testListId="8c84fa94-04c1-424b-9868-57a2d4851a1d" relativeResultsDirectory="582d817c-7b52-448f-9b59-b9e7753f3459" />
    <UnitTestResult executionId="eed7da4b-e0d4-40f0-869f-51673c01dd21" testId="b9db6b6b-9b98-d809-8273-829ce2021da0" testName="ModernizerStructureFileMoverTests.MoveOrCopyStructureFileCopiesSourceInsideMoveRoot" computerName="PCW11X01" duration="00:00:00.0044438" startTime="2026-09-06T11:24:57.5304943+02:00" endTime="2026-09-06T11:24:57.5304944+02:00" testType="13cdc9d9-ddb5-4fa4-a97d-d965ccfc6d4b" outcome="Passed" testListId="8c84fa94-04c1-424b-9868-57a2d4851a1d" relativeResultsDirectory="eed7da4b-e0d4-40f0-869f-51673c01dd21" />
    <UnitTestResult executionId="0416eb6f-1f6e-409b-af51-ae3e1b682e7b" testId="103a49b3-b587-c7f3-e610-9a6953e8bb19" testName="ModernizerPathResolverTests.TryResolveOrCopyModernPath_resolves_existing_project_relative_modern_file" computerName="PCW11X01" duration="00:00:00.3898943" startTime="2026-09-06T11:24:57.5271734+02:00" endTime="2026-09-06T11:24:57.5271735+02:00" testType="13cdc9d9-ddb5-4fa4-a97d-d965ccfc6d4b" outcome="Passed" testListId="8c84fa94-04c1-424b-9868-57a2d4851a1d" relativeResultsDirectory="0416eb6f-1f6e-409b-af51-ae3e1b682e7b" />
    <UnitTestResult executionId="f69f3796-d2e4-482b-b472-7185a57723eb" testId="b9878824-b6c4-b178-20aa-cd5548acc282" testName="ModernizerPathResolverTests.TryResolveOrCopyModernPath_maps_single_legacy_schacht_file_to_modern_relative_path" computerName="PCW11X01" duration="00:00:00.0023209" startTime="2026-09-06T11:24:57.5349959+02:00" endTime="2026-09-06T11:24:57.5349960+02:00" testType="13cdc9d9-ddb5-4fa4-a97d-d965ccfc6d4b" outcome="Passed" testListId="8c84fa94-04c1-424b-9868-57a2d4851a1d" relativeResultsDirectory="f69f3796-d2e4-482b-b472-7185a57723eb" />
    <UnitTestResult executionId="99991866-7d35-4d5d-81df-f7af0c177a4f" testId="9e9b4913-f200-49db-c925-bcb889ba2ce4" testName="ModernizedProjectSaverTests.SaveWritesCanonicalProjectPointerAndReport" computerName="PCW11X01" duration="00:00:00.4490877" startTime="2026-09-06T11:24:57.5793086+02:00" endTime="2026-09-06T11:24:57.5793087+02:00" testType="13cdc9d9-ddb5-4fa4-a97d-d965ccfc6d4b" outcome="Passed" testListId="8c84fa94-04c1-424b-9868-57a2d4851a1d" relativeResultsDirectory="99991866-7d35-4d5d-81df-f7af0c177a4f" />
    <UnitTestResult executionId="ad8cc87a-d5e7-4a9b-83e8-8cc49cc8f7a1" testId="13d23377-5096-2b4e-db27-d39ad9b9e115" testName="ModernizerRecordFieldUpdaterTests.ForceSetUsesRecordSetterAndUpdatesMetadata" computerName="PCW11X01" duration="00:00:00.3832661" startTime="2026-09-06T11:24:57.5182106+02:00" endTime="2026-09-06T11:24:57.5182106+02:00" testType="13cdc9d9-ddb5-4fa4-a97d-d965ccfc6d4b" outcome="Passed" testListId="8c84fa94-04c1-424b-9868-57a2d4851a1d" relativeResultsDirectory="ad8cc87a-d5e7-4a9b-83e8-8cc49cc8f7a1" />
    <UnitTestResult executionId="534428ca-b001-4edc-a633-22723146c66d" testId="05e826ca-a97e-30e8-e0e7-483728b1a6ff" testName="ModernizerStructureFileMoverTests.MoveOrCopyStructureFileCopiesExternalSource" computerName="PCW11X01" duration="00:00:00.0030533" startTime="2026-09-06T11:24:57.5336762+02:00" endTime="2026-09-06T11:24:57.5336763+02:00" testType="13cdc9d9-ddb5-4fa4-a97d-d965ccfc6d4b" outcome="Passed" testListId="8c84fa94-04c1-424b-9868-57a2d4851a1d" relativeResultsDirectory="534428ca-b001-4edc-a633-22723146c66d" />
    <UnitTestResult executionId="393ecc47-3784-432b-8db4-011f284688a4" testId="d38a9d20-bb58-fa31-15b2-38fd80ebe45c" testName="ProtocolSnapshotLinkSanitizerTests.SanitizeProtocolChangeSnapshots_covers_after_original_and_history" computerName="PCW11X01" duration="00:00:00.3961989" startTime="2026-09-06T11:24:57.5277439+02:00" endTime="2026-09-06T11:24:57.5277440+02:00" testType="13cdc9d9-ddb5-4fa4-a97d-d965ccfc6d4b" outcome="Passed" testListId="8c84fa94-04c1-424b-9868-57a2d4851a1d" relativeResultsDirectory="393ecc47-3784-432b-8db4-011f284688a4" />
    <UnitTestResult executionId="64857bb6-41a5-467b-99ea-58721993bb07" testId="04bbe86b-add5-4ab3-0fff-091a6d7a3ee3" testName="ModernizerRecordFieldSpecsTests.HaltungPathFieldsKeepExpectedOrderAndListMarker" computerName="PCW11X01" duration="00:00:00.0021984" startTime="2026-09-06T11:24:57.5274683+02:00" endTime="2026-09-06T11:24:57.5274684+02:00" testType="13cdc9d9-ddb5-4fa4-a97d-d965ccfc6d4b" outcome="Passed" testListId="8c84fa94-04c1-424b-9868-57a2d4851a1d" relativeResultsDirectory="64857bb6-41a5-467b-99ea-58721993bb07" />
    <UnitTestResult executionId="2a48b2da-0aa2-49df-8a63-c92a4f8f16f7" testId="5a6efccd-0f52-2a99-1491-b74c42c92aa6" testName="ProtocolSnapshotLinkSanitizerTests.SanitizeProtocolChangeSnapshots_keeps_snapshot_unchanged_in_dry_run" computerName="PCW11X01" duration="00:00:00.0016059" startTime="2026-09-06T11:24:57.5280125+02:00" endTime="2026-09-06T11:24:57.5280127+02:00" testType="13cdc9d9-ddb5-4fa4-a97d-d965ccfc6d4b" outcome="Passed" testListId="8c84fa94-04c1-424b-9868-57a2d4851a1d" relativeResultsDirectory="2a48b2da-0aa2-49df-8a63-c92a4f8f16f7" />
    <UnitTestResult executionId="1d7375d4-e14a-4879-9c51-3c40b9c0505c" testId="1b9e4a27-1f77-904b-74a5-ff7ee0974811" testName="ModernizerRecordFieldSpecsTests.SchachtPathFieldsKeepExpectedOrder" computerName="PCW11X01" duration="00:00:00.0002574" startTime="2026-09-06T11:24:57.5274094+02:00" endTime="2026-09-06T11:24:57.5274095+02:00" testType="13cdc9d9-ddb5-4fa4-a97d-d965ccfc6d4b" outcome="Passed" testListId="8c84fa94-04c1-424b-9868-57a2d4851a1d" relativeResultsDirectory="1d7375d4-e14a-4879-9c51-3c40b9c0505c" />
    <UnitTestResult executionId="c36c84be-a870-43f2-9f12-752718abb2e8" testId="fa1555b3-8447-9bf6-6c5f-687c6e71d91c" testName="ModernizerRelinkerTests.RelinkHaltungenCopiesSingleSourceVideoWhenHoldingHasNoVideo" computerName="PCW11X01" duration="00:00:00.0048275" startTime="2026-09-06T11:24:57.5279067+02:00" endTime="2026-09-06T11:24:57.5279067+02:00" testType="13cdc9d9-ddb5-4fa4-a97d-d965ccfc6d4b" outcome="Passed" testListId="8c84fa94-04c1-424b-9868-57a2d4851a1d" relativeResultsDirectory="c36c84be-a870-43f2-9f12-752718abb2e8" />
    <UnitTestResult executionId="ec9b2081-4d9f-4c8c-983c-b27471e9df23" testId="d5e672d8-79a4-5cfb-71f2-5d6c4b582543" testName="ModernizerRelinkerTests.RelinkSchaechteCopiesProtocolPhotosAsSchachtFiles" computerName="PCW11X01" duration="00:00:00.0049840" startTime="2026-09-06T11:24:57.5340679+02:00" endTime="2026-09-06T11:24:57.5340680+02:00" testType="13cdc9d9-ddb5-4fa4-a97d-d965ccfc6d4b" outcome="Passed" testListId="8c84fa94-04c1-424b-9868-57a2d4851a1d" relativeResultsDirectory="ec9b2081-4d9f-4c8c-983c-b27471e9df23" />
    <UnitTestResult executionId="49499b04-756d-400c-a729-e5c078cf3501" testId="7d0da1d1-aabf-0bad-94bd-5cb37496471d" testName="ModernizerWorkflowTests.RunCreatesCurrentFoldersBackupAndCopiesLegacySchachtTree" computerName="PCW11X01" duration="00:00:00.0162815" startTime="2026-09-06T11:24:57.5337335+02:00" endTime="2026-09-06T11:24:57.5337335+02:00" testType="13cdc9d9-ddb5-4fa4-a97d-d965ccfc6d4b" outcome="Passed" testListId="8c84fa94-04c1-424b-9868-57a2d4851a1d" relativeResultsDirectory="49499b04-756d-400c-a729-e5c078cf3501" />
    <UnitTestResult executionId="1de35756-a0b3-4aee-ae8d-a1962c36374d" testId="f22c1a5f-ab8d-179e-004b-9533a1b8e160" testName="ModernizerRecordFieldUpdaterTests.ForceSetDoesNotOverwriteUserEditedField" computerName="PCW11X01" duration="00:00:00.0022573" startTime="2026-09-06T11:24:57.5260188+02:00" endTime="2026-09-06T11:24:57.5260189+02:00" testType="13cdc9d9-ddb5-4fa4-a97d-d965ccfc6d4b" outcome="Passed" testListId="8c84fa94-04c1-424b-9868-57a2d4851a1d" relativeResultsDirectory="1de35756-a0b3-4aee-ae8d-a1962c36374d" />
    <UnitTestResult executionId="a4c2b171-a509-43b6-b09a-37759d05b609" testId="916fd0ea-a684-f54c-5df1-93f5d22e678b" testName="ModernizerSourceIndexBuilderTests.BuildSourceVideoIndexUsesHoldingNameBeforeFirstUnderscore" computerName="PCW11X01" duration="00:00:00.0042394" startTime="2026-09-06T11:24:57.5276797+02:00" endTime="2026-09-06T11:24:57.5276797+02:00" testType="13cdc9d9-ddb5-4fa4-a97d-d965ccfc6d4b" outcome="Passed" testListId="8c84fa94-04c1-424b-9868-57a2d4851a1d" relativeResultsDirectory="a4c2b171-a509-43b6-b09a-37759d05b609" />
    <UnitTestResult executionId="11d201f9-6836-47e8-9af4-5a974d9547c7" testId="0f6211f3-4f66-da6d-37f2-67fa08d10e9b" testName="ProjectModernizerExitCodeResolverTests.ResolveReturnsUnresolvedPathsWhenOnlyPathsAreMissing" computerName="PCW11X01" duration="00:00:00.0001303" startTime="2026-09-06T11:24:57.5194243+02:00" endTime="2026-09-06T11:24:57.5194243+02:00" testType="13cdc9d9-ddb5-4fa4-a97d-d965ccfc6d4b" outcome="Passed" testListId="8c84fa94-04c1-424b-9868-57a2d4851a1d" relativeResultsDirectory="11d201f9-6836-47e8-9af4-5a974d9547c7" />
    <UnitTestResult executionId="a0afdecd-881d-40e7-a32d-a9adce10d537" testId="9e0017be-73b7-2db5-dbe4-c179475c57d6" testName="ExternalProjectLinkSanitizerTests.SanitizeMetadataLinks_removes_missing_external_logo" computerName="PCW11X01" duration="00:00:00.3846511" startTime="2026-09-06T11:24:57.5193860+02:00" endTime="2026-09-06T11:24:57.5193861+02:00" testType="13cdc9d9-ddb5-4fa4-a97d-d965ccfc6d4b" outcome="Passed" testListId="8c84fa94-04c1-424b-9868-57a2d4851a1d" relativeResultsDirectory="a0afdecd-881d-40e7-a32d-a9adce10d537" />
    <UnitTestResult executionId="ecb20701-cdcc-49f9-85b1-14fd9e73721c" testId="25175517-6e95-5cd6-bb3e-a57fb646ea94" testName="ModernizerSourceIndexBuilderTests.BuildExternalFileIndexIncludesKnownMediaAndPdfFromSourceAndImports" computerName="PCW11X01" duration="00:00:00.3888068" startTime="2026-09-06T11:24:57.5270950+02:00" endTime="2026-09-06T11:24:57.5270951+02:00" testType="13cdc9d9-ddb5-4fa4-a97d-d965ccfc6d4b" outcome="Passed" testListId="8c84fa94-04c1-424b-9868-57a2d4851a1d" relativeResultsDirectory="ecb20701-cdcc-49f9-85b1-14fd9e73721c" />
    <UnitTestResult executionId="33f9b431-61f0-4d6f-9f54-ffc367665a88" testId="5d156b69-6779-16a2-221c-e40f4a988a59" testName="ModernizerStructureFilesTests.BuildFlatLooseTarget_detects_dp_eigen_and_secondary_video_names" computerName="PCW11X01" duration="00:00:00.3848644" startTime="2026-09-06T11:24:57.5194516+02:00" endTime="2026-09-06T11:24:57.5194516+02:00" testType="13cdc9d9-ddb5-4fa4-a97d-d965ccfc6d4b" outcome="Passed" testListId="8c84fa94-04c1-424b-9868-57a2d4851a1d" relativeResultsDirectory="33f9b431-61f0-4d6f-9f54-ffc367665a88" />
    <UnitTestResult executionId="cb24906d-dd3e-4235-9c87-049eab633009" testId="4b919e5d-2608-5a2f-d948-e9d87d1a4c79" testName="ProjectModernizerExitCodeResolverTests.ResolveReturnsCopyErrorsBeforeUnresolvedPaths" computerName="PCW11X01" duration="00:00:00.0002009" startTime="2026-09-06T11:24:57.5190402+02:00" endTime="2026-09-06T11:24:57.5190403+02:00" testType="13cdc9d9-ddb5-4fa4-a97d-d965ccfc6d4b" outcome="Passed" testListId="8c84fa94-04c1-424b-9868-57a2d4851a1d" relativeResultsDirectory="cb24906d-dd3e-4235-9c87-049eab633009" />
    <UnitTestResult executionId="cb2f5175-0221-442b-9ddd-1690c354a44f" testId="a7fafdea-a334-e312-51f9-c60dc8dfcd9f" testName="ModernizerStructureFileResolverTests.ResolveExistingFileResolvesAbsolutePathWhenTypeMatches" computerName="PCW11X01" duration="00:00:00.0025262" startTime="2026-09-06T11:24:57.5276669+02:00" endTime="2026-09-06T11:24:57.5276669+02:00" testType="13cdc9d9-ddb5-4fa4-a97d-d965ccfc6d4b" outcome="Passed" testListId="8c84fa94-04c1-424b-9868-57a2d4851a1d" relativeResultsDirectory="cb2f5175-0221-442b-9ddd-1690c354a44f" />
    <UnitTestResult executionId="bc96d3fb-b0fd-49bd-9124-4034c68f5a1c" testId="7d6eedd4-a304-541d-bfe1-d142cc59c3fc" testName="ProjectModernizerRunnerTests.RunDryRunLoadsProjectButDoesNotCreateModernFolders" computerName="PCW11X01" duration="00:00:00.0068764" startTime="2026-09-06T11:24:57.5978249+02:00" endTime="2026-09-06T11:24:57.5978250+02:00" testType="13cdc9d9-ddb5-4fa4-a97d-d965ccfc6d4b" outcome="Passed" testListId="8c84fa94-04c1-424b-9868-57a2d4851a1d" relativeResultsDirectory="bc96d3fb-b0fd-49bd-9124-4034c68f5a1c" />
    <UnitTestResult executionId="54f624b5-95e6-4fde-bc68-1d9fed9ea0f0" testId="2568984e-a5db-ce0a-19db-cf9dcad08faf" testName="ModernizerFieldFlattenerTests.FlattenRecordField_copies_nested_video_to_flat_holding_root_and_updates_link" computerName="PCW11X01" duration="00:00:00.0037482" startTime="2026-09-06T11:24:57.5296158+02:00" endTime="2026-09-06T11:24:57.5296159+02:00" testType="13cdc9d9-ddb5-4fa4-a97d-d965ccfc6d4b" outcome="Passed" testListId="8c84fa94-04c1-424b-9868-57a2d4851a1d" relativeResultsDirectory="54f624b5-95e6-4fde-bc68-1d9fed9ea0f0" />
    <UnitTestResult executionId="dfb439bb-6f88-4d6c-91ed-9143fb31f435" testId="1f322746-cca1-3817-d326-ab6ccd2ffe60" testName="ModernizerStructureFilesTests.BuildFlatFieldTarget_keeps_expected_suffixes" computerName="PCW11X01" duration="00:00:00.0002299" startTime="2026-09-06T11:24:57.5259200+02:00" endTime="2026-09-06T11:24:57.5259201+02:00" testType="13cdc9d9-ddb5-4fa4-a97d-d965ccfc6d4b" outcome="Passed" testListId="8c84fa94-04c1-424b-9868-57a2d4851a1d" relativeResultsDirectory="dfb439bb-6f88-4d6c-91ed-9143fb31f435" />
    <UnitTestResult executionId="bef58fdb-c6d5-4504-a34c-0eceb525b567" testId="fde3173e-278d-412d-ec30-29558122abe1" testName="ModernizerStructureFileMoverTests.MoveOrCopyStructureFileUsesCollisionPathForSameSizedDifferentContent" computerName="PCW11X01" duration="00:00:00.3957922" startTime="2026-09-06T11:24:57.5277285+02:00" endTime="2026-09-06T11:24:57.5277285+02:00" testType="13cdc9d9-ddb5-4fa4-a97d-d965ccfc6d4b" outcome="Passed" testListId="8c84fa94-04c1-424b-9868-57a2d4851a1d" relativeResultsDirectory="bef58fdb-c6d5-4504-a34c-0eceb525b567" />
  </Results>
  <TestDefinitions>
    <UnitTest name="ExternalProjectLinkSanitizerTests.SanitizeMetadataLinks_removes_missing_external_logo" storage="c:\sewer-studio_ki_4.5\.tmp\paket1-2026-09-06\artifacts\bin\projectmodernizer.tests\release\projectmodernizer.tests.dll" id="9e0017be-73b7-2db5-dbe4-c179475c57d6">
      <Execution id="a0afdecd-881d-40e7-a32d-a9adce10d537" />
      <TestMethod codeBase="C:\Sewer-Studio_KI_4.5\.tmp\paket1-2026-09-06\artifacts\bin\ProjectModernizer.Tests\release\ProjectModernizer.Tests.dll" adapterTypeName="executor://xunit/VsTestRunner2/netcoreapp" className="ExternalProjectLinkSanitizerTests" name="SanitizeMetadataLinks_removes_missing_external_logo" />
    </UnitTest>
    <UnitTest name="ModernizerRecordFieldUpdaterTests.ForceSetDoesNotOverwriteUserEditedField" storage="c:\sewer-studio_ki_4.5\.tmp\paket1-2026-09-06\artifacts\bin\projectmodernizer.tests\release\projectmodernizer.tests.dll" id="f22c1a5f-ab8d-179e-004b-9533a1b8e160">
      <Execution id="1de35756-a0b3-4aee-ae8d-a1962c36374d" />
      <TestMethod codeBase="C:\Sewer-Studio_KI_4.5\.tmp\paket1-2026-09-06\artifacts\bin\ProjectModernizer.Tests\release\ProjectModernizer.Tests.dll" adapterTypeName="executor://xunit/VsTestRunner2/netcoreapp" className="ModernizerRecordFieldUpdaterTests" name="ForceSetDoesNotOverwriteUserEditedField" />
    </UnitTest>
    <UnitTest name="ModernizerRecordFieldSpecsTests.SchachtPathFieldsKeepExpectedOrder" storage="c:\sewer-studio_ki_4.5\.tmp\paket1-2026-09-06\artifacts\bin\projectmodernizer.tests\release\projectmodernizer.tests.dll" id="1b9e4a27-1f77-904b-74a5-ff7ee0974811">
      <Execution id="1d7375d4-e14a-4879-9c51-3c40b9c0505c" />
      <TestMethod codeBase="C:\Sewer-Studio_KI_4.5\.tmp\paket1-2026-09-06\artifacts\bin\ProjectModernizer.Tests\release\ProjectModernizer.Tests.dll" adapterTypeName="executor://xunit/VsTestRunner2/netcoreapp" className="ModernizerRecordFieldSpecsTests" name="SchachtPathFieldsKeepExpectedOrder" />
    </UnitTest>
    <UnitTest name="ModernizerRecordFieldUpdaterTests.ForceSetUsesRecordSetterAndUpdatesMetadata" storage="c:\sewer-studio_ki_4.5\.tmp\paket1-2026-09-06\artifacts\bin\projectmodernizer.tests\release\projectmodernizer.tests.dll" id="13d23377-5096-2b4e-db27-d39ad9b9e115">
      <Execution id="ad8cc87a-d5e7-4a9b-83e8-8cc49cc8f7a1" />
      <TestMethod codeBase="C:\Sewer-Studio_KI_4.5\.tmp\paket1-2026-09-06\artifacts\bin\ProjectModernizer.Tests\release\ProjectModernizer.Tests.dll" adapterTypeName="executor://xunit/VsTestRunner2/netcoreapp" className="ModernizerRecordFieldUpdaterTests" name="ForceSetUsesRecordSetterAndUpdatesMetadata" />
    </UnitTest>
    <UnitTest name="ModernizerStructureFileMoverTests.MoveOrCopyStructureFileReusesIdenticalTargetWithoutDeletingSource" storage="c:\sewer-studio_ki_4.5\.tmp\paket1-2026-09-06\artifacts\bin\projectmodernizer.tests\release\projectmodernizer.tests.dll" id="206ef65d-41d3-3cd2-8302-b83115b3630f">
      <Execution id="309536c8-78c8-40f3-aa6c-5076a1fc743d" />
      <TestMethod codeBase="C:\Sewer-Studio_KI_4.5\.tmp\paket1-2026-09-06\artifacts\bin\ProjectModernizer.Tests\release\ProjectModernizer.Tests.dll" adapterTypeName="executor://xunit/VsTestRunner2/netcoreapp" className="ModernizerStructureFileMoverTests" name="MoveOrCopyStructureFileReusesIdenticalTargetWithoutDeletingSource" />
    </UnitTest>
    <UnitTest name="ExternalPathDetectorTests.IsExternalAbsolutePathIgnoresRelativeAndProjectInternalPaths" storage="c:\sewer-studio_ki_4.5\.tmp\paket1-2026-09-06\artifacts\bin\projectmodernizer.tests\release\projectmodernizer.tests.dll" id="c0cbe092-781d-277d-d795-6a4338a55533">
      <Execution id="cf90b137-2eae-4acd-bb9c-d5666bd10e81" />
      <TestMethod codeBase="C:\Sewer-Studio_KI_4.5\.tmp\paket1-2026-09-06\artifacts\bin\ProjectModernizer.Tests\release\ProjectModernizer.Tests.dll" adapterTypeName="executor://xunit/VsTestRunner2/netcoreapp" className="ExternalPathDetectorTests" name="IsExternalAbsolutePathIgnoresRelativeAndProjectInternalPaths" />
    </UnitTest>
    <UnitTest name="ModernizerRelinkerTests.RelinkHaltungenCopiesSingleSourceVideoWhenHoldingHasNoVideo" storage="c:\sewer-studio_ki_4.5\.tmp\paket1-2026-09-06\artifacts\bin\projectmodernizer.tests\release\projectmodernizer.tests.dll" id="fa1555b3-8447-9bf6-6c5f-687c6e71d91c">
      <Execution id="c36c84be-a870-43f2-9f12-752718abb2e8" />
      <TestMethod codeBase="C:\Sewer-Studio_KI_4.5\.tmp\paket1-2026-09-06\artifacts\bin\ProjectModernizer.Tests\release\ProjectModernizer.Tests.dll" adapterTypeName="executor://xunit/VsTestRunner2/netcoreapp" className="ModernizerRelinkerTests" name="RelinkHaltungenCopiesSingleSourceVideoWhenHoldingHasNoVideo" />
    </UnitTest>
    <UnitTest name="ExternalProjectLinkSanitizerTests.SanitizeMetadataLinks_copies_existing_external_logo_into_project" storage="c:\sewer-studio_ki_4.5\.tmp\paket1-2026-09-06\artifacts\bin\projectmodernizer.tests\release\projectmodernizer.tests.dll" id="454e623c-7127-f01e-72d2-a068c853adfb">
      <Execution id="089b3019-e9b8-4b42-b98a-11f60f68a21a" />
      <TestMethod codeBase="C:\Sewer-Studio_KI_4.5\.tmp\paket1-2026-09-06\artifacts\bin\ProjectModernizer.Tests\release\ProjectModernizer.Tests.dll" adapterTypeName="executor://xunit/VsTestRunner2/netcoreapp" className="ExternalProjectLinkSanitizerTests" name="SanitizeMetadataLinks_copies_existing_external_logo_into_project" />
    </UnitTest>
    <UnitTest name="ModernizerPathResolverTests.TryResolveOrCopyModernPath_maps_single_legacy_file_to_modern_relative_path" storage="c:\sewer-studio_ki_4.5\.tmp\paket1-2026-09-06\artifacts\bin\projectmodernizer.tests\release\projectmodernizer.tests.dll" id="2f76bb69-d742-4888-d5e6-67d27a2c0707">
      <Execution id="eb5c8a69-dd6c-4b7a-aef8-38089534993e" />
      <TestMethod codeBase="C:\Sewer-Studio_KI_4.5\.tmp\paket1-2026-09-06\artifacts\bin\ProjectModernizer.Tests\release\ProjectModernizer.Tests.dll" adapterTypeName="executor://xunit/VsTestRunner2/netcoreapp" className="ModernizerPathResolverTests" name="TryResolveOrCopyModernPath_maps_single_legacy_file_to_modern_relative_path" />
    </UnitTest>
    <UnitTest name="ModernizerPathResolverTests.TryResolveOrCopyModernPath_maps_single_legacy_schacht_file_to_modern_relative_path" storage="c:\sewer-studio_ki_4.5\.tmp\paket1-2026-09-06\artifacts\bin\projectmodernizer.tests\release\projectmodernizer.tests.dll" id="b9878824-b6c4-b178-20aa-cd5548acc282">
      <Execution id="f69f3796-d2e4-482b-b472-7185a57723eb" />
      <TestMethod codeBase="C:\Sewer-Studio_KI_4.5\.tmp\paket1-2026-09-06\artifacts\bin\ProjectModernizer.Tests\release\ProjectModernizer.Tests.dll" adapterTypeName="executor://xunit/VsTestRunner2/netcoreapp" className="ModernizerPathResolverTests" name="TryResolveOrCopyModernPath_maps_single_legacy_schacht_file_to_modern_relative_path" />
    </UnitTest>
    <UnitTest name="ModernizedProjectSaverTests.SaveDoesNotOverwriteProjectFileOutsideProjectFolder" storage="c:\sewer-studio_ki_4.5\.tmp\paket1-2026-09-06\artifacts\bin\projectmodernizer.tests\release\projectmodernizer.tests.dll" id="e1efcb53-2b84-5d26-c7ce-6107f43c4ddb">
      <Execution id="17ebcd18-6518-4fc4-8527-5958554bfc85" />
      <TestMethod codeBase="C:\Sewer-Studio_KI_4.5\.tmp\paket1-2026-09-06\artifacts\bin\ProjectModernizer.Tests\release\ProjectModernizer.Tests.dll" adapterTypeName="executor://xunit/VsTestRunner2/netcoreapp" className="ModernizedProjectSaverTests" name="SaveDoesNotOverwriteProjectFileOutsideProjectFolder" />
    </UnitTest>
    <UnitTest name="ModernizerWorkflowTests.RunCopiesPlanFilesFromUmlautPlanFolder" storage="c:\sewer-studio_ki_4.5\.tmp\paket1-2026-09-06\artifacts\bin\projectmodernizer.tests\release\projectmodernizer.tests.dll" id="db5a1f9e-f932-bfbd-a8d5-396e86d4e482">
      <Execution id="e5dd4839-2d3b-4e1a-8d38-d2a548c653ab" />
      <TestMethod codeBase="C:\Sewer-Studio_KI_4.5\.tmp\paket1-2026-09-06\artifacts\bin\ProjectModernizer.Tests\release\ProjectModernizer.Tests.dll" adapterTypeName="executor://xunit/VsTestRunner2/netcoreapp" className="ModernizerWorkflowTests" name="RunCopiesPlanFilesFromUmlautPlanFolder" />
    </UnitTest>
    <UnitTest name="ModernizerStructureFilesTests.BuildFlatLooseTarget_detects_dp_eigen_and_secondary_video_names" storage="c:\sewer-studio_ki_4.5\.tmp\paket1-2026-09-06\artifacts\bin\projectmodernizer.tests\release\projectmodernizer.tests.dll" id="5d156b69-6779-16a2-221c-e40f4a988a59">
      <Execution id="33f9b431-61f0-4d6f-9f54-ffc367665a88" />
      <TestMethod codeBase="C:\Sewer-Studio_KI_4.5\.tmp\paket1-2026-09-06\artifacts\bin\ProjectModernizer.Tests\release\ProjectModernizer.Tests.dll" adapterTypeName="executor://xunit/VsTestRunner2/netcoreapp" className="ModernizerStructureFilesTests" name="BuildFlatLooseTarget_detects_dp_eigen_and_secondary_video_names" />
    </UnitTest>
    <UnitTest name="ProjectModernizerExitCodeResolverTests.ResolveReturnsCopyErrorsBeforeUnresolvedPaths" storage="c:\sewer-studio_ki_4.5\.tmp\paket1-2026-09-06\artifacts\bin\projectmodernizer.tests\release\projectmodernizer.tests.dll" id="4b919e5d-2608-5a2f-d948-e9d87d1a4c79">
      <Execution id="cb24906d-dd3e-4235-9c87-049eab633009" />
      <TestMethod codeBase="C:\Sewer-Studio_KI_4.5\.tmp\paket1-2026-09-06\artifacts\bin\ProjectModernizer.Tests\release\ProjectModernizer.Tests.dll" adapterTypeName="executor://xunit/VsTestRunner2/netcoreapp" className="ProjectModernizerExitCodeResolverTests" name="ResolveReturnsCopyErrorsBeforeUnresolvedPaths" />
    </UnitTest>
    <UnitTest name="ModernizerRelinkerTests.RelinkHaltungenSkipsAmbiguousSourceVideos" storage="c:\sewer-studio_ki_4.5\.tmp\paket1-2026-09-06\artifacts\bin\projectmodernizer.tests\release\projectmodernizer.tests.dll" id="f8419893-4daa-7803-e380-a4740e33b2b2">
      <Execution id="e6613229-0735-4d1c-8288-5335dd9b0128" />
      <TestMethod codeBase="C:\Sewer-Studio_KI_4.5\.tmp\paket1-2026-09-06\artifacts\bin\ProjectModernizer.Tests\release\ProjectModernizer.Tests.dll" adapterTypeName="executor://xunit/VsTestRunner2/netcoreapp" className="ModernizerRelinkerTests" name="RelinkHaltungenSkipsAmbiguousSourceVideos" />
    </UnitTest>
    <UnitTest name="ModernizeOptionsTests.ParseRejectsUnknownOrIncompleteOption" storage="c:\sewer-studio_ki_4.5\.tmp\paket1-2026-09-06\artifacts\bin\projectmodernizer.tests\release\projectmodernizer.tests.dll" id="f84c7f00-ca41-a77a-113c-8b6b659d5e86">
      <Execution id="419fec46-3159-45bf-9186-78b3a39cb4f9" />
      <TestMethod codeBase="C:\Sewer-Studio_KI_4.5\.tmp\paket1-2026-09-06\artifacts\bin\ProjectModernizer.Tests\release\ProjectModernizer.Tests.dll" adapterTypeName="executor://xunit/VsTestRunner2/netcoreapp" className="ModernizeOptionsTests" name="ParseRejectsUnknownOrIncompleteOption" />
    </UnitTest>
    <UnitTest name="ProtocolSnapshotLinkSanitizerTests.SanitizeProtocolChangeSnapshots_replaces_multiple_external_photos_independently" storage="c:\sewer-studio_ki_4.5\.tmp\paket1-2026-09-06\artifacts\bin\projectmodernizer.tests\release\projectmodernizer.tests.dll" id="4c93b0ba-0ef1-73c3-2475-6de28de62b7e">
      <Execution id="8afb6136-19ba-451b-b49f-796ba7a95c04" />
      <TestMethod codeBase="C:\Sewer-Studio_KI_4.5\.tmp\paket1-2026-09-06\artifacts\bin\ProjectModernizer.Tests\release\ProjectModernizer.Tests.dll" adapterTypeName="executor://xunit/VsTestRunner2/netcoreapp" className="ProtocolSnapshotLinkSanitizerTests" name="SanitizeProtocolChangeSnapshots_replaces_multiple_external_photos_independently" />
    </UnitTest>
    <UnitTest name="ModernizerStructureFileResolverTests.ResolveExistingFileRejectsExistingFileWithWrongType" storage="c:\sewer-studio_ki_4.5\.tmp\paket1-2026-09-06\artifacts\bin\projectmodernizer.tests\release\projectmodernizer.tests.dll" id="7597430d-241f-2c19-d996-803303885f7c">
      <Execution id="1347548c-f757-4628-8afb-f58aa1e63402" />
      <TestMethod codeBase="C:\Sewer-Studio_KI_4.5\.tmp\paket1-2026-09-06\artifacts\bin\ProjectModernizer.Tests\release\ProjectModernizer.Tests.dll" adapterTypeName="executor://xunit/VsTestRunner2/netcoreapp" className="ModernizerStructureFileResolverTests" name="ResolveExistingFileRejectsExistingFileWithWrongType" />
    </UnitTest>
    <UnitTest name="ModernizerFileSystemTests.EmptyDirectoryCleanerKeepsDirectoryTreeWithFiles" storage="c:\sewer-studio_ki_4.5\.tmp\paket1-2026-09-06\artifacts\bin\projectmodernizer.tests\release\projectmodernizer.tests.dll" id="e4ada9eb-6550-a4d6-5ca8-38e25255b88c">
      <Execution id="d218cb0b-f843-4a0f-8010-ef45e7fedb3b" />
      <TestMethod codeBase="C:\Sewer-Studio_KI_4.5\.tmp\paket1-2026-09-06\artifacts\bin\ProjectModernizer.Tests\release\ProjectModernizer.Tests.dll" adapterTypeName="executor://xunit/VsTestRunner2/netcoreapp" className="ModernizerFileSystemTests" name="EmptyDirectoryCleanerKeepsDirectoryTreeWithFiles" />
    </UnitTest>
    <UnitTest name="ProjectModernizerRunnerTests.RunReturnsUsageCodeForInvalidArguments" storage="c:\sewer-studio_ki_4.5\.tmp\paket1-2026-09-06\artifacts\bin\projectmodernizer.tests\release\projectmodernizer.tests.dll" id="71c210d4-8887-7171-0319-e8b9f10240d9">
      <Execution id="5e9fe8da-d712-4088-bdda-d7574eac5f89" />
      <TestMethod codeBase="C:\Sewer-Studio_KI_4.5\.tmp\paket1-2026-09-06\artifacts\bin\ProjectModernizer.Tests\release\ProjectModernizer.Tests.dll" adapterTypeName="executor://xunit/VsTestRunner2/netcoreapp" className="ProjectModernizerRunnerTests" name="RunReturnsUsageCodeForInvalidArguments" />
    </UnitTest>
    <UnitTest name="ModernizerPathResolverTests.TryResolveOrCopyModernPath_resolves_existing_project_relative_modern_file" storage="c:\sewer-studio_ki_4.5\.tmp\paket1-2026-09-06\artifacts\bin\projectmodernizer.tests\release\projectmodernizer.tests.dll" id="103a49b3-b587-c7f3-e610-9a6953e8bb19">
      <Execution id="0416eb6f-1f6e-409b-af51-ae3e1b682e7b" />
      <TestMethod codeBase="C:\Sewer-Studio_KI_4.5\.tmp\paket1-2026-09-06\artifacts\bin\ProjectModernizer.Tests\release\ProjectModernizer.Tests.dll" adapterTypeName="executor://xunit/VsTestRunner2/netcoreapp" className="ModernizerPathResolverTests" name="TryResolveOrCopyModernPath_resolves_existing_project_relative_modern_file" />
    </UnitTest>
    <UnitTest name="ProtocolSnapshotLinkSanitizerTests.SanitizeProtocolChangeSnapshots_keeps_snapshot_unchanged_in_dry_run" storage="c:\sewer-studio_ki_4.5\.tmp\paket1-2026-09-06\artifacts\bin\projectmodernizer.tests\release\projectmodernizer.tests.dll" id="5a6efccd-0f52-2a99-1491-b74c42c92aa6">
      <Execution id="2a48b2da-0aa2-49df-8a63-c92a4f8f16f7" />
      <TestMethod codeBase="C:\Sewer-Studio_KI_4.5\.tmp\paket1-2026-09-06\artifacts\bin\ProjectModernizer.Tests\release\ProjectModernizer.Tests.dll" adapterTypeName="executor://xunit/VsTestRunner2/netcoreapp" className="ProtocolSnapshotLinkSanitizerTests" name="SanitizeProtocolChangeSnapshots_keeps_snapshot_unchanged_in_dry_run" />
    </UnitTest>
    <UnitTest name="ProtocolSnapshotLinkSanitizerTests.SanitizeProtocolChangeSnapshots_removes_external_photo_when_photo_is_not_in_project" storage="c:\sewer-studio_ki_4.5\.tmp\paket1-2026-09-06\artifacts\bin\projectmodernizer.tests\release\projectmodernizer.tests.dll" id="4a086579-aa2c-8fae-3df6-b9385fd2edfc">
      <Execution id="f20809fe-e5c2-4a9a-900f-8d17bd7dd8ee" />
      <TestMethod codeBase="C:\Sewer-Studio_KI_4.5\.tmp\paket1-2026-09-06\artifacts\bin\ProjectModernizer.Tests\release\ProjectModernizer.Tests.dll" adapterTypeName="executor://xunit/VsTestRunner2/netcoreapp" className="ProtocolSnapshotLinkSanitizerTests" name="SanitizeProtocolChangeSnapshots_removes_external_photo_when_photo_is_not_in_project" />
    </UnitTest>
    <UnitTest name="ModernizeOptionsTests.ParseRejectsMissingProjectFolder" storage="c:\sewer-studio_ki_4.5\.tmp\paket1-2026-09-06\artifacts\bin\projectmodernizer.tests\release\projectmodernizer.tests.dll" id="8c4f417f-dc9e-9c6e-ba75-c93398c430d2">
      <Execution id="582d817c-7b52-448f-9b59-b9e7753f3459" />
      <TestMethod codeBase="C:\Sewer-Studio_KI_4.5\.tmp\paket1-2026-09-06\artifacts\bin\ProjectModernizer.Tests\release\ProjectModernizer.Tests.dll" adapterTypeName="executor://xunit/VsTestRunner2/netcoreapp" className="ModernizeOptionsTests" name="ParseRejectsMissingProjectFolder" />
    </UnitTest>
    <UnitTest name="ModernizeOptionsTests.ParseRecognizesAllOptions" storage="c:\sewer-studio_ki_4.5\.tmp\paket1-2026-09-06\artifacts\bin\projectmodernizer.tests\release\projectmodernizer.tests.dll" id="e00db5da-6375-e6e1-bdf7-15eb51655166">
      <Execution id="1e3a3fcf-b9c5-47a0-8ddd-c16dc67c8f93" />
      <TestMethod codeBase="C:\Sewer-Studio_KI_4.5\.tmp\paket1-2026-09-06\artifacts\bin\ProjectModernizer.Tests\release\ProjectModernizer.Tests.dll" adapterTypeName="executor://xunit/VsTestRunner2/netcoreapp" className="ModernizeOptionsTests" name="ParseRecognizesAllOptions" />
    </UnitTest>
    <UnitTest name="ModernizerRecordFieldSpecsTests.HaltungPathFieldsKeepExpectedOrderAndListMarker" storage="c:\sewer-studio_ki_4.5\.tmp\paket1-2026-09-06\artifacts\bin\projectmodernizer.tests\release\projectmodernizer.tests.dll" id="04bbe86b-add5-4ab3-0fff-091a6d7a3ee3">
      <Execution id="64857bb6-41a5-467b-99ea-58721993bb07" />
      <TestMethod codeBase="C:\Sewer-Studio_KI_4.5\.tmp\paket1-2026-09-06\artifacts\bin\ProjectModernizer.Tests\release\ProjectModernizer.Tests.dll" adapterTypeName="executor://xunit/VsTestRunner2/netcoreapp" className="ModernizerRecordFieldSpecsTests" name="HaltungPathFieldsKeepExpectedOrderAndListMarker" />
    </UnitTest>
    <UnitTest name="ModernizerWorkflowTests.RunDryRunReportsIntentButDoesNotCreateFolders" storage="c:\sewer-studio_ki_4.5\.tmp\paket1-2026-09-06\artifacts\bin\projectmodernizer.tests\release\projectmodernizer.tests.dll" id="22708d88-bbbc-0f6a-c7e4-1a3ab2fd1a8e">
      <Execution id="df99fefd-40cc-4dd1-9714-acd0d3802fba" />
      <TestMethod codeBase="C:\Sewer-Studio_KI_4.5\.tmp\paket1-2026-09-06\artifacts\bin\ProjectModernizer.Tests\release\ProjectModernizer.Tests.dll" adapterTypeName="executor://xunit/VsTestRunner2/netcoreapp" className="ModernizerWorkflowTests" name="RunDryRunReportsIntentButDoesNotCreateFolders" />
    </UnitTest>
    <UnitTest name="ModernizerProjectLoaderTests.LoadUsesNewestRootJsonWhenNoCanonicalProjectFileExists" storage="c:\sewer-studio_ki_4.5\.tmp\paket1-2026-09-06\artifacts\bin\projectmodernizer.tests\release\projectmodernizer.tests.dll" id="c028bced-09c5-d091-3289-21540957dadc">
      <Execution id="94e5d262-83e2-4b90-b22c-994c4b164be8" />
      <TestMethod codeBase="C:\Sewer-Studio_KI_4.5\.tmp\paket1-2026-09-06\artifacts\bin\ProjectModernizer.Tests\release\ProjectModernizer.Tests.dll" adapterTypeName="executor://xunit/VsTestRunner2/netcoreapp" className="ModernizerProjectLoaderTests" name="LoadUsesNewestRootJsonWhenNoCanonicalProjectFileExists" />
    </UnitTest>
    <UnitTest name="ModernizerPathResolverTests.TryResolveOrCopyModernPath_copies_external_candidate_into_typed_subfolder" storage="c:\sewer-studio_ki_4.5\.tmp\paket1-2026-09-06\artifacts\bin\projectmodernizer.tests\release\projectmodernizer.tests.dll" id="4d2caeec-0f26-dd92-8954-83694238c980">
      <Execution id="6f72f0ff-500d-4077-a0d2-41cb1cc4c054" />
      <TestMethod codeBase="C:\Sewer-Studio_KI_4.5\.tmp\paket1-2026-09-06\artifacts\bin\ProjectModernizer.Tests\release\ProjectModernizer.Tests.dll" adapterTypeName="executor://xunit/VsTestRunner2/netcoreapp" className="ModernizerPathResolverTests" name="TryResolveOrCopyModernPath_copies_external_candidate_into_typed_subfolder" />
    </UnitTest>
    <UnitTest name="ProjectModernizerRunnerTests.RunDoesNotOverwriteProjectFileOutsideProjectFolder" storage="c:\sewer-studio_ki_4.5\.tmp\paket1-2026-09-06\artifacts\bin\projectmodernizer.tests\release\projectmodernizer.tests.dll" id="f1503eaa-1bb7-f2c1-a1be-4c1b1277e706">
      <Execution id="b0df9d81-fd06-4f75-a410-2f357c9307cf" />
      <TestMethod codeBase="C:\Sewer-Studio_KI_4.5\.tmp\paket1-2026-09-06\artifacts\bin\ProjectModernizer.Tests\release\ProjectModernizer.Tests.dll" adapterTypeName="executor://xunit/VsTestRunner2/netcoreapp" className="ProjectModernizerRunnerTests" name="RunDoesNotOverwriteProjectFileOutsideProjectFolder" />
    </UnitTest>
    <UnitTest name="ProjectModernizerRunnerTests.RunReturnsMissingProjectCodeWhenProjectFileCannotBeFound" storage="c:\sewer-studio_ki_4.5\.tmp\paket1-2026-09-06\artifacts\bin\projectmodernizer.tests\release\projectmodernizer.tests.dll" id="d72506da-597e-79d5-c236-f8306eb76aef">
      <Execution id="f6308614-076d-4c50-a9e4-a43b6b9b01ae" />
      <TestMethod codeBase="C:\Sewer-Studio_KI_4.5\.tmp\paket1-2026-09-06\artifacts\bin\ProjectModernizer.Tests\release\ProjectModernizer.Tests.dll" adapterTypeName="executor://xunit/VsTestRunner2/netcoreapp" className="ProjectModernizerRunnerTests" name="RunReturnsMissingProjectCodeWhenProjectFileCannotBeFound" />
    </UnitTest>
    <UnitTest name="ModernizerFlattenerTests.FlattenHaltungenVerteiltCopiesNestedFilesAndKeepsLegacySubfolders" storage="c:\sewer-studio_ki_4.5\.tmp\paket1-2026-09-06\artifacts\bin\projectmodernizer.tests\release\projectmodernizer.tests.dll" id="d377057b-3cd5-5957-67d7-1279da340035">
      <Execution id="f416a077-c0ae-4c26-9897-3cfa32051134" />
      <TestMethod codeBase="C:\Sewer-Studio_KI_4.5\.tmp\paket1-2026-09-06\artifacts\bin\ProjectModernizer.Tests\release\ProjectModernizer.Tests.dll" adapterTypeName="executor://xunit/VsTestRunner2/netcoreapp" className="ModernizerFlattenerTests" name="FlattenHaltungenVerteiltCopiesNestedFilesAndKeepsLegacySubfolders" />
    </UnitTest>
    <UnitTest name="ModernizerStructureFileResolverTests.ResolveExistingFileResolvesAbsolutePathWhenTypeMatches" storage="c:\sewer-studio_ki_4.5\.tmp\paket1-2026-09-06\artifacts\bin\projectmodernizer.tests\release\projectmodernizer.tests.dll" id="a7fafdea-a334-e312-51f9-c60dc8dfcd9f">
      <Execution id="cb2f5175-0221-442b-9ddd-1690c354a44f" />
      <TestMethod codeBase="C:\Sewer-Studio_KI_4.5\.tmp\paket1-2026-09-06\artifacts\bin\ProjectModernizer.Tests\release\ProjectModernizer.Tests.dll" adapterTypeName="executor://xunit/VsTestRunner2/netcoreapp" className="ModernizerStructureFileResolverTests" name="ResolveExistingFileResolvesAbsolutePathWhenTypeMatches" />
    </UnitTest>
    <UnitTest name="ModernizerProjectLoaderTests.LoadReturnsLoadFailedWhenProjectJsonIsInvalid" storage="c:\sewer-studio_ki_4.5\.tmp\paket1-2026-09-06\artifacts\bin\projectmodernizer.tests\release\projectmodernizer.tests.dll" id="fd9f201f-de69-d204-37b7-20d62d3ea126">
      <Execution id="d679afc2-0b65-4566-a75b-0883c3fce2c6" />
      <TestMethod codeBase="C:\Sewer-Studio_KI_4.5\.tmp\paket1-2026-09-06\artifacts\bin\ProjectModernizer.Tests\release\ProjectModernizer.Tests.dll" adapterTypeName="executor://xunit/VsTestRunner2/netcoreapp" className="ModernizerProjectLoaderTests" name="LoadReturnsLoadFailedWhenProjectJsonIsInvalid" />
    </UnitTest>
    <UnitTest name="ModernizerFieldFlattenerTests.FlattenRecordFieldList_preserves_unresolved_entries_and_reports_them" storage="c:\sewer-studio_ki_4.5\.tmp\paket1-2026-09-06\artifacts\bin\projectmodernizer.tests\release\projectmodernizer.tests.dll" id="6e9907f8-4660-0e7d-cf10-9ea3b377af5d">
      <Execution id="f95cfff5-25b4-42ad-8544-d09472148077" />
      <TestMethod codeBase="C:\Sewer-Studio_KI_4.5\.tmp\paket1-2026-09-06\artifacts\bin\ProjectModernizer.Tests\release\ProjectModernizer.Tests.dll" adapterTypeName="executor://xunit/VsTestRunner2/netcoreapp" className="ModernizerFieldFlattenerTests" name="FlattenRecordFieldList_preserves_unresolved_entries_and_reports_them" />
    </UnitTest>
    <UnitTest name="ModernizerStructureFileMoverTests.MoveOrCopyStructureFileUsesCollisionPathForSameSizedDifferentContent" storage="c:\sewer-studio_ki_4.5\.tmp\paket1-2026-09-06\artifacts\bin\projectmodernizer.tests\release\projectmodernizer.tests.dll" id="fde3173e-278d-412d-ec30-29558122abe1">
      <Execution id="bef58fdb-c6d5-4504-a34c-0eceb525b567" />
      <TestMethod codeBase="C:\Sewer-Studio_KI_4.5\.tmp\paket1-2026-09-06\artifacts\bin\ProjectModernizer.Tests\release\ProjectModernizer.Tests.dll" adapterTypeName="executor://xunit/VsTestRunner2/netcoreapp" className="ModernizerStructureFileMoverTests" name="MoveOrCopyStructureFileUsesCollisionPathForSameSizedDifferentContent" />
    </UnitTest>
    <UnitTest name="ModernizerFieldFlattenerTests.FlattenRecordField_keeps_direct_child_file_and_rewrites_absolute_path_to_relative" storage="c:\sewer-studio_ki_4.5\.tmp\paket1-2026-09-06\artifacts\bin\projectmodernizer.tests\release\projectmodernizer.tests.dll" id="db2814a4-b855-1fcc-fba9-44b7a83fafe2">
      <Execution id="7db42f29-3605-40a4-a9dc-200528b8be13" />
      <TestMethod codeBase="C:\Sewer-Studio_KI_4.5\.tmp\paket1-2026-09-06\artifacts\bin\ProjectModernizer.Tests\release\ProjectModernizer.Tests.dll" adapterTypeName="executor://xunit/VsTestRunner2/netcoreapp" className="ModernizerFieldFlattenerTests" name="FlattenRecordField_keeps_direct_child_file_and_rewrites_absolute_path_to_relative" />
    </UnitTest>
    <UnitTest name="ModernizerProjectLoaderTests.LoadReturnsMissingProjectFileWhenExplicitFileDoesNotExist" storage="c:\sewer-studio_ki_4.5\.tmp\paket1-2026-09-06\artifacts\bin\projectmodernizer.tests\release\projectmodernizer.tests.dll" id="de1905df-3093-2941-def5-fc257619a52b">
      <Execution id="30331048-7d94-40e2-a41e-b1eef8906786" />
      <TestMethod codeBase="C:\Sewer-Studio_KI_4.5\.tmp\paket1-2026-09-06\artifacts\bin\ProjectModernizer.Tests\release\ProjectModernizer.Tests.dll" adapterTypeName="executor://xunit/VsTestRunner2/netcoreapp" className="ModernizerProjectLoaderTests" name="LoadReturnsMissingProjectFileWhenExplicitFileDoesNotExist" />
    </UnitTest>
    <UnitTest name="ModernizerStructureFileMoverTests.MoveOrCopyStructureFileCopiesSourceInsideMoveRoot" storage="c:\sewer-studio_ki_4.5\.tmp\paket1-2026-09-06\artifacts\bin\projectmodernizer.tests\release\projectmodernizer.tests.dll" id="b9db6b6b-9b98-d809-8273-829ce2021da0">
      <Execution id="eed7da4b-e0d4-40f0-869f-51673c01dd21" />
      <TestMethod codeBase="C:\Sewer-Studio_KI_4.5\.tmp\paket1-2026-09-06\artifacts\bin\ProjectModernizer.Tests\release\ProjectModernizer.Tests.dll" adapterTypeName="executor://xunit/VsTestRunner2/netcoreapp" className="ModernizerStructureFileMoverTests" name="MoveOrCopyStructureFileCopiesSourceInsideMoveRoot" />
    </UnitTest>
    <UnitTest name="ProjectModernizerExitCodeResolverTests.ResolveReturnsUnresolvedPathsWhenOnlyPathsAreMissing" storage="c:\sewer-studio_ki_4.5\.tmp\paket1-2026-09-06\artifacts\bin\projectmodernizer.tests\release\projectmodernizer.tests.dll" id="0f6211f3-4f66-da6d-37f2-67fa08d10e9b">
      <Execution id="11d201f9-6836-47e8-9af4-5a974d9547c7" />
      <TestMethod codeBase="C:\Sewer-Studio_KI_4.5\.tmp\paket1-2026-09-06\artifacts\bin\ProjectModernizer.Tests\release\ProjectModernizer.Tests.dll" adapterTypeName="executor://xunit/VsTestRunner2/netcoreapp" className="ProjectModernizerExitCodeResolverTests" name="ResolveReturnsUnresolvedPathsWhenOnlyPathsAreMissing" />
    </UnitTest>
    <UnitTest name="ProtocolSnapshotLinkSanitizerTests.SanitizeProtocolChangeSnapshots_replaces_external_photo_with_central_relative_path" storage="c:\sewer-studio_ki_4.5\.tmp\paket1-2026-09-06\artifacts\bin\projectmodernizer.tests\release\projectmodernizer.tests.dll" id="18405b54-3912-ffc4-e684-6e9b0c0e4e09">
      <Execution id="af93ca6e-6423-4e97-80e5-1f9b65c20a35" />
      <TestMethod codeBase="C:\Sewer-Studio_KI_4.5\.tmp\paket1-2026-09-06\artifacts\bin\ProjectModernizer.Tests\release\ProjectModernizer.Tests.dll" adapterTypeName="executor://xunit/VsTestRunner2/netcoreapp" className="ProtocolSnapshotLinkSanitizerTests" name="SanitizeProtocolChangeSnapshots_replaces_external_photo_with_central_relative_path" />
    </UnitTest>
    <UnitTest name="ModernizerFileSystemTests.EmptyDirectoryCleanerDeletesNestedEmptyDirectoryTree" storage="c:\sewer-studio_ki_4.5\.tmp\paket1-2026-09-06\artifacts\bin\projectmodernizer.tests\release\projectmodernizer.tests.dll" id="cbeb0f96-8370-1afa-35e4-38d5621872ed">
      <Execution id="a987986f-4129-4c33-9c77-fe112d80c9a7" />
      <TestMethod codeBase="C:\Sewer-Studio_KI_4.5\.tmp\paket1-2026-09-06\artifacts\bin\ProjectModernizer.Tests\release\ProjectModernizer.Tests.dll" adapterTypeName="executor://xunit/VsTestRunner2/netcoreapp" className="ModernizerFileSystemTests" name="EmptyDirectoryCleanerDeletesNestedEmptyDirectoryTree" />
    </UnitTest>
    <UnitTest name="ModernizedProjectSaverTests.SaveWritesCanonicalProjectPointerAndReport" storage="c:\sewer-studio_ki_4.5\.tmp\paket1-2026-09-06\artifacts\bin\projectmodernizer.tests\release\projectmodernizer.tests.dll" id="9e9b4913-f200-49db-c925-bcb889ba2ce4">
      <Execution id="99991866-7d35-4d5d-81df-f7af0c177a4f" />
      <TestMethod codeBase="C:\Sewer-Studio_KI_4.5\.tmp\paket1-2026-09-06\artifacts\bin\ProjectModernizer.Tests\release\ProjectModernizer.Tests.dll" adapterTypeName="executor://xunit/VsTestRunner2/netcoreapp" className="ModernizedProjectSaverTests" name="SaveWritesCanonicalProjectPointerAndReport" />
    </UnitTest>
    <UnitTest name="ModernizerSourceIndexBuilderTests.BuildSourceVideoIndexUsesHoldingNameBeforeFirstUnderscore" storage="c:\sewer-studio_ki_4.5\.tmp\paket1-2026-09-06\artifacts\bin\projectmodernizer.tests\release\projectmodernizer.tests.dll" id="916fd0ea-a684-f54c-5df1-93f5d22e678b">
      <Execution id="a4c2b171-a509-43b6-b09a-37759d05b609" />
      <TestMethod codeBase="C:\Sewer-Studio_KI_4.5\.tmp\paket1-2026-09-06\artifacts\bin\ProjectModernizer.Tests\release\ProjectModernizer.Tests.dll" adapterTypeName="executor://xunit/VsTestRunner2/netcoreapp" className="ModernizerSourceIndexBuilderTests" name="BuildSourceVideoIndexUsesHoldingNameBeforeFirstUnderscore" />
    </UnitTest>
    <UnitTest name="ModernizerFileSystemTests.CopyFileExactUsesCollisionPathForSameSizedDifferentContent" storage="c:\sewer-studio_ki_4.5\.tmp\paket1-2026-09-06\artifacts\bin\projectmodernizer.tests\release\projectmodernizer.tests.dll" id="4b91f4c0-5b1c-519e-e215-f54273c036e0">
      <Execution id="286a250f-f159-436a-bab4-4df78b17fe31" />
      <TestMethod codeBase="C:\Sewer-Studio_KI_4.5\.tmp\paket1-2026-09-06\artifacts\bin\ProjectModernizer.Tests\release\ProjectModernizer.Tests.dll" adapterTypeName="executor://xunit/VsTestRunner2/netcoreapp" className="ModernizerFileSystemTests" name="CopyFileExactUsesCollisionPathForSameSizedDifferentContent" />
    </UnitTest>
    <UnitTest name="ModernizerRelinkerTests.RelinkSchaechteCopiesProtocolPhotosAsSchachtFiles" storage="c:\sewer-studio_ki_4.5\.tmp\paket1-2026-09-06\artifacts\bin\projectmodernizer.tests\release\projectmodernizer.tests.dll" id="d5e672d8-79a4-5cfb-71f2-5d6c4b582543">
      <Execution id="ec9b2081-4d9f-4c8c-983c-b27471e9df23" />
      <TestMethod codeBase="C:\Sewer-Studio_KI_4.5\.tmp\paket1-2026-09-06\artifacts\bin\ProjectModernizer.Tests\release\ProjectModernizer.Tests.dll" adapterTypeName="executor://xunit/VsTestRunner2/netcoreapp" className="ModernizerRelinkerTests" name="RelinkSchaechteCopiesProtocolPhotosAsSchachtFiles" />
    </UnitTest>
    <UnitTest name="ModernizerWorkflowTests.RunCreatesCurrentFoldersBackupAndCopiesLegacySchachtTree" storage="c:\sewer-studio_ki_4.5\.tmp\paket1-2026-09-06\artifacts\bin\projectmodernizer.tests\release\projectmodernizer.tests.dll" id="7d0da1d1-aabf-0bad-94bd-5cb37496471d">
      <Execution id="49499b04-756d-400c-a729-e5c078cf3501" />
      <TestMethod codeBase="C:\Sewer-Studio_KI_4.5\.tmp\paket1-2026-09-06\artifacts\bin\ProjectModernizer.Tests\release\ProjectModernizer.Tests.dll" adapterTypeName="executor://xunit/VsTestRunner2/netcoreapp" className="ModernizerWorkflowTests" name="RunCreatesCurrentFoldersBackupAndCopiesLegacySchachtTree" />
    </UnitTest>
    <UnitTest name="ProtocolSnapshotLinkSanitizerTests.SanitizeProtocolChangeSnapshots_covers_after_original_and_history" storage="c:\sewer-studio_ki_4.5\.tmp\paket1-2026-09-06\artifacts\bin\projectmodernizer.tests\release\projectmodernizer.tests.dll" id="d38a9d20-bb58-fa31-15b2-38fd80ebe45c">
      <Execution id="393ecc47-3784-432b-8db4-011f284688a4" />
      <TestMethod codeBase="C:\Sewer-Studio_KI_4.5\.tmp\paket1-2026-09-06\artifacts\bin\ProjectModernizer.Tests\release\ProjectModernizer.Tests.dll" adapterTypeName="executor://xunit/VsTestRunner2/netcoreapp" className="ProtocolSnapshotLinkSanitizerTests" name="SanitizeProtocolChangeSnapshots_covers_after_original_and_history" />
    </UnitTest>
    <UnitTest name="ExternalPathDetectorTests.ContainsExternalDrivePathDetectsOnlyPathsOutsideProjectFolder" storage="c:\sewer-studio_ki_4.5\.tmp\paket1-2026-09-06\artifacts\bin\projectmodernizer.tests\release\projectmodernizer.tests.dll" id="1634ba21-bbfc-3e33-cae0-03882d6970a0">
      <Execution id="3b33954a-6072-4135-a13d-92efae73cb09" />
      <TestMethod codeBase="C:\Sewer-Studio_KI_4.5\.tmp\paket1-2026-09-06\artifacts\bin\ProjectModernizer.Tests\release\ProjectModernizer.Tests.dll" adapterTypeName="executor://xunit/VsTestRunner2/netcoreapp" className="ExternalPathDetectorTests" name="ContainsExternalDrivePathDetectsOnlyPathsOutsideProjectFolder" />
    </UnitTest>
    <UnitTest name="ModernizerSourceIndexBuilderTests.BuildExternalFileIndexIncludesKnownMediaAndPdfFromSourceAndImports" storage="c:\sewer-studio_ki_4.5\.tmp\paket1-2026-09-06\artifacts\bin\projectmodernizer.tests\release\projectmodernizer.tests.dll" id="25175517-6e95-5cd6-bb3e-a57fb646ea94">
      <Execution id="ecb20701-cdcc-49f9-85b1-14fd9e73721c" />
      <TestMethod codeBase="C:\Sewer-Studio_KI_4.5\.tmp\paket1-2026-09-06\artifacts\bin\ProjectModernizer.Tests\release\ProjectModernizer.Tests.dll" adapterTypeName="executor://xunit/VsTestRunner2/netcoreapp" className="ModernizerSourceIndexBuilderTests" name="BuildExternalFileIndexIncludesKnownMediaAndPdfFromSourceAndImports" />
    </UnitTest>
    <UnitTest name="ModernizerRelinkerTests.RelinkHaltungenDryRunReportsSingleSourceVideoWithoutChangingRecord" storage="c:\sewer-studio_ki_4.5\.tmp\paket1-2026-09-06\artifacts\bin\projectmodernizer.tests\release\projectmodernizer.tests.dll" id="60a19c4f-d183-ad50-6e89-2c578ff263ba">
      <Execution id="ac044e99-81cf-4ffb-80fd-511578807fbb" />
      <TestMethod codeBase="C:\Sewer-Studio_KI_4.5\.tmp\paket1-2026-09-06\artifacts\bin\ProjectModernizer.Tests\release\ProjectModernizer.Tests.dll" adapterTypeName="executor://xunit/VsTestRunner2/netcoreapp" className="ModernizerRelinkerTests" name="RelinkHaltungenDryRunReportsSingleSourceVideoWithoutChangingRecord" />
    </UnitTest>
    <UnitTest name="ModernizerFileSystemTests.SameFileContentReturnsFalseForSameSizedDifferentContent" storage="c:\sewer-studio_ki_4.5\.tmp\paket1-2026-09-06\artifacts\bin\projectmodernizer.tests\release\projectmodernizer.tests.dll" id="e5d695b7-02b9-a7cc-9254-e928598fc813">
      <Execution id="72edac87-6b86-4a32-8983-b7e18ecf14ef" />
      <TestMethod codeBase="C:\Sewer-Studio_KI_4.5\.tmp\paket1-2026-09-06\artifacts\bin\ProjectModernizer.Tests\release\ProjectModernizer.Tests.dll" adapterTypeName="executor://xunit/VsTestRunner2/netcoreapp" className="ModernizerFileSystemTests" name="SameFileContentReturnsFalseForSameSizedDifferentContent" />
    </UnitTest>
    <UnitTest name="ModernizerRecordFieldSpecsTests.HaltungDateStampFieldsKeepExpectedFallbackOrder" storage="c:\sewer-studio_ki_4.5\.tmp\paket1-2026-09-06\artifacts\bin\projectmodernizer.tests\release\projectmodernizer.tests.dll" id="dffb1f4c-cd52-5566-f5a5-274be156b083">
      <Execution id="127ee673-9428-4f67-8ec6-a0a699c47291" />
      <TestMethod codeBase="C:\Sewer-Studio_KI_4.5\.tmp\paket1-2026-09-06\artifacts\bin\ProjectModernizer.Tests\release\ProjectModernizer.Tests.dll" adapterTypeName="executor://xunit/VsTestRunner2/netcoreapp" className="ModernizerRecordFieldSpecsTests" name="HaltungDateStampFieldsKeepExpectedFallbackOrder" />
    </UnitTest>
    <UnitTest name="ModernizerStructureFileResolverTests.ResolveExistingFileResolvesRelativeProjectPath" storage="c:\sewer-studio_ki_4.5\.tmp\paket1-2026-09-06\artifacts\bin\projectmodernizer.tests\release\projectmodernizer.tests.dll" id="5e32157e-4d7a-0137-446b-a84bbc1e7126">
      <Execution id="58205f5b-0c21-4534-a5fc-dcf559d45fb8" />
      <TestMethod codeBase="C:\Sewer-Studio_KI_4.5\.tmp\paket1-2026-09-06\artifacts\bin\ProjectModernizer.Tests\release\ProjectModernizer.Tests.dll" adapterTypeName="executor://xunit/VsTestRunner2/netcoreapp" className="ModernizerStructureFileResolverTests" name="ResolveExistingFileResolvesRelativeProjectPath" />
    </UnitTest>
    <UnitTest name="ProjectModernizerExitCodeResolverTests.ResolveReturnsSuccessWhenReportHasNoProblems" storage="c:\sewer-studio_ki_4.5\.tmp\paket1-2026-09-06\artifacts\bin\projectmodernizer.tests\release\projectmodernizer.tests.dll" id="251ae7d5-166b-5fc2-7594-c3742173354a">
      <Execution id="4d052aad-f27a-44e0-9cb8-baac2b6a9042" />
      <TestMethod codeBase="C:\Sewer-Studio_KI_4.5\.tmp\paket1-2026-09-06\artifacts\bin\ProjectModernizer.Tests\release\ProjectModernizer.Tests.dll" adapterTypeName="executor://xunit/VsTestRunner2/netcoreapp" className="ProjectModernizerExitCodeResolverTests" name="ResolveReturnsSuccessWhenReportHasNoProblems" />
    </UnitTest>
    <UnitTest name="ExternalProjectLinkSanitizerTests.SanitizeMetadataLinks_rewrites_external_import_metadata" storage="c:\sewer-studio_ki_4.5\.tmp\paket1-2026-09-06\artifacts\bin\projectmodernizer.tests\release\projectmodernizer.tests.dll" id="2047fbe1-1ed4-9f20-6ed2-659d4192622d">
      <Execution id="2c009d96-5a2a-4b75-be71-4e204b8efa0e" />
      <TestMethod codeBase="C:\Sewer-Studio_KI_4.5\.tmp\paket1-2026-09-06\artifacts\bin\ProjectModernizer.Tests\release\ProjectModernizer.Tests.dll" adapterTypeName="executor://xunit/VsTestRunner2/netcoreapp" className="ExternalProjectLinkSanitizerTests" name="SanitizeMetadataLinks_rewrites_external_import_metadata" />
    </UnitTest>
    <UnitTest name="ModernizerProjectLoaderTests.LoadBuildsRequestWithAbsolutePathsAndLoadedProject" storage="c:\sewer-studio_ki_4.5\.tmp\paket1-2026-09-06\artifacts\bin\projectmodernizer.tests\release\projectmodernizer.tests.dll" id="bcb1f118-5e72-9dab-617e-8d387778e0da">
      <Execution id="f263ad9d-a33b-41b2-9b93-594fb428da85" />
      <TestMethod codeBase="C:\Sewer-Studio_KI_4.5\.tmp\paket1-2026-09-06\artifacts\bin\ProjectModernizer.Tests\release\ProjectModernizer.Tests.dll" adapterTypeName="executor://xunit/VsTestRunner2/netcoreapp" className="ModernizerProjectLoaderTests" name="LoadBuildsRequestWithAbsolutePathsAndLoadedProject" />
    </UnitTest>
    <UnitTest name="ModernizerStructureFilesTests.BuildFlatFieldTarget_keeps_expected_suffixes" storage="c:\sewer-studio_ki_4.5\.tmp\paket1-2026-09-06\artifacts\bin\projectmodernizer.tests\release\projectmodernizer.tests.dll" id="1f322746-cca1-3817-d326-ab6ccd2ffe60">
      <Execution id="dfb439bb-6f88-4d6c-91ed-9143fb31f435" />
      <TestMethod codeBase="C:\Sewer-Studio_KI_4.5\.tmp\paket1-2026-09-06\artifacts\bin\ProjectModernizer.Tests\release\ProjectModernizer.Tests.dll" adapterTypeName="executor://xunit/VsTestRunner2/netcoreapp" className="ModernizerStructureFilesTests" name="BuildFlatFieldTarget_keeps_expected_suffixes" />
    </UnitTest>
    <UnitTest name="ModernizerRelinkerTests.RelinkHaltungenIgnoresNullVsaFindings" storage="c:\sewer-studio_ki_4.5\.tmp\paket1-2026-09-06\artifacts\bin\projectmodernizer.tests\release\projectmodernizer.tests.dll" id="9bd6e648-755e-063a-4c0c-ad0dbcf687d1">
      <Execution id="ccc47b89-785b-46e3-809b-922dc7206b57" />
      <TestMethod codeBase="C:\Sewer-Studio_KI_4.5\.tmp\paket1-2026-09-06\artifacts\bin\ProjectModernizer.Tests\release\ProjectModernizer.Tests.dll" adapterTypeName="executor://xunit/VsTestRunner2/netcoreapp" className="ModernizerRelinkerTests" name="RelinkHaltungenIgnoresNullVsaFindings" />
    </UnitTest>
    <UnitTest name="ModernizerStructureFileMoverTests.MoveOrCopyStructureFileCopiesExternalSource" storage="c:\sewer-studio_ki_4.5\.tmp\paket1-2026-09-06\artifacts\bin\projectmodernizer.tests\release\projectmodernizer.tests.dll" id="05e826ca-a97e-30e8-e0e7-483728b1a6ff">
      <Execution id="534428ca-b001-4edc-a633-22723146c66d" />
      <TestMethod codeBase="C:\Sewer-Studio_KI_4.5\.tmp\paket1-2026-09-06\artifacts\bin\ProjectModernizer.Tests\release\ProjectModernizer.Tests.dll" adapterTypeName="executor://xunit/VsTestRunner2/netcoreapp" className="ModernizerStructureFileMoverTests" name="MoveOrCopyStructureFileCopiesExternalSource" />
    </UnitTest>
    <UnitTest name="ModernizerFieldFlattenerTests.FlattenRecordField_copies_nested_video_to_flat_holding_root_and_updates_link" storage="c:\sewer-studio_ki_4.5\.tmp\paket1-2026-09-06\artifacts\bin\projectmodernizer.tests\release\projectmodernizer.tests.dll" id="2568984e-a5db-ce0a-19db-cf9dcad08faf">
      <Execution id="54f624b5-95e6-4fde-bc68-1d9fed9ea0f0" />
      <TestMethod codeBase="C:\Sewer-Studio_KI_4.5\.tmp\paket1-2026-09-06\artifacts\bin\ProjectModernizer.Tests\release\ProjectModernizer.Tests.dll" adapterTypeName="executor://xunit/VsTestRunner2/netcoreapp" className="ModernizerFieldFlattenerTests" name="FlattenRecordField_copies_nested_video_to_flat_holding_root_and_updates_link" />
    </UnitTest>
    <UnitTest name="ProjectModernizerRunnerTests.RunDryRunLoadsProjectButDoesNotCreateModernFolders" storage="c:\sewer-studio_ki_4.5\.tmp\paket1-2026-09-06\artifacts\bin\projectmodernizer.tests\release\projectmodernizer.tests.dll" id="7d6eedd4-a304-541d-bfe1-d142cc59c3fc">
      <Execution id="bc96d3fb-b0fd-49bd-9124-4034c68f5a1c" />
      <TestMethod codeBase="C:\Sewer-Studio_KI_4.5\.tmp\paket1-2026-09-06\artifacts\bin\ProjectModernizer.Tests\release\ProjectModernizer.Tests.dll" adapterTypeName="executor://xunit/VsTestRunner2/netcoreapp" className="ProjectModernizerRunnerTests" name="RunDryRunLoadsProjectButDoesNotCreateModernFolders" />
    </UnitTest>
  </TestDefinitions>
  <TestEntries>
    <TestEntry testId="71c210d4-8887-7171-0319-e8b9f10240d9" executionId="5e9fe8da-d712-4088-bdda-d7574eac5f89" testListId="8c84fa94-04c1-424b-9868-57a2d4851a1d" />
    <TestEntry testId="6e9907f8-4660-0e7d-cf10-9ea3b377af5d" executionId="f95cfff5-25b4-42ad-8544-d09472148077" testListId="8c84fa94-04c1-424b-9868-57a2d4851a1d" />
    <TestEntry testId="cbeb0f96-8370-1afa-35e4-38d5621872ed" executionId="a987986f-4129-4c33-9c77-fe112d80c9a7" testListId="8c84fa94-04c1-424b-9868-57a2d4851a1d" />
    <TestEntry testId="d72506da-597e-79d5-c236-f8306eb76aef" executionId="f6308614-076d-4c50-a9e4-a43b6b9b01ae" testListId="8c84fa94-04c1-424b-9868-57a2d4851a1d" />
    <TestEntry testId="e00db5da-6375-e6e1-bdf7-15eb51655166" executionId="1e3a3fcf-b9c5-47a0-8ddd-c16dc67c8f93" testListId="8c84fa94-04c1-424b-9868-57a2d4851a1d" />
    <TestEntry testId="454e623c-7127-f01e-72d2-a068c853adfb" executionId="089b3019-e9b8-4b42-b98a-11f60f68a21a" testListId="8c84fa94-04c1-424b-9868-57a2d4851a1d" />
    <TestEntry testId="1634ba21-bbfc-3e33-cae0-03882d6970a0" executionId="3b33954a-6072-4135-a13d-92efae73cb09" testListId="8c84fa94-04c1-424b-9868-57a2d4851a1d" />
    <TestEntry testId="fd9f201f-de69-d204-37b7-20d62d3ea126" executionId="d679afc2-0b65-4566-a75b-0883c3fce2c6" testListId="8c84fa94-04c1-424b-9868-57a2d4851a1d" />
    <TestEntry testId="e1efcb53-2b84-5d26-c7ce-6107f43c4ddb" executionId="17ebcd18-6518-4fc4-8527-5958554bfc85" testListId="8c84fa94-04c1-424b-9868-57a2d4851a1d" />
    <TestEntry testId="de1905df-3093-2941-def5-fc257619a52b" executionId="30331048-7d94-40e2-a41e-b1eef8906786" testListId="8c84fa94-04c1-424b-9868-57a2d4851a1d" />
    <TestEntry testId="c028bced-09c5-d091-3289-21540957dadc" executionId="94e5d262-83e2-4b90-b22c-994c4b164be8" testListId="8c84fa94-04c1-424b-9868-57a2d4851a1d" />
    <TestEntry testId="2f76bb69-d742-4888-d5e6-67d27a2c0707" executionId="eb5c8a69-dd6c-4b7a-aef8-38089534993e" testListId="8c84fa94-04c1-424b-9868-57a2d4851a1d" />
    <TestEntry testId="4d2caeec-0f26-dd92-8954-83694238c980" executionId="6f72f0ff-500d-4077-a0d2-41cb1cc4c054" testListId="8c84fa94-04c1-424b-9868-57a2d4851a1d" />
    <TestEntry testId="206ef65d-41d3-3cd2-8302-b83115b3630f" executionId="309536c8-78c8-40f3-aa6c-5076a1fc743d" testListId="8c84fa94-04c1-424b-9868-57a2d4851a1d" />
    <TestEntry testId="f8419893-4daa-7803-e380-a4740e33b2b2" executionId="e6613229-0735-4d1c-8288-5335dd9b0128" testListId="8c84fa94-04c1-424b-9868-57a2d4851a1d" />
    <TestEntry testId="f1503eaa-1bb7-f2c1-a1be-4c1b1277e706" executionId="b0df9d81-fd06-4f75-a410-2f357c9307cf" testListId="8c84fa94-04c1-424b-9868-57a2d4851a1d" />
    <TestEntry testId="60a19c4f-d183-ad50-6e89-2c578ff263ba" executionId="ac044e99-81cf-4ffb-80fd-511578807fbb" testListId="8c84fa94-04c1-424b-9868-57a2d4851a1d" />
    <TestEntry testId="db5a1f9e-f932-bfbd-a8d5-396e86d4e482" executionId="e5dd4839-2d3b-4e1a-8d38-d2a548c653ab" testListId="8c84fa94-04c1-424b-9868-57a2d4851a1d" />
    <TestEntry testId="c0cbe092-781d-277d-d795-6a4338a55533" executionId="cf90b137-2eae-4acd-bb9c-d5666bd10e81" testListId="8c84fa94-04c1-424b-9868-57a2d4851a1d" />
    <TestEntry testId="251ae7d5-166b-5fc2-7594-c3742173354a" executionId="4d052aad-f27a-44e0-9cb8-baac2b6a9042" testListId="8c84fa94-04c1-424b-9868-57a2d4851a1d" />
    <TestEntry testId="4b91f4c0-5b1c-519e-e215-f54273c036e0" executionId="286a250f-f159-436a-bab4-4df78b17fe31" testListId="8c84fa94-04c1-424b-9868-57a2d4851a1d" />
    <TestEntry testId="5e32157e-4d7a-0137-446b-a84bbc1e7126" executionId="58205f5b-0c21-4534-a5fc-dcf559d45fb8" testListId="8c84fa94-04c1-424b-9868-57a2d4851a1d" />
    <TestEntry testId="bcb1f118-5e72-9dab-617e-8d387778e0da" executionId="f263ad9d-a33b-41b2-9b93-594fb428da85" testListId="8c84fa94-04c1-424b-9868-57a2d4851a1d" />
    <TestEntry testId="2047fbe1-1ed4-9f20-6ed2-659d4192622d" executionId="2c009d96-5a2a-4b75-be71-4e204b8efa0e" testListId="8c84fa94-04c1-424b-9868-57a2d4851a1d" />
    <TestEntry testId="22708d88-bbbc-0f6a-c7e4-1a3ab2fd1a8e" executionId="df99fefd-40cc-4dd1-9714-acd0d3802fba" testListId="8c84fa94-04c1-424b-9868-57a2d4851a1d" />
    <TestEntry testId="18405b54-3912-ffc4-e684-6e9b0c0e4e09" executionId="af93ca6e-6423-4e97-80e5-1f9b65c20a35" testListId="8c84fa94-04c1-424b-9868-57a2d4851a1d" />
    <TestEntry testId="db2814a4-b855-1fcc-fba9-44b7a83fafe2" executionId="7db42f29-3605-40a4-a9dc-200528b8be13" testListId="8c84fa94-04c1-424b-9868-57a2d4851a1d" />
    <TestEntry testId="d377057b-3cd5-5957-67d7-1279da340035" executionId="f416a077-c0ae-4c26-9897-3cfa32051134" testListId="8c84fa94-04c1-424b-9868-57a2d4851a1d" />
    <TestEntry testId="4a086579-aa2c-8fae-3df6-b9385fd2edfc" executionId="f20809fe-e5c2-4a9a-900f-8d17bd7dd8ee" testListId="8c84fa94-04c1-424b-9868-57a2d4851a1d" />
    <TestEntry testId="4c93b0ba-0ef1-73c3-2475-6de28de62b7e" executionId="8afb6136-19ba-451b-b49f-796ba7a95c04" testListId="8c84fa94-04c1-424b-9868-57a2d4851a1d" />
    <TestEntry testId="dffb1f4c-cd52-5566-f5a5-274be156b083" executionId="127ee673-9428-4f67-8ec6-a0a699c47291" testListId="8c84fa94-04c1-424b-9868-57a2d4851a1d" />
    <TestEntry testId="e4ada9eb-6550-a4d6-5ca8-38e25255b88c" executionId="d218cb0b-f843-4a0f-8010-ef45e7fedb3b" testListId="8c84fa94-04c1-424b-9868-57a2d4851a1d" />
    <TestEntry testId="7597430d-241f-2c19-d996-803303885f7c" executionId="1347548c-f757-4628-8afb-f58aa1e63402" testListId="8c84fa94-04c1-424b-9868-57a2d4851a1d" />
    <TestEntry testId="e5d695b7-02b9-a7cc-9254-e928598fc813" executionId="72edac87-6b86-4a32-8983-b7e18ecf14ef" testListId="8c84fa94-04c1-424b-9868-57a2d4851a1d" />
    <TestEntry testId="9bd6e648-755e-063a-4c0c-ad0dbcf687d1" executionId="ccc47b89-785b-46e3-809b-922dc7206b57" testListId="8c84fa94-04c1-424b-9868-57a2d4851a1d" />
    <TestEntry testId="f84c7f00-ca41-a77a-113c-8b6b659d5e86" executionId="419fec46-3159-45bf-9186-78b3a39cb4f9" testListId="8c84fa94-04c1-424b-9868-57a2d4851a1d" />
    <TestEntry testId="8c4f417f-dc9e-9c6e-ba75-c93398c430d2" executionId="582d817c-7b52-448f-9b59-b9e7753f3459" testListId="8c84fa94-04c1-424b-9868-57a2d4851a1d" />
    <TestEntry testId="b9db6b6b-9b98-d809-8273-829ce2021da0" executionId="eed7da4b-e0d4-40f0-869f-51673c01dd21" testListId="8c84fa94-04c1-424b-9868-57a2d4851a1d" />
    <TestEntry testId="103a49b3-b587-c7f3-e610-9a6953e8bb19" executionId="0416eb6f-1f6e-409b-af51-ae3e1b682e7b" testListId="8c84fa94-04c1-424b-9868-57a2d4851a1d" />
    <TestEntry testId="b9878824-b6c4-b178-20aa-cd5548acc282" executionId="f69f3796-d2e4-482b-b472-7185a57723eb" testListId="8c84fa94-04c1-424b-9868-57a2d4851a1d" />
    <TestEntry testId="9e9b4913-f200-49db-c925-bcb889ba2ce4" executionId="99991866-7d35-4d5d-81df-f7af0c177a4f" testListId="8c84fa94-04c1-424b-9868-57a2d4851a1d" />
    <TestEntry testId="13d23377-5096-2b4e-db27-d39ad9b9e115" executionId="ad8cc87a-d5e7-4a9b-83e8-8cc49cc8f7a1" testListId="8c84fa94-04c1-424b-9868-57a2d4851a1d" />
    <TestEntry testId="05e826ca-a97e-30e8-e0e7-483728b1a6ff" executionId="534428ca-b001-4edc-a633-22723146c66d" testListId="8c84fa94-04c1-424b-9868-57a2d4851a1d" />
    <TestEntry testId="d38a9d20-bb58-fa31-15b2-38fd80ebe45c" executionId="393ecc47-3784-432b-8db4-011f284688a4" testListId="8c84fa94-04c1-424b-9868-57a2d4851a1d" />
    <TestEntry testId="04bbe86b-add5-4ab3-0fff-091a6d7a3ee3" executionId="64857bb6-41a5-467b-99ea-58721993bb07" testListId="8c84fa94-04c1-424b-9868-57a2d4851a1d" />
    <TestEntry testId="5a6efccd-0f52-2a99-1491-b74c42c92aa6" executionId="2a48b2da-0aa2-49df-8a63-c92a4f8f16f7" testListId="8c84fa94-04c1-424b-9868-57a2d4851a1d" />
    <TestEntry testId="1b9e4a27-1f77-904b-74a5-ff7ee0974811" executionId="1d7375d4-e14a-4879-9c51-3c40b9c0505c" testListId="8c84fa94-04c1-424b-9868-57a2d4851a1d" />
    <TestEntry testId="fa1555b3-8447-9bf6-6c5f-687c6e71d91c" executionId="c36c84be-a870-43f2-9f12-752718abb2e8" testListId="8c84fa94-04c1-424b-9868-57a2d4851a1d" />
    <TestEntry testId="d5e672d8-79a4-5cfb-71f2-5d6c4b582543" executionId="ec9b2081-4d9f-4c8c-983c-b27471e9df23" testListId="8c84fa94-04c1-424b-9868-57a2d4851a1d" />
    <TestEntry testId="7d0da1d1-aabf-0bad-94bd-5cb37496471d" executionId="49499b04-756d-400c-a729-e5c078cf3501" testListId="8c84fa94-04c1-424b-9868-57a2d4851a1d" />
    <TestEntry testId="f22c1a5f-ab8d-179e-004b-9533a1b8e160" executionId="1de35756-a0b3-4aee-ae8d-a1962c36374d" testListId="8c84fa94-04c1-424b-9868-57a2d4851a1d" />
    <TestEntry testId="916fd0ea-a684-f54c-5df1-93f5d22e678b" executionId="a4c2b171-a509-43b6-b09a-37759d05b609" testListId="8c84fa94-04c1-424b-9868-57a2d4851a1d" />
    <TestEntry testId="0f6211f3-4f66-da6d-37f2-67fa08d10e9b" executionId="11d201f9-6836-47e8-9af4-5a974d9547c7" testListId="8c84fa94-04c1-424b-9868-57a2d4851a1d" />
    <TestEntry testId="9e0017be-73b7-2db5-dbe4-c179475c57d6" executionId="a0afdecd-881d-40e7-a32d-a9adce10d537" testListId="8c84fa94-04c1-424b-9868-57a2d4851a1d" />
    <TestEntry testId="25175517-6e95-5cd6-bb3e-a57fb646ea94" executionId="ecb20701-cdcc-49f9-85b1-14fd9e73721c" testListId="8c84fa94-04c1-424b-9868-57a2d4851a1d" />
    <TestEntry testId="5d156b69-6779-16a2-221c-e40f4a988a59" executionId="33f9b431-61f0-4d6f-9f54-ffc367665a88" testListId="8c84fa94-04c1-424b-9868-57a2d4851a1d" />
    <TestEntry testId="4b919e5d-2608-5a2f-d948-e9d87d1a4c79" executionId="cb24906d-dd3e-4235-9c87-049eab633009" testListId="8c84fa94-04c1-424b-9868-57a2d4851a1d" />
    <TestEntry testId="a7fafdea-a334-e312-51f9-c60dc8dfcd9f" executionId="cb2f5175-0221-442b-9ddd-1690c354a44f" testListId="8c84fa94-04c1-424b-9868-57a2d4851a1d" />
    <TestEntry testId="7d6eedd4-a304-541d-bfe1-d142cc59c3fc" executionId="bc96d3fb-b0fd-49bd-9124-4034c68f5a1c" testListId="8c84fa94-04c1-424b-9868-57a2d4851a1d" />
    <TestEntry testId="2568984e-a5db-ce0a-19db-cf9dcad08faf" executionId="54f624b5-95e6-4fde-bc68-1d9fed9ea0f0" testListId="8c84fa94-04c1-424b-9868-57a2d4851a1d" />
    <TestEntry testId="1f322746-cca1-3817-d326-ab6ccd2ffe60" executionId="dfb439bb-6f88-4d6c-91ed-9143fb31f435" testListId="8c84fa94-04c1-424b-9868-57a2d4851a1d" />
    <TestEntry testId="fde3173e-278d-412d-ec30-29558122abe1" executionId="bef58fdb-c6d5-4504-a34c-0eceb525b567" testListId="8c84fa94-04c1-424b-9868-57a2d4851a1d" />
  </TestEntries>
  <TestLists>
    <TestList name="Ergebnisse nicht in einer Liste" id="8c84fa94-04c1-424b-9868-57a2d4851a1d" />
    <TestList name="Alle geladenen Ergebnisse" id="19431567-8539-422a-85d7-44ee4e166bda" />
  </TestLists>
  <ResultSummary outcome="Completed">
    <Counters total="62" executed="62" passed="62" failed="0" error="0" timeout="0" aborted="0" inconclusive="0" passedButRunAborted="0" notRunnable="0" notExecuted="0" disconnected="0" warning="0" completed="0" inProgress="0" pending="0" />
    <Output>
      <StdOut>[xUnit.net 00:00:00.00] xUnit.net VSTest Adapter v2.5.7+8f2703126a (64-bit .NET 10.0.11)&#xD;
[xUnit.net 00:00:00.23]   Discovering: ProjectModernizer.Tests&#xD;
[xUnit.net 00:00:00.25]   Discovered:  ProjectModernizer.Tests&#xD;
[xUnit.net 00:00:00.25]   Starting:    ProjectModernizer.Tests&#xD;
[xUnit.net 00:00:00.75]   Finished:    ProjectModernizer.Tests&#xD;
</StdOut>
    </Output>
  </ResultSummary>
</TestRun>