<?xml version="1.0" encoding="utf-8"?>
<TestRun id="9e70ebfa-b8f3-4240-9211-8b0bbd8210a8" name="Besitzer@PCW11X01 2026-09-23 22:23:32" runUser="PCW11X01\Besitzer" xmlns="http://microsoft.com/schemas/VisualStudio/TeamTest/2010">
  <Times creation="2026-09-23T22:23:32.0889001+02:00" queuing="2026-09-23T22:23:32.0889002+02:00" start="2026-09-23T22:23:31.0782272+02:00" finish="2026-09-23T22:23:32.1842859+02:00" />
  <TestSettings name="default" id="31778331-0d96-4bea-80b4-37298b4e5fb6">
    <Deployment runDeploymentRoot="Besitzer_PCW11X01_2026-09-23_22_23_32" />
  </TestSettings>
  <Results>
    <UnitTestResult executionId="37271c9e-aab6-4ce3-9cd1-35dbb2ac56a1" testId="1b7cb4d0-5ea5-f22a-eb71-0b761be7083a" testName="AuswertungPro.Next.UI.Tests.CodingAiOverlayRendererTests.Render_clears_existing_ai_children_and_renders_supported_ai_events" computerName="PCW11X01" duration="00:00:00.0069200" startTime="2026-09-23T22:23:32.1067850+02:00" endTime="2026-09-23T22:23:32.1067852+02:00" testType="13cdc9d9-ddb5-4fa4-a97d-d965ccfc6d4b" outcome="Passed" testListId="8c84fa94-04c1-424b-9868-57a2d4851a1d" relativeResultsDirectory="37271c9e-aab6-4ce3-9cd1-35dbb2ac56a1" />
    <UnitTestResult executionId="07b2cb3a-ff0b-4ac8-b655-0c3a34a9f5b5" testId="3fd044f4-36cb-937b-7c66-d69190e7640a" testName="AuswertungPro.Next.UI.Tests.CodingOverlayViewportMapperTests.BuildSizeUpdate_skips_canvas_values_inside_tolerance" computerName="PCW11X01" duration="00:00:00.0000410" startTime="2026-09-23T22:23:32.0746806+02:00" endTime="2026-09-23T22:23:32.0746806+02:00" testType="13cdc9d9-ddb5-4fa4-a97d-d965ccfc6d4b" outcome="Passed" testListId="8c84fa94-04c1-424b-9868-57a2d4851a1d" relativeResultsDirectory="07b2cb3a-ff0b-4ac8-b655-0c3a34a9f5b5" />
    <UnitTestResult executionId="985af143-9d82-4759-bb67-4db84bcf3f14" testId="4fef3873-d051-7aa5-d033-dbb071032e2a" testName="AuswertungPro.Next.UI.Tests.CodingAiOverlayRendererTests.Render_clears_existing_ai_children_before_ignoring_empty_canvas_size" computerName="PCW11X01" duration="00:00:00.0027915" startTime="2026-09-23T22:23:32.1096168+02:00" endTime="2026-09-23T22:23:32.1096169+02:00" testType="13cdc9d9-ddb5-4fa4-a97d-d965ccfc6d4b" outcome="Passed" testListId="8c84fa94-04c1-424b-9868-57a2d4851a1d" relativeResultsDirectory="985af143-9d82-4759-bb67-4db84bcf3f14" />
    <UnitTestResult executionId="9302d908-ccb2-4eea-af51-1d65f2656c11" testId="4513c5ac-4976-2938-c984-f3c920be12f3" testName="AuswertungPro.Next.UI.Tests.MotionSettingsTests.Reset_falls_back_to_the_windows_system_value" computerName="PCW11X01" duration="00:00:00.0000591" startTime="2026-09-23T22:23:32.0997381+02:00" endTime="2026-09-23T22:23:32.0997381+02:00" testType="13cdc9d9-ddb5-4fa4-a97d-d965ccfc6d4b" outcome="Passed" testListId="8c84fa94-04c1-424b-9868-57a2d4851a1d" relativeResultsDirectory="9302d908-ccb2-4eea-af51-1d65f2656c11" />
    <UnitTestResult executionId="31dd1d70-1f68-4163-b19f-aa3d4afa4cd8" testId="618bcf81-4b30-078c-8fdb-a6d12fec8017" testName="AuswertungPro.Next.UI.Tests.SamMaskRendererTests.DecodeRle_NegativeDimensions_ReturnsEmptyWithoutThrow" computerName="PCW11X01" duration="00:00:00.0000444" startTime="2026-09-23T22:23:32.1136572+02:00" endTime="2026-09-23T22:23:32.1136573+02:00" testType="13cdc9d9-ddb5-4fa4-a97d-d965ccfc6d4b" outcome="Passed" testListId="8c84fa94-04c1-424b-9868-57a2d4851a1d" relativeResultsDirectory="31dd1d70-1f68-4163-b19f-aa3d4afa4cd8" />
    <UnitTestResult executionId="635aef4b-f61b-4798-af82-4a3d3727e5ed" testId="d9d4b704-52b4-141a-ce9a-afb8021c9b05" testName="AuswertungPro.Next.UI.Tests.SamMaskRendererTests.DecodeRle_InvalidRunToken_DecodesValidPrefixWithoutThrow" computerName="PCW11X01" duration="00:00:00.0000448" startTime="2026-09-23T22:23:32.1390775+02:00" endTime="2026-09-23T22:23:32.1390775+02:00" testType="13cdc9d9-ddb5-4fa4-a97d-d965ccfc6d4b" outcome="Passed" testListId="8c84fa94-04c1-424b-9868-57a2d4851a1d" relativeResultsDirectory="635aef4b-f61b-4798-af82-4a3d3727e5ed" />
    <UnitTestResult executionId="c03a83f9-85e6-4fca-8d7c-14fad095624b" testId="2e2de543-d49a-8aa6-247a-5a1d10b31674" testName="AuswertungPro.Next.UI.Tests.SamMaskRendererTests.DecideVisualMode_IsNullSafeForMissingBbox" computerName="PCW11X01" duration="00:00:00.0000593" startTime="2026-09-23T22:23:32.1137310+02:00" endTime="2026-09-23T22:23:32.1137310+02:00" testType="13cdc9d9-ddb5-4fa4-a97d-d965ccfc6d4b" outcome="Passed" testListId="8c84fa94-04c1-424b-9868-57a2d4851a1d" relativeResultsDirectory="c03a83f9-85e6-4fca-8d7c-14fad095624b" />
    <UnitTestResult executionId="a124862d-3711-435a-b2c0-9b8a2fe70c34" testId="137783c2-43d2-a182-ca2b-08bcd4a4cbe6" testName="AuswertungPro.Next.UI.Tests.CodingOverlayViewportMapperTests.BuildSizeUpdate_rejects_invalid_video_size(videoWidth: 640, videoHeight: ∞)" computerName="PCW11X01" duration="00:00:00.0000007" startTime="2026-09-23T22:23:32.0554294+02:00" endTime="2026-09-23T22:23:32.0554294+02:00" testType="13cdc9d9-ddb5-4fa4-a97d-d965ccfc6d4b" outcome="Passed" testListId="8c84fa94-04c1-424b-9868-57a2d4851a1d" relativeResultsDirectory="a124862d-3711-435a-b2c0-9b8a2fe70c34" />
    <UnitTestResult executionId="3c114265-28e4-441b-98be-d11dab84f500" testId="b9ea9cee-3243-c6e5-42a0-a4acd1b2e747" testName="AuswertungPro.Next.UI.Tests.SamMaskRendererTests.DecodeRle_HugeRunLength_DoesNotOverflowOrThrow" computerName="PCW11X01" duration="00:00:00.0000399" startTime="2026-09-23T22:23:32.1390886+02:00" endTime="2026-09-23T22:23:32.1390886+02:00" testType="13cdc9d9-ddb5-4fa4-a97d-d965ccfc6d4b" outcome="Passed" testListId="8c84fa94-04c1-424b-9868-57a2d4851a1d" relativeResultsDirectory="3c114265-28e4-441b-98be-d11dab84f500" />
    <UnitTestResult executionId="3b9e95cc-c742-4a0d-9304-414b4bd9bcc7" testId="86e83f00-64e7-d2db-5a6e-30a369c175f0" testName="AuswertungPro.Next.UI.Tests.CodingOverlayViewportMapperTests.UpdateViewport_ignores_invalid_video_dimensions" computerName="PCW11X01" duration="00:00:00.0000872" startTime="2026-09-23T22:23:32.0746660+02:00" endTime="2026-09-23T22:23:32.0746660+02:00" testType="13cdc9d9-ddb5-4fa4-a97d-d965ccfc6d4b" outcome="Passed" testListId="8c84fa94-04c1-424b-9868-57a2d4851a1d" relativeResultsDirectory="3b9e95cc-c742-4a0d-9304-414b4bd9bcc7" />
    <UnitTestResult executionId="fd832f9e-ce59-4d77-9ad1-798f5c4703fa" testId="eb2ce1a0-d1a7-1b2f-8345-235629f04dc5" testName="AuswertungPro.Next.UI.Tests.CodingOverlayViewportMapperTests.UpdateViewport_applies_only_canvas_dimensions_that_need_resizing" computerName="PCW11X01" duration="00:00:00.0026751" startTime="2026-09-23T22:23:32.0581381+02:00" endTime="2026-09-23T22:23:32.0581382+02:00" testType="13cdc9d9-ddb5-4fa4-a97d-d965ccfc6d4b" outcome="Passed" testListId="8c84fa94-04c1-424b-9868-57a2d4851a1d" relativeResultsDirectory="fd832f9e-ce59-4d77-9ad1-798f5c4703fa" />
    <UnitTestResult executionId="7543084a-310f-4dc7-8034-d5c466b5a238" testId="0e0ed21a-2d79-6d63-df54-2a6cfaefd7b1" testName="AuswertungPro.Next.UI.Tests.SamMaskRendererTests.DecideVisualMode_FillsManualMaskWithoutDinoConfidence" computerName="PCW11X01" duration="00:00:00.0000687" startTime="2026-09-23T22:23:32.1135968+02:00" endTime="2026-09-23T22:23:32.1135969+02:00" testType="13cdc9d9-ddb5-4fa4-a97d-d965ccfc6d4b" outcome="Passed" testListId="8c84fa94-04c1-424b-9868-57a2d4851a1d" relativeResultsDirectory="7543084a-310f-4dc7-8034-d5c466b5a238" />
    <UnitTestResult executionId="5eaedbe1-f33e-455f-9073-f7c35dad0f61" testId="35267d5e-c00b-6089-fe97-4d6917babb5c" testName="AuswertungPro.Next.UI.Tests.CodingOverlayViewportMapperTests.GetContentRect_letterboxes_wide_video_in_square_canvas" computerName="PCW11X01" duration="00:00:00.0000766" startTime="2026-09-23T22:23:32.0746537+02:00" endTime="2026-09-23T22:23:32.0746537+02:00" testType="13cdc9d9-ddb5-4fa4-a97d-d965ccfc6d4b" outcome="Passed" testListId="8c84fa94-04c1-424b-9868-57a2d4851a1d" relativeResultsDirectory="5eaedbe1-f33e-455f-9073-f7c35dad0f61" />
    <UnitTestResult executionId="4ae8d34c-8c66-42cd-8ecc-5685d5143519" testId="e3ebf645-7c15-1480-b0a3-e2872a697589" testName="AuswertungPro.Next.UI.Tests.PhotoGalleryTileSizeStoreTests.Kachelgroesse_aendern_verwirft_keine_anderen_Einstellungen" computerName="PCW11X01" duration="00:00:00.0368903" startTime="2026-09-23T22:23:32.0973957+02:00" endTime="2026-09-23T22:23:32.0973961+02:00" testType="13cdc9d9-ddb5-4fa4-a97d-d965ccfc6d4b" outcome="Passed" testListId="8c84fa94-04c1-424b-9868-57a2d4851a1d" relativeResultsDirectory="4ae8d34c-8c66-42cd-8ecc-5685d5143519" />
    <UnitTestResult executionId="8b043d6a-21f6-4d25-9105-dafbc7df0099" testId="c7d10a88-fb1a-411f-4bd9-58915a19c1c3" testName="AuswertungPro.Next.UI.Tests.CodingOverlayViewportMapperTests.BuildSizeUpdate_rejects_invalid_video_size(videoWidth: 1, videoHeight: 480)" computerName="PCW11X01" duration="00:00:00.0002006" startTime="2026-09-23T22:23:32.0553778+02:00" endTime="2026-09-23T22:23:32.0553779+02:00" testType="13cdc9d9-ddb5-4fa4-a97d-d965ccfc6d4b" outcome="Passed" testListId="8c84fa94-04c1-424b-9868-57a2d4851a1d" relativeResultsDirectory="8b043d6a-21f6-4d25-9105-dafbc7df0099" />
    <UnitTestResult executionId="a73c2148-3e8a-43ca-b185-2a50f20cf10e" testId="93500bb3-66e7-bd40-75f6-1a078a062f92" testName="AuswertungPro.Next.UI.Tests.SamMaskRendererTests.RenderCandidates_LargeDefectDrawsFillContourAndLabel" computerName="PCW11X01" duration="00:00:00.0197012" startTime="2026-09-23T22:23:32.1334937+02:00" endTime="2026-09-23T22:23:32.1334941+02:00" testType="13cdc9d9-ddb5-4fa4-a97d-d965ccfc6d4b" outcome="Passed" testListId="8c84fa94-04c1-424b-9868-57a2d4851a1d" relativeResultsDirectory="a73c2148-3e8a-43ca-b185-2a50f20cf10e" />
    <UnitTestResult executionId="02d2814d-1432-4699-9f30-8e9ed0c0a892" testId="edc2bfe2-b553-c722-08ee-e6cf2307233c" testName="AuswertungPro.Next.UI.Tests.SamMaskRendererTests.DecodeRle_InvalidStartToken_ReturnsEmptyMaskWithoutThrow" computerName="PCW11X01" duration="00:00:00.0000402" startTime="2026-09-23T22:23:32.1391006+02:00" endTime="2026-09-23T22:23:32.1391007+02:00" testType="13cdc9d9-ddb5-4fa4-a97d-d965ccfc6d4b" outcome="Passed" testListId="8c84fa94-04c1-424b-9868-57a2d4851a1d" relativeResultsDirectory="02d2814d-1432-4699-9f30-8e9ed0c0a892" />
    <UnitTestResult executionId="e37c4931-ed34-405d-ae8c-f37cf2ca9edd" testId="9c362db8-51c5-fe7f-7049-754007db952d" testName="AuswertungPro.Next.UI.Tests.SamMaskRendererTests.RenderMasks_NullBboxRendersMaskWithoutLabelOrThrow" computerName="PCW11X01" duration="00:00:00.0041357" startTime="2026-09-23T22:23:32.1376921+02:00" endTime="2026-09-23T22:23:32.1376922+02:00" testType="13cdc9d9-ddb5-4fa4-a97d-d965ccfc6d4b" outcome="Passed" testListId="8c84fa94-04c1-424b-9868-57a2d4851a1d" relativeResultsDirectory="e37c4931-ed34-405d-ae8c-f37cf2ca9edd" />
    <UnitTestResult executionId="0cd8d711-5e6d-48f6-8ff5-83b2d78fc7b2" testId="614e1f2c-6ee5-0295-c953-2ce407423138" testName="AuswertungPro.Next.UI.Tests.CodingOverlayViewportMapperTests.BuildSizeUpdate_rejects_invalid_video_size(videoWidth: 640, videoHeight: NaN)" computerName="PCW11X01" duration="00:00:00.0000008" startTime="2026-09-23T22:23:32.0554186+02:00" endTime="2026-09-23T22:23:32.0554186+02:00" testType="13cdc9d9-ddb5-4fa4-a97d-d965ccfc6d4b" outcome="Passed" testListId="8c84fa94-04c1-424b-9868-57a2d4851a1d" relativeResultsDirectory="0cd8d711-5e6d-48f6-8ff5-83b2d78fc7b2" />
    <UnitTestResult executionId="eed79041-7490-42bc-af69-4c1648ac78fa" testId="d51d1652-25c3-b521-eff3-b536d44f02cd" testName="AuswertungPro.Next.UI.Tests.MotionSettingsTests.Configure_with_true_always_reduces" computerName="PCW11X01" duration="00:00:00.0002025" startTime="2026-09-23T22:23:32.0984135+02:00" endTime="2026-09-23T22:23:32.0984135+02:00" testType="13cdc9d9-ddb5-4fa4-a97d-d965ccfc6d4b" outcome="Passed" testListId="8c84fa94-04c1-424b-9868-57a2d4851a1d" relativeResultsDirectory="eed79041-7490-42bc-af69-4c1648ac78fa" />
    <UnitTestResult executionId="ee382e4d-e7ba-4b60-80eb-631efce38cb9" testId="272ddbc9-9534-e6a6-55cf-613166525fa0" testName="AuswertungPro.Next.UI.Tests.SamMaskRendererTests.DecideVisualMode_UsesSubtleFillForSmallHighConfidenceDefect" computerName="PCW11X01" duration="00:00:00.0005505" startTime="2026-09-23T22:23:32.1129185+02:00" endTime="2026-09-23T22:23:32.1129185+02:00" testType="13cdc9d9-ddb5-4fa4-a97d-d965ccfc6d4b" outcome="Passed" testListId="8c84fa94-04c1-424b-9868-57a2d4851a1d" relativeResultsDirectory="ee382e4d-e7ba-4b60-80eb-631efce38cb9" />
    <UnitTestResult executionId="10888ff2-1d1a-4786-925f-4ef97e960ec4" testId="180da9f1-d6f6-6922-c311-1d2f2ab7e961" testName="AuswertungPro.Next.UI.Tests.CodingOverlayViewportMapperTests.NormToPixel_maps_norm_inside_visible_content_rect" computerName="PCW11X01" duration="00:00:00.0000816" startTime="2026-09-23T22:23:32.0746894+02:00" endTime="2026-09-23T22:23:32.0746894+02:00" testType="13cdc9d9-ddb5-4fa4-a97d-d965ccfc6d4b" outcome="Passed" testListId="8c84fa94-04c1-424b-9868-57a2d4851a1d" relativeResultsDirectory="10888ff2-1d1a-4786-925f-4ef97e960ec4" />
    <UnitTestResult executionId="7deee6f0-4411-4df9-86a9-60a73c727693" testId="1a354e50-4aa2-2895-cbff-64269fe7d428" testName="AuswertungPro.Next.UI.Tests.CodingOverlayViewportMapperTests.BuildSizeUpdate_rejects_invalid_video_size(videoWidth: ∞, videoHeight: 480)" computerName="PCW11X01" duration="00:00:00.0000005" startTime="2026-09-23T22:23:32.0554406+02:00" endTime="2026-09-23T22:23:32.0554407+02:00" testType="13cdc9d9-ddb5-4fa4-a97d-d965ccfc6d4b" outcome="Passed" testListId="8c84fa94-04c1-424b-9868-57a2d4851a1d" relativeResultsDirectory="7deee6f0-4411-4df9-86a9-60a73c727693" />
    <UnitTestResult executionId="62a60338-8c37-4321-a405-31b9f18a8e71" testId="568167de-2fc6-2550-5ff4-9e8c89ae7684" testName="AuswertungPro.Next.UI.Tests.CodingOverlayViewportRefreshWorkflowTests.Execute_skips_update_when_canvas_size_is_usable" computerName="PCW11X01" duration="00:00:00.0001088" startTime="2026-09-23T22:23:32.1410383+02:00" endTime="2026-09-23T22:23:32.1410383+02:00" testType="13cdc9d9-ddb5-4fa4-a97d-d965ccfc6d4b" outcome="Passed" testListId="8c84fa94-04c1-424b-9868-57a2d4851a1d" relativeResultsDirectory="62a60338-8c37-4321-a405-31b9f18a8e71" />
    <UnitTestResult executionId="fa18af3e-7146-47e8-8e52-9d4f105226ca" testId="dcee33de-8960-8aca-ad1b-1044c2f31b6a" testName="AuswertungPro.Next.UI.Tests.SamMaskRendererTests.DecodeRle_ValidRle_DecodesCorrectly" computerName="PCW11X01" duration="00:00:00.0004563" startTime="2026-09-23T22:23:32.1135056+02:00" endTime="2026-09-23T22:23:32.1135057+02:00" testType="13cdc9d9-ddb5-4fa4-a97d-d965ccfc6d4b" outcome="Passed" testListId="8c84fa94-04c1-424b-9868-57a2d4851a1d" relativeResultsDirectory="fa18af3e-7146-47e8-8e52-9d4f105226ca" />
    <UnitTestResult executionId="0dae3a19-cc9c-4507-9b1d-47d37d022200" testId="430234e5-1ca9-faf2-ae58-05cdfcea6d84" testName="AuswertungPro.Next.UI.Tests.CodingOverlayViewportMapperTests.GetContentRect_pillarboxes_narrow_video_in_wide_canvas" computerName="PCW11X01" duration="00:00:00.0000302" startTime="2026-09-23T22:23:32.0747149+02:00" endTime="2026-09-23T22:23:32.0747149+02:00" testType="13cdc9d9-ddb5-4fa4-a97d-d965ccfc6d4b" outcome="Passed" testListId="8c84fa94-04c1-424b-9868-57a2d4851a1d" relativeResultsDirectory="0dae3a19-cc9c-4507-9b1d-47d37d022200" />
    <UnitTestResult executionId="2f3da72d-eb1c-4013-9bc8-fb97c76a603b" testId="39b3dd05-3286-4b81-ef61-ff4906ad2064" testName="AuswertungPro.Next.UI.Tests.MotionSettingsTests.Configure_with_false_follows_windows_instead_of_forcing_animations" computerName="PCW11X01" duration="00:00:00.0012049" startTime="2026-09-23T22:23:32.0996624+02:00" endTime="2026-09-23T22:23:32.0996625+02:00" testType="13cdc9d9-ddb5-4fa4-a97d-d965ccfc6d4b" outcome="Passed" testListId="8c84fa94-04c1-424b-9868-57a2d4851a1d" relativeResultsDirectory="2f3da72d-eb1c-4013-9bc8-fb97c76a603b" />
    <UnitTestResult executionId="e1ec6f68-793f-4316-a814-b9dc344e2d7b" testId="076e3212-f8b0-d9bc-eaa5-191a2cea8af3" testName="AuswertungPro.Next.UI.Tests.SamMaskRendererTests.DecideVisualMode_KeepsDinoThresholdFindingVisible" computerName="PCW11X01" duration="00:00:00.0026057" startTime="2026-09-23T22:23:32.1123382+02:00" endTime="2026-09-23T22:23:32.1123383+02:00" testType="13cdc9d9-ddb5-4fa4-a97d-d965ccfc6d4b" outcome="Passed" testListId="8c84fa94-04c1-424b-9868-57a2d4851a1d" relativeResultsDirectory="e1ec6f68-793f-4316-a814-b9dc344e2d7b" />
    <UnitTestResult executionId="d78834bc-1ec8-4e48-8696-c8cb523f1bb6" testId="5c07b321-1b12-59cf-8f0b-ff18f048e744" testName="AuswertungPro.Next.UI.Tests.CodingOverlayViewportRefreshWorkflowTests.Execute_updates_viewport_when_canvas_size_is_not_usable(actualWidth: -1, actualHeight: 100)" computerName="PCW11X01" duration="00:00:00.0001718" startTime="2026-09-23T22:23:32.1407569+02:00" endTime="2026-09-23T22:23:32.1407569+02:00" testType="13cdc9d9-ddb5-4fa4-a97d-d965ccfc6d4b" outcome="Passed" testListId="8c84fa94-04c1-424b-9868-57a2d4851a1d" relativeResultsDirectory="d78834bc-1ec8-4e48-8696-c8cb523f1bb6" />
    <UnitTestResult executionId="290f88c8-46c7-4be2-9f0a-c77a50bc97a3" testId="41e7efb8-3dff-6be3-58a5-9314b21bca9a" testName="AuswertungPro.Next.UI.Tests.MotionSettingsTests.Explicit_setting_wins_over_system_value" computerName="PCW11X01" duration="00:00:00.0000239" startTime="2026-09-23T22:23:32.0997799+02:00" endTime="2026-09-23T22:23:32.0997799+02:00" testType="13cdc9d9-ddb5-4fa4-a97d-d965ccfc6d4b" outcome="Passed" testListId="8c84fa94-04c1-424b-9868-57a2d4851a1d" relativeResultsDirectory="290f88c8-46c7-4be2-9f0a-c77a50bc97a3" />
    <UnitTestResult executionId="d506a08d-628b-472a-8e76-2d244ce32083" testId="2e8a2191-e70c-06af-dc72-e0da2051899a" testName="AuswertungPro.Next.UI.Tests.SamMaskRendererTests.RenderCandidates_DoesNotDrawHiddenBackgroundMask" computerName="PCW11X01" duration="00:00:00.0010019" startTime="2026-09-23T22:23:32.1387185+02:00" endTime="2026-09-23T22:23:32.1387187+02:00" testType="13cdc9d9-ddb5-4fa4-a97d-d965ccfc6d4b" outcome="Passed" testListId="8c84fa94-04c1-424b-9868-57a2d4851a1d" relativeResultsDirectory="d506a08d-628b-472a-8e76-2d244ce32083" />
    <UnitTestResult executionId="63accfc8-97fd-4d84-99cb-b208cf953135" testId="c5404fba-1759-f839-6f86-d771a80ebc1c" testName="AuswertungPro.Next.UI.Tests.CodingOverlayViewportRefreshWorkflowTests.Execute_updates_viewport_when_canvas_size_is_not_usable(actualWidth: 0, actualHeight: 100)" computerName="PCW11X01" duration="00:00:00.0000066" startTime="2026-09-23T22:23:32.1407777+02:00" endTime="2026-09-23T22:23:32.1407777+02:00" testType="13cdc9d9-ddb5-4fa4-a97d-d965ccfc6d4b" outcome="Passed" testListId="8c84fa94-04c1-424b-9868-57a2d4851a1d" relativeResultsDirectory="63accfc8-97fd-4d84-99cb-b208cf953135" />
    <UnitTestResult executionId="5ee12031-69f0-46c0-a93e-04fcfd8603e0" testId="a1c6477b-1d7d-1cf9-3dcf-fa3ee31f00f1" testName="AuswertungPro.Next.UI.Tests.CodingOverlayViewportMapperTests.BuildSizeUpdate_returns_values_that_need_resizing" computerName="PCW11X01" duration="00:00:00.0012428" startTime="2026-09-23T22:23:32.0745051+02:00" endTime="2026-09-23T22:23:32.0745052+02:00" testType="13cdc9d9-ddb5-4fa4-a97d-d965ccfc6d4b" outcome="Passed" testListId="8c84fa94-04c1-424b-9868-57a2d4851a1d" relativeResultsDirectory="5ee12031-69f0-46c0-a93e-04fcfd8603e0" />
    <UnitTestResult executionId="605fcd2b-3689-4e2e-856e-3d90dbc3ec93" testId="1a87b1e6-4919-b5d5-dab1-866d3f28fe32" testName="AuswertungPro.Next.UI.Tests.CodingOverlayViewportMapperTests.PixelToNorm_returns_center_for_invalid_content_rect" computerName="PCW11X01" duration="00:00:00.0000426" startTime="2026-09-23T22:23:32.0747009+02:00" endTime="2026-09-23T22:23:32.0747009+02:00" testType="13cdc9d9-ddb5-4fa4-a97d-d965ccfc6d4b" outcome="Passed" testListId="8c84fa94-04c1-424b-9868-57a2d4851a1d" relativeResultsDirectory="605fcd2b-3689-4e2e-856e-3d90dbc3ec93" />
    <UnitTestResult executionId="e331a7f4-5cbb-4243-b664-b76be6ea2306" testId="b44a50b7-cf1f-1221-7814-1a5ead86cb22" testName="AuswertungPro.Next.UI.Tests.CodingOverlayViewportMapperTests.GetContentRect_uses_full_canvas_when_video_aspect_is_unknown" computerName="PCW11X01" duration="00:00:00.0001357" startTime="2026-09-23T22:23:32.0746418+02:00" endTime="2026-09-23T22:23:32.0746418+02:00" testType="13cdc9d9-ddb5-4fa4-a97d-d965ccfc6d4b" outcome="Passed" testListId="8c84fa94-04c1-424b-9868-57a2d4851a1d" relativeResultsDirectory="e331a7f4-5cbb-4243-b664-b76be6ea2306" />
    <UnitTestResult executionId="4ece1a17-2834-40d0-8b28-abd6e868b1fe" testId="cb0552f2-3d9b-27c5-57a7-55ea265c3ec1" testName="AuswertungPro.Next.UI.Tests.SamMaskRendererTests.DecideVisualMode_HidesConfirmedBackgroundWaterWall" computerName="PCW11X01" duration="00:00:00.0000930" startTime="2026-09-23T22:23:32.1390621+02:00" endTime="2026-09-23T22:23:32.1390621+02:00" testType="13cdc9d9-ddb5-4fa4-a97d-d965ccfc6d4b" outcome="Passed" testListId="8c84fa94-04c1-424b-9868-57a2d4851a1d" relativeResultsDirectory="4ece1a17-2834-40d0-8b28-abd6e868b1fe" />
    <UnitTestResult executionId="ca3c9d14-c027-49ae-95bd-e71d2a002305" testId="f66cd25e-014d-da3a-75de-88932b095540" testName="AuswertungPro.Next.UI.Tests.SamMaskRendererTests.DecideVisualMode_FillsLargeDefect" computerName="PCW11X01" duration="00:00:00.0000692" startTime="2026-09-23T22:23:32.1130219+02:00" endTime="2026-09-23T22:23:32.1130220+02:00" testType="13cdc9d9-ddb5-4fa4-a97d-d965ccfc6d4b" outcome="Passed" testListId="8c84fa94-04c1-424b-9868-57a2d4851a1d" relativeResultsDirectory="ca3c9d14-c027-49ae-95bd-e71d2a002305" />
    <UnitTestResult executionId="cb2e4db6-1464-4984-83c1-f1d36d9908af" testId="c3998d5d-d3b1-79d6-078c-647c304758c3" testName="AuswertungPro.Next.UI.Tests.SamMaskRendererTests.DecodeRle_OversizedDimensions_ReturnsEmptyWithoutAllocating" computerName="PCW11X01" duration="00:00:00.0000282" startTime="2026-09-23T22:23:32.1391121+02:00" endTime="2026-09-23T22:23:32.1391121+02:00" testType="13cdc9d9-ddb5-4fa4-a97d-d965ccfc6d4b" outcome="Passed" testListId="8c84fa94-04c1-424b-9868-57a2d4851a1d" relativeResultsDirectory="cb2e4db6-1464-4984-83c1-f1d36d9908af" />
    <UnitTestResult executionId="a4b21872-9cd0-4965-a65f-1b04d13c77bd" testId="b27701b1-9ca6-c18f-c5cd-5d98c87a73af" testName="AuswertungPro.Next.UI.Tests.CodingAiRectangleOverlayRendererTests.Render_returns_false_for_incomplete_or_non_rectangle_geometry" computerName="PCW11X01" duration="00:00:00.0442001" startTime="2026-09-23T22:23:31.8941876+02:00" endTime="2026-09-23T22:23:31.8942008+02:00" testType="13cdc9d9-ddb5-4fa4-a97d-d965ccfc6d4b" outcome="Passed" testListId="8c84fa94-04c1-424b-9868-57a2d4851a1d" relativeResultsDirectory="a4b21872-9cd0-4965-a65f-1b04d13c77bd" />
    <UnitTestResult executionId="ed726e67-efe0-4396-a256-adc6780434b6" testId="562c492b-cb52-98ff-11fd-a3d5aa7b0697" testName="AuswertungPro.Next.UI.Tests.CodingOverlayViewportRefreshWorkflowTests.Execute_updates_viewport_when_canvas_size_is_not_usable(actualWidth: 100, actualHeight: -1)" computerName="PCW11X01" duration="00:00:00.0014352" startTime="2026-09-23T22:23:32.1405661+02:00" endTime="2026-09-23T22:23:32.1405662+02:00" testType="13cdc9d9-ddb5-4fa4-a97d-d965ccfc6d4b" outcome="Passed" testListId="8c84fa94-04c1-424b-9868-57a2d4851a1d" relativeResultsDirectory="ed726e67-efe0-4396-a256-adc6780434b6" />
    <UnitTestResult executionId="356368a3-6a8f-47f2-8b04-597d47eb363b" testId="20468750-63d2-9908-c93e-0b04c8a8eb0e" testName="AuswertungPro.Next.UI.Tests.CodingAiRectangleOverlayRendererTests.Render_adds_ai_rectangle_and_label_with_mapped_bounds" computerName="PCW11X01" duration="00:00:00.1595233" startTime="2026-09-23T22:23:32.0534174+02:00" endTime="2026-09-23T22:23:32.0534178+02:00" testType="13cdc9d9-ddb5-4fa4-a97d-d965ccfc6d4b" outcome="Passed" testListId="8c84fa94-04c1-424b-9868-57a2d4851a1d" relativeResultsDirectory="356368a3-6a8f-47f2-8b04-597d47eb363b" />
    <UnitTestResult executionId="70ba662e-8c9a-40bb-b869-6a0e28493aee" testId="fdd92bce-3f3f-3a2d-706e-c47a6c1e271d" testName="AuswertungPro.Next.UI.Tests.CodingOverlayViewportRefreshWorkflowTests.Execute_updates_viewport_when_canvas_size_is_not_usable(actualWidth: 100, actualHeight: 0)" computerName="PCW11X01" duration="00:00:00.0000033" startTime="2026-09-23T22:23:32.1407879+02:00" endTime="2026-09-23T22:23:32.1407880+02:00" testType="13cdc9d9-ddb5-4fa4-a97d-d965ccfc6d4b" outcome="Passed" testListId="8c84fa94-04c1-424b-9868-57a2d4851a1d" relativeResultsDirectory="70ba662e-8c9a-40bb-b869-6a0e28493aee" />
    <UnitTestResult executionId="09405b01-8b42-4dad-81e4-0d81acf04c81" testId="e1b7e1c1-82f3-cb81-9a8a-4be10455f0ff" testName="AuswertungPro.Next.UI.Tests.CodingOverlayViewportMapperTests.BuildSizeUpdate_rejects_invalid_video_size(videoWidth: 640, videoHeight: 1)" computerName="PCW11X01" duration="00:00:00.0000045" startTime="2026-09-23T22:23:32.0554089+02:00" endTime="2026-09-23T22:23:32.0554089+02:00" testType="13cdc9d9-ddb5-4fa4-a97d-d965ccfc6d4b" outcome="Passed" testListId="8c84fa94-04c1-424b-9868-57a2d4851a1d" relativeResultsDirectory="09405b01-8b42-4dad-81e4-0d81acf04c81" />
    <UnitTestResult executionId="63962e6d-1875-4bac-89e0-4e7a337b4ce8" testId="4554a90e-2a6f-5823-a5f6-38bd4bf3f636" testName="AuswertungPro.Next.UI.Tests.PhotoGalleryTileSizeStoreTests.Ohne_konfigurierte_Live_Instanz_wird_nichts_geschrieben" computerName="PCW11X01" duration="00:00:00.0006579" startTime="2026-09-23T22:23:32.0981094+02:00" endTime="2026-09-23T22:23:32.0981095+02:00" testType="13cdc9d9-ddb5-4fa4-a97d-d965ccfc6d4b" outcome="Passed" testListId="8c84fa94-04c1-424b-9868-57a2d4851a1d" relativeResultsDirectory="63962e6d-1875-4bac-89e0-4e7a337b4ce8" />
    <UnitTestResult executionId="b722f585-d5a6-46ee-926f-22bbe5cfa106" testId="bc7cd6d0-385b-d19e-05a1-c0b8c179784c" testName="AuswertungPro.Next.UI.Tests.CodingOverlayViewportMapperTests.PixelToNorm_maps_pixels_inside_visible_content_rect" computerName="PCW11X01" duration="00:00:00.0001436" startTime="2026-09-23T22:23:32.0746269+02:00" endTime="2026-09-23T22:23:32.0746270+02:00" testType="13cdc9d9-ddb5-4fa4-a97d-d965ccfc6d4b" outcome="Passed" testListId="8c84fa94-04c1-424b-9868-57a2d4851a1d" relativeResultsDirectory="b722f585-d5a6-46ee-926f-22bbe5cfa106" />
    <UnitTestResult executionId="05491d53-2a92-44c3-bdb0-51bf2ba3e141" testId="2b587132-47cd-4493-74b3-0fa6685fec81" testName="AuswertungPro.Next.UI.Tests.CodingOverlayViewportMapperTests.BuildSizeUpdate_rejects_invalid_video_size(videoWidth: NaN, videoHeight: 480)" computerName="PCW11X01" duration="00:00:00.0003584" startTime="2026-09-23T22:23:32.0551435+02:00" endTime="2026-09-23T22:23:32.0551436+02:00" testType="13cdc9d9-ddb5-4fa4-a97d-d965ccfc6d4b" outcome="Passed" testListId="8c84fa94-04c1-424b-9868-57a2d4851a1d" relativeResultsDirectory="05491d53-2a92-44c3-bdb0-51bf2ba3e141" />
  </Results>
  <TestDefinitions>
    <UnitTest name="AuswertungPro.Next.UI.Tests.CodingOverlayViewportMapperTests.GetContentRect_pillarboxes_narrow_video_in_wide_canvas" storage="c:\sewer-studio_ki_5.0\tests\auswertungpro.next.ui.tests\bin\release\net10.0-windows10.0.19041\auswertungpro.next.ui.tests.dll" id="430234e5-1ca9-faf2-ae58-05cdfcea6d84">
      <Execution id="0dae3a19-cc9c-4507-9b1d-47d37d022200" />
      <TestMethod codeBase="C:\Sewer-Studio_KI_5.0\tests\AuswertungPro.Next.UI.Tests\bin\Release\net10.0-windows10.0.19041\AuswertungPro.Next.UI.Tests.dll" adapterTypeName="executor://xunit/VsTestRunner2/netcoreapp" className="AuswertungPro.Next.UI.Tests.CodingOverlayViewportMapperTests" name="GetContentRect_pillarboxes_narrow_video_in_wide_canvas" />
    </UnitTest>
    <UnitTest name="AuswertungPro.Next.UI.Tests.SamMaskRendererTests.DecodeRle_ValidRle_DecodesCorrectly" storage="c:\sewer-studio_ki_5.0\tests\auswertungpro.next.ui.tests\bin\release\net10.0-windows10.0.19041\auswertungpro.next.ui.tests.dll" id="dcee33de-8960-8aca-ad1b-1044c2f31b6a">
      <Execution id="fa18af3e-7146-47e8-8e52-9d4f105226ca" />
      <TestMethod codeBase="C:\Sewer-Studio_KI_5.0\tests\AuswertungPro.Next.UI.Tests\bin\Release\net10.0-windows10.0.19041\AuswertungPro.Next.UI.Tests.dll" adapterTypeName="executor://xunit/VsTestRunner2/netcoreapp" className="AuswertungPro.Next.UI.Tests.SamMaskRendererTests" name="DecodeRle_ValidRle_DecodesCorrectly" />
    </UnitTest>
    <UnitTest name="AuswertungPro.Next.UI.Tests.SamMaskRendererTests.DecideVisualMode_IsNullSafeForMissingBbox" storage="c:\sewer-studio_ki_5.0\tests\auswertungpro.next.ui.tests\bin\release\net10.0-windows10.0.19041\auswertungpro.next.ui.tests.dll" id="2e2de543-d49a-8aa6-247a-5a1d10b31674">
      <Execution id="c03a83f9-85e6-4fca-8d7c-14fad095624b" />
      <TestMethod codeBase="C:\Sewer-Studio_KI_5.0\tests\AuswertungPro.Next.UI.Tests\bin\Release\net10.0-windows10.0.19041\AuswertungPro.Next.UI.Tests.dll" adapterTypeName="executor://xunit/VsTestRunner2/netcoreapp" className="AuswertungPro.Next.UI.Tests.SamMaskRendererTests" name="DecideVisualMode_IsNullSafeForMissingBbox" />
    </UnitTest>
    <UnitTest name="AuswertungPro.Next.UI.Tests.SamMaskRendererTests.DecodeRle_NegativeDimensions_ReturnsEmptyWithoutThrow" storage="c:\sewer-studio_ki_5.0\tests\auswertungpro.next.ui.tests\bin\release\net10.0-windows10.0.19041\auswertungpro.next.ui.tests.dll" id="618bcf81-4b30-078c-8fdb-a6d12fec8017">
      <Execution id="31dd1d70-1f68-4163-b19f-aa3d4afa4cd8" />
      <TestMethod codeBase="C:\Sewer-Studio_KI_5.0\tests\AuswertungPro.Next.UI.Tests\bin\Release\net10.0-windows10.0.19041\AuswertungPro.Next.UI.Tests.dll" adapterTypeName="executor://xunit/VsTestRunner2/netcoreapp" className="AuswertungPro.Next.UI.Tests.SamMaskRendererTests" name="DecodeRle_NegativeDimensions_ReturnsEmptyWithoutThrow" />
    </UnitTest>
    <UnitTest name="AuswertungPro.Next.UI.Tests.SamMaskRendererTests.DecideVisualMode_HidesConfirmedBackgroundWaterWall" storage="c:\sewer-studio_ki_5.0\tests\auswertungpro.next.ui.tests\bin\release\net10.0-windows10.0.19041\auswertungpro.next.ui.tests.dll" id="cb0552f2-3d9b-27c5-57a7-55ea265c3ec1">
      <Execution id="4ece1a17-2834-40d0-8b28-abd6e868b1fe" />
      <TestMethod codeBase="C:\Sewer-Studio_KI_5.0\tests\AuswertungPro.Next.UI.Tests\bin\Release\net10.0-windows10.0.19041\AuswertungPro.Next.UI.Tests.dll" adapterTypeName="executor://xunit/VsTestRunner2/netcoreapp" className="AuswertungPro.Next.UI.Tests.SamMaskRendererTests" name="DecideVisualMode_HidesConfirmedBackgroundWaterWall" />
    </UnitTest>
    <UnitTest name="AuswertungPro.Next.UI.Tests.SamMaskRendererTests.DecideVisualMode_UsesSubtleFillForSmallHighConfidenceDefect" storage="c:\sewer-studio_ki_5.0\tests\auswertungpro.next.ui.tests\bin\release\net10.0-windows10.0.19041\auswertungpro.next.ui.tests.dll" id="272ddbc9-9534-e6a6-55cf-613166525fa0">
      <Execution id="ee382e4d-e7ba-4b60-80eb-631efce38cb9" />
      <TestMethod codeBase="C:\Sewer-Studio_KI_5.0\tests\AuswertungPro.Next.UI.Tests\bin\Release\net10.0-windows10.0.19041\AuswertungPro.Next.UI.Tests.dll" adapterTypeName="executor://xunit/VsTestRunner2/netcoreapp" className="AuswertungPro.Next.UI.Tests.SamMaskRendererTests" name="DecideVisualMode_UsesSubtleFillForSmallHighConfidenceDefect" />
    </UnitTest>
    <UnitTest name="AuswertungPro.Next.UI.Tests.CodingOverlayViewportRefreshWorkflowTests.Execute_updates_viewport_when_canvas_size_is_not_usable(actualWidth: 0, actualHeight: 100)" storage="c:\sewer-studio_ki_5.0\tests\auswertungpro.next.ui.tests\bin\release\net10.0-windows10.0.19041\auswertungpro.next.ui.tests.dll" id="c5404fba-1759-f839-6f86-d771a80ebc1c">
      <Execution id="63accfc8-97fd-4d84-99cb-b208cf953135" />
      <TestMethod codeBase="C:\Sewer-Studio_KI_5.0\tests\AuswertungPro.Next.UI.Tests\bin\Release\net10.0-windows10.0.19041\AuswertungPro.Next.UI.Tests.dll" adapterTypeName="executor://xunit/VsTestRunner2/netcoreapp" className="AuswertungPro.Next.UI.Tests.CodingOverlayViewportRefreshWorkflowTests" name="Execute_updates_viewport_when_canvas_size_is_not_usable" />
    </UnitTest>
    <UnitTest name="AuswertungPro.Next.UI.Tests.CodingOverlayViewportRefreshWorkflowTests.Execute_skips_update_when_canvas_size_is_usable" storage="c:\sewer-studio_ki_5.0\tests\auswertungpro.next.ui.tests\bin\release\net10.0-windows10.0.19041\auswertungpro.next.ui.tests.dll" id="568167de-2fc6-2550-5ff4-9e8c89ae7684">
      <Execution id="62a60338-8c37-4321-a405-31b9f18a8e71" />
      <TestMethod codeBase="C:\Sewer-Studio_KI_5.0\tests\AuswertungPro.Next.UI.Tests\bin\Release\net10.0-windows10.0.19041\AuswertungPro.Next.UI.Tests.dll" adapterTypeName="executor://xunit/VsTestRunner2/netcoreapp" className="AuswertungPro.Next.UI.Tests.CodingOverlayViewportRefreshWorkflowTests" name="Execute_skips_update_when_canvas_size_is_usable" />
    </UnitTest>
    <UnitTest name="AuswertungPro.Next.UI.Tests.CodingOverlayViewportMapperTests.BuildSizeUpdate_returns_values_that_need_resizing" storage="c:\sewer-studio_ki_5.0\tests\auswertungpro.next.ui.tests\bin\release\net10.0-windows10.0.19041\auswertungpro.next.ui.tests.dll" id="a1c6477b-1d7d-1cf9-3dcf-fa3ee31f00f1">
      <Execution id="5ee12031-69f0-46c0-a93e-04fcfd8603e0" />
      <TestMethod codeBase="C:\Sewer-Studio_KI_5.0\tests\AuswertungPro.Next.UI.Tests\bin\Release\net10.0-windows10.0.19041\AuswertungPro.Next.UI.Tests.dll" adapterTypeName="executor://xunit/VsTestRunner2/netcoreapp" className="AuswertungPro.Next.UI.Tests.CodingOverlayViewportMapperTests" name="BuildSizeUpdate_returns_values_that_need_resizing" />
    </UnitTest>
    <UnitTest name="AuswertungPro.Next.UI.Tests.SamMaskRendererTests.DecideVisualMode_KeepsDinoThresholdFindingVisible" storage="c:\sewer-studio_ki_5.0\tests\auswertungpro.next.ui.tests\bin\release\net10.0-windows10.0.19041\auswertungpro.next.ui.tests.dll" id="076e3212-f8b0-d9bc-eaa5-191a2cea8af3">
      <Execution id="e1ec6f68-793f-4316-a814-b9dc344e2d7b" />
      <TestMethod codeBase="C:\Sewer-Studio_KI_5.0\tests\AuswertungPro.Next.UI.Tests\bin\Release\net10.0-windows10.0.19041\AuswertungPro.Next.UI.Tests.dll" adapterTypeName="executor://xunit/VsTestRunner2/netcoreapp" className="AuswertungPro.Next.UI.Tests.SamMaskRendererTests" name="DecideVisualMode_KeepsDinoThresholdFindingVisible" />
    </UnitTest>
    <UnitTest name="AuswertungPro.Next.UI.Tests.SamMaskRendererTests.DecodeRle_InvalidStartToken_ReturnsEmptyMaskWithoutThrow" storage="c:\sewer-studio_ki_5.0\tests\auswertungpro.next.ui.tests\bin\release\net10.0-windows10.0.19041\auswertungpro.next.ui.tests.dll" id="edc2bfe2-b553-c722-08ee-e6cf2307233c">
      <Execution id="02d2814d-1432-4699-9f30-8e9ed0c0a892" />
      <TestMethod codeBase="C:\Sewer-Studio_KI_5.0\tests\AuswertungPro.Next.UI.Tests\bin\Release\net10.0-windows10.0.19041\AuswertungPro.Next.UI.Tests.dll" adapterTypeName="executor://xunit/VsTestRunner2/netcoreapp" className="AuswertungPro.Next.UI.Tests.SamMaskRendererTests" name="DecodeRle_InvalidStartToken_ReturnsEmptyMaskWithoutThrow" />
    </UnitTest>
    <UnitTest name="AuswertungPro.Next.UI.Tests.CodingOverlayViewportMapperTests.PixelToNorm_returns_center_for_invalid_content_rect" storage="c:\sewer-studio_ki_5.0\tests\auswertungpro.next.ui.tests\bin\release\net10.0-windows10.0.19041\auswertungpro.next.ui.tests.dll" id="1a87b1e6-4919-b5d5-dab1-866d3f28fe32">
      <Execution id="605fcd2b-3689-4e2e-856e-3d90dbc3ec93" />
      <TestMethod codeBase="C:\Sewer-Studio_KI_5.0\tests\AuswertungPro.Next.UI.Tests\bin\Release\net10.0-windows10.0.19041\AuswertungPro.Next.UI.Tests.dll" adapterTypeName="executor://xunit/VsTestRunner2/netcoreapp" className="AuswertungPro.Next.UI.Tests.CodingOverlayViewportMapperTests" name="PixelToNorm_returns_center_for_invalid_content_rect" />
    </UnitTest>
    <UnitTest name="AuswertungPro.Next.UI.Tests.CodingOverlayViewportMapperTests.BuildSizeUpdate_rejects_invalid_video_size(videoWidth: 640, videoHeight: NaN)" storage="c:\sewer-studio_ki_5.0\tests\auswertungpro.next.ui.tests\bin\release\net10.0-windows10.0.19041\auswertungpro.next.ui.tests.dll" id="614e1f2c-6ee5-0295-c953-2ce407423138">
      <Execution id="0cd8d711-5e6d-48f6-8ff5-83b2d78fc7b2" />
      <TestMethod codeBase="C:\Sewer-Studio_KI_5.0\tests\AuswertungPro.Next.UI.Tests\bin\Release\net10.0-windows10.0.19041\AuswertungPro.Next.UI.Tests.dll" adapterTypeName="executor://xunit/VsTestRunner2/netcoreapp" className="AuswertungPro.Next.UI.Tests.CodingOverlayViewportMapperTests" name="BuildSizeUpdate_rejects_invalid_video_size" />
    </UnitTest>
    <UnitTest name="AuswertungPro.Next.UI.Tests.CodingAiRectangleOverlayRendererTests.Render_returns_false_for_incomplete_or_non_rectangle_geometry" storage="c:\sewer-studio_ki_5.0\tests\auswertungpro.next.ui.tests\bin\release\net10.0-windows10.0.19041\auswertungpro.next.ui.tests.dll" id="b27701b1-9ca6-c18f-c5cd-5d98c87a73af">
      <Execution id="a4b21872-9cd0-4965-a65f-1b04d13c77bd" />
      <TestMethod codeBase="C:\Sewer-Studio_KI_5.0\tests\AuswertungPro.Next.UI.Tests\bin\Release\net10.0-windows10.0.19041\AuswertungPro.Next.UI.Tests.dll" adapterTypeName="executor://xunit/VsTestRunner2/netcoreapp" className="AuswertungPro.Next.UI.Tests.CodingAiRectangleOverlayRendererTests" name="Render_returns_false_for_incomplete_or_non_rectangle_geometry" />
    </UnitTest>
    <UnitTest name="AuswertungPro.Next.UI.Tests.CodingOverlayViewportMapperTests.GetContentRect_uses_full_canvas_when_video_aspect_is_unknown" storage="c:\sewer-studio_ki_5.0\tests\auswertungpro.next.ui.tests\bin\release\net10.0-windows10.0.19041\auswertungpro.next.ui.tests.dll" id="b44a50b7-cf1f-1221-7814-1a5ead86cb22">
      <Execution id="e331a7f4-5cbb-4243-b664-b76be6ea2306" />
      <TestMethod codeBase="C:\Sewer-Studio_KI_5.0\tests\AuswertungPro.Next.UI.Tests\bin\Release\net10.0-windows10.0.19041\AuswertungPro.Next.UI.Tests.dll" adapterTypeName="executor://xunit/VsTestRunner2/netcoreapp" className="AuswertungPro.Next.UI.Tests.CodingOverlayViewportMapperTests" name="GetContentRect_uses_full_canvas_when_video_aspect_is_unknown" />
    </UnitTest>
    <UnitTest name="AuswertungPro.Next.UI.Tests.SamMaskRendererTests.RenderCandidates_LargeDefectDrawsFillContourAndLabel" storage="c:\sewer-studio_ki_5.0\tests\auswertungpro.next.ui.tests\bin\release\net10.0-windows10.0.19041\auswertungpro.next.ui.tests.dll" id="93500bb3-66e7-bd40-75f6-1a078a062f92">
      <Execution id="a73c2148-3e8a-43ca-b185-2a50f20cf10e" />
      <TestMethod codeBase="C:\Sewer-Studio_KI_5.0\tests\AuswertungPro.Next.UI.Tests\bin\Release\net10.0-windows10.0.19041\AuswertungPro.Next.UI.Tests.dll" adapterTypeName="executor://xunit/VsTestRunner2/netcoreapp" className="AuswertungPro.Next.UI.Tests.SamMaskRendererTests" name="RenderCandidates_LargeDefectDrawsFillContourAndLabel" />
    </UnitTest>
    <UnitTest name="AuswertungPro.Next.UI.Tests.CodingOverlayViewportMapperTests.BuildSizeUpdate_rejects_invalid_video_size(videoWidth: 640, videoHeight: 1)" storage="c:\sewer-studio_ki_5.0\tests\auswertungpro.next.ui.tests\bin\release\net10.0-windows10.0.19041\auswertungpro.next.ui.tests.dll" id="e1b7e1c1-82f3-cb81-9a8a-4be10455f0ff">
      <Execution id="09405b01-8b42-4dad-81e4-0d81acf04c81" />
      <TestMethod codeBase="C:\Sewer-Studio_KI_5.0\tests\AuswertungPro.Next.UI.Tests\bin\Release\net10.0-windows10.0.19041\AuswertungPro.Next.UI.Tests.dll" adapterTypeName="executor://xunit/VsTestRunner2/netcoreapp" className="AuswertungPro.Next.UI.Tests.CodingOverlayViewportMapperTests" name="BuildSizeUpdate_rejects_invalid_video_size" />
    </UnitTest>
    <UnitTest name="AuswertungPro.Next.UI.Tests.SamMaskRendererTests.DecodeRle_HugeRunLength_DoesNotOverflowOrThrow" storage="c:\sewer-studio_ki_5.0\tests\auswertungpro.next.ui.tests\bin\release\net10.0-windows10.0.19041\auswertungpro.next.ui.tests.dll" id="b9ea9cee-3243-c6e5-42a0-a4acd1b2e747">
      <Execution id="3c114265-28e4-441b-98be-d11dab84f500" />
      <TestMethod codeBase="C:\Sewer-Studio_KI_5.0\tests\AuswertungPro.Next.UI.Tests\bin\Release\net10.0-windows10.0.19041\AuswertungPro.Next.UI.Tests.dll" adapterTypeName="executor://xunit/VsTestRunner2/netcoreapp" className="AuswertungPro.Next.UI.Tests.SamMaskRendererTests" name="DecodeRle_HugeRunLength_DoesNotOverflowOrThrow" />
    </UnitTest>
    <UnitTest name="AuswertungPro.Next.UI.Tests.CodingOverlayViewportMapperTests.PixelToNorm_maps_pixels_inside_visible_content_rect" storage="c:\sewer-studio_ki_5.0\tests\auswertungpro.next.ui.tests\bin\release\net10.0-windows10.0.19041\auswertungpro.next.ui.tests.dll" id="bc7cd6d0-385b-d19e-05a1-c0b8c179784c">
      <Execution id="b722f585-d5a6-46ee-926f-22bbe5cfa106" />
      <TestMethod codeBase="C:\Sewer-Studio_KI_5.0\tests\AuswertungPro.Next.UI.Tests\bin\Release\net10.0-windows10.0.19041\AuswertungPro.Next.UI.Tests.dll" adapterTypeName="executor://xunit/VsTestRunner2/netcoreapp" className="AuswertungPro.Next.UI.Tests.CodingOverlayViewportMapperTests" name="PixelToNorm_maps_pixels_inside_visible_content_rect" />
    </UnitTest>
    <UnitTest name="AuswertungPro.Next.UI.Tests.SamMaskRendererTests.RenderCandidates_DoesNotDrawHiddenBackgroundMask" storage="c:\sewer-studio_ki_5.0\tests\auswertungpro.next.ui.tests\bin\release\net10.0-windows10.0.19041\auswertungpro.next.ui.tests.dll" id="2e8a2191-e70c-06af-dc72-e0da2051899a">
      <Execution id="d506a08d-628b-472a-8e76-2d244ce32083" />
      <TestMethod codeBase="C:\Sewer-Studio_KI_5.0\tests\AuswertungPro.Next.UI.Tests\bin\Release\net10.0-windows10.0.19041\AuswertungPro.Next.UI.Tests.dll" adapterTypeName="executor://xunit/VsTestRunner2/netcoreapp" className="AuswertungPro.Next.UI.Tests.SamMaskRendererTests" name="RenderCandidates_DoesNotDrawHiddenBackgroundMask" />
    </UnitTest>
    <UnitTest name="AuswertungPro.Next.UI.Tests.MotionSettingsTests.Configure_with_true_always_reduces" storage="c:\sewer-studio_ki_5.0\tests\auswertungpro.next.ui.tests\bin\release\net10.0-windows10.0.19041\auswertungpro.next.ui.tests.dll" id="d51d1652-25c3-b521-eff3-b536d44f02cd">
      <Execution id="eed79041-7490-42bc-af69-4c1648ac78fa" />
      <TestMethod codeBase="C:\Sewer-Studio_KI_5.0\tests\AuswertungPro.Next.UI.Tests\bin\Release\net10.0-windows10.0.19041\AuswertungPro.Next.UI.Tests.dll" adapterTypeName="executor://xunit/VsTestRunner2/netcoreapp" className="AuswertungPro.Next.UI.Tests.MotionSettingsTests" name="Configure_with_true_always_reduces" />
    </UnitTest>
    <UnitTest name="AuswertungPro.Next.UI.Tests.SamMaskRendererTests.DecodeRle_OversizedDimensions_ReturnsEmptyWithoutAllocating" storage="c:\sewer-studio_ki_5.0\tests\auswertungpro.next.ui.tests\bin\release\net10.0-windows10.0.19041\auswertungpro.next.ui.tests.dll" id="c3998d5d-d3b1-79d6-078c-647c304758c3">
      <Execution id="cb2e4db6-1464-4984-83c1-f1d36d9908af" />
      <TestMethod codeBase="C:\Sewer-Studio_KI_5.0\tests\AuswertungPro.Next.UI.Tests\bin\Release\net10.0-windows10.0.19041\AuswertungPro.Next.UI.Tests.dll" adapterTypeName="executor://xunit/VsTestRunner2/netcoreapp" className="AuswertungPro.Next.UI.Tests.SamMaskRendererTests" name="DecodeRle_OversizedDimensions_ReturnsEmptyWithoutAllocating" />
    </UnitTest>
    <UnitTest name="AuswertungPro.Next.UI.Tests.MotionSettingsTests.Configure_with_false_follows_windows_instead_of_forcing_animations" storage="c:\sewer-studio_ki_5.0\tests\auswertungpro.next.ui.tests\bin\release\net10.0-windows10.0.19041\auswertungpro.next.ui.tests.dll" id="39b3dd05-3286-4b81-ef61-ff4906ad2064">
      <Execution id="2f3da72d-eb1c-4013-9bc8-fb97c76a603b" />
      <TestMethod codeBase="C:\Sewer-Studio_KI_5.0\tests\AuswertungPro.Next.UI.Tests\bin\Release\net10.0-windows10.0.19041\AuswertungPro.Next.UI.Tests.dll" adapterTypeName="executor://xunit/VsTestRunner2/netcoreapp" className="AuswertungPro.Next.UI.Tests.MotionSettingsTests" name="Configure_with_false_follows_windows_instead_of_forcing_animations" />
    </UnitTest>
    <UnitTest name="AuswertungPro.Next.UI.Tests.SamMaskRendererTests.DecideVisualMode_FillsManualMaskWithoutDinoConfidence" storage="c:\sewer-studio_ki_5.0\tests\auswertungpro.next.ui.tests\bin\release\net10.0-windows10.0.19041\auswertungpro.next.ui.tests.dll" id="0e0ed21a-2d79-6d63-df54-2a6cfaefd7b1">
      <Execution id="7543084a-310f-4dc7-8034-d5c466b5a238" />
      <TestMethod codeBase="C:\Sewer-Studio_KI_5.0\tests\AuswertungPro.Next.UI.Tests\bin\Release\net10.0-windows10.0.19041\AuswertungPro.Next.UI.Tests.dll" adapterTypeName="executor://xunit/VsTestRunner2/netcoreapp" className="AuswertungPro.Next.UI.Tests.SamMaskRendererTests" name="DecideVisualMode_FillsManualMaskWithoutDinoConfidence" />
    </UnitTest>
    <UnitTest name="AuswertungPro.Next.UI.Tests.SamMaskRendererTests.DecodeRle_InvalidRunToken_DecodesValidPrefixWithoutThrow" storage="c:\sewer-studio_ki_5.0\tests\auswertungpro.next.ui.tests\bin\release\net10.0-windows10.0.19041\auswertungpro.next.ui.tests.dll" id="d9d4b704-52b4-141a-ce9a-afb8021c9b05">
      <Execution id="635aef4b-f61b-4798-af82-4a3d3727e5ed" />
      <TestMethod codeBase="C:\Sewer-Studio_KI_5.0\tests\AuswertungPro.Next.UI.Tests\bin\Release\net10.0-windows10.0.19041\AuswertungPro.Next.UI.Tests.dll" adapterTypeName="executor://xunit/VsTestRunner2/netcoreapp" className="AuswertungPro.Next.UI.Tests.SamMaskRendererTests" name="DecodeRle_InvalidRunToken_DecodesValidPrefixWithoutThrow" />
    </UnitTest>
    <UnitTest name="AuswertungPro.Next.UI.Tests.CodingOverlayViewportMapperTests.UpdateViewport_applies_only_canvas_dimensions_that_need_resizing" storage="c:\sewer-studio_ki_5.0\tests\auswertungpro.next.ui.tests\bin\release\net10.0-windows10.0.19041\auswertungpro.next.ui.tests.dll" id="eb2ce1a0-d1a7-1b2f-8345-235629f04dc5">
      <Execution id="fd832f9e-ce59-4d77-9ad1-798f5c4703fa" />
      <TestMethod codeBase="C:\Sewer-Studio_KI_5.0\tests\AuswertungPro.Next.UI.Tests\bin\Release\net10.0-windows10.0.19041\AuswertungPro.Next.UI.Tests.dll" adapterTypeName="executor://xunit/VsTestRunner2/netcoreapp" className="AuswertungPro.Next.UI.Tests.CodingOverlayViewportMapperTests" name="UpdateViewport_applies_only_canvas_dimensions_that_need_resizing" />
    </UnitTest>
    <UnitTest name="AuswertungPro.Next.UI.Tests.CodingOverlayViewportMapperTests.NormToPixel_maps_norm_inside_visible_content_rect" storage="c:\sewer-studio_ki_5.0\tests\auswertungpro.next.ui.tests\bin\release\net10.0-windows10.0.19041\auswertungpro.next.ui.tests.dll" id="180da9f1-d6f6-6922-c311-1d2f2ab7e961">
      <Execution id="10888ff2-1d1a-4786-925f-4ef97e960ec4" />
      <TestMethod codeBase="C:\Sewer-Studio_KI_5.0\tests\AuswertungPro.Next.UI.Tests\bin\Release\net10.0-windows10.0.19041\AuswertungPro.Next.UI.Tests.dll" adapterTypeName="executor://xunit/VsTestRunner2/netcoreapp" className="AuswertungPro.Next.UI.Tests.CodingOverlayViewportMapperTests" name="NormToPixel_maps_norm_inside_visible_content_rect" />
    </UnitTest>
    <UnitTest name="AuswertungPro.Next.UI.Tests.SamMaskRendererTests.RenderMasks_NullBboxRendersMaskWithoutLabelOrThrow" storage="c:\sewer-studio_ki_5.0\tests\auswertungpro.next.ui.tests\bin\release\net10.0-windows10.0.19041\auswertungpro.next.ui.tests.dll" id="9c362db8-51c5-fe7f-7049-754007db952d">
      <Execution id="e37c4931-ed34-405d-ae8c-f37cf2ca9edd" />
      <TestMethod codeBase="C:\Sewer-Studio_KI_5.0\tests\AuswertungPro.Next.UI.Tests\bin\Release\net10.0-windows10.0.19041\AuswertungPro.Next.UI.Tests.dll" adapterTypeName="executor://xunit/VsTestRunner2/netcoreapp" className="AuswertungPro.Next.UI.Tests.SamMaskRendererTests" name="RenderMasks_NullBboxRendersMaskWithoutLabelOrThrow" />
    </UnitTest>
    <UnitTest name="AuswertungPro.Next.UI.Tests.CodingOverlayViewportMapperTests.BuildSizeUpdate_rejects_invalid_video_size(videoWidth: 640, videoHeight: ∞)" storage="c:\sewer-studio_ki_5.0\tests\auswertungpro.next.ui.tests\bin\release\net10.0-windows10.0.19041\auswertungpro.next.ui.tests.dll" id="137783c2-43d2-a182-ca2b-08bcd4a4cbe6">
      <Execution id="a124862d-3711-435a-b2c0-9b8a2fe70c34" />
      <TestMethod codeBase="C:\Sewer-Studio_KI_5.0\tests\AuswertungPro.Next.UI.Tests\bin\Release\net10.0-windows10.0.19041\AuswertungPro.Next.UI.Tests.dll" adapterTypeName="executor://xunit/VsTestRunner2/netcoreapp" className="AuswertungPro.Next.UI.Tests.CodingOverlayViewportMapperTests" name="BuildSizeUpdate_rejects_invalid_video_size" />
    </UnitTest>
    <UnitTest name="AuswertungPro.Next.UI.Tests.CodingOverlayViewportRefreshWorkflowTests.Execute_updates_viewport_when_canvas_size_is_not_usable(actualWidth: -1, actualHeight: 100)" storage="c:\sewer-studio_ki_5.0\tests\auswertungpro.next.ui.tests\bin\release\net10.0-windows10.0.19041\auswertungpro.next.ui.tests.dll" id="5c07b321-1b12-59cf-8f0b-ff18f048e744">
      <Execution id="d78834bc-1ec8-4e48-8696-c8cb523f1bb6" />
      <TestMethod codeBase="C:\Sewer-Studio_KI_5.0\tests\AuswertungPro.Next.UI.Tests\bin\Release\net10.0-windows10.0.19041\AuswertungPro.Next.UI.Tests.dll" adapterTypeName="executor://xunit/VsTestRunner2/netcoreapp" className="AuswertungPro.Next.UI.Tests.CodingOverlayViewportRefreshWorkflowTests" name="Execute_updates_viewport_when_canvas_size_is_not_usable" />
    </UnitTest>
    <UnitTest name="AuswertungPro.Next.UI.Tests.CodingAiOverlayRendererTests.Render_clears_existing_ai_children_before_ignoring_empty_canvas_size" storage="c:\sewer-studio_ki_5.0\tests\auswertungpro.next.ui.tests\bin\release\net10.0-windows10.0.19041\auswertungpro.next.ui.tests.dll" id="4fef3873-d051-7aa5-d033-dbb071032e2a">
      <Execution id="985af143-9d82-4759-bb67-4db84bcf3f14" />
      <TestMethod codeBase="C:\Sewer-Studio_KI_5.0\tests\AuswertungPro.Next.UI.Tests\bin\Release\net10.0-windows10.0.19041\AuswertungPro.Next.UI.Tests.dll" adapterTypeName="executor://xunit/VsTestRunner2/netcoreapp" className="AuswertungPro.Next.UI.Tests.CodingAiOverlayRendererTests" name="Render_clears_existing_ai_children_before_ignoring_empty_canvas_size" />
    </UnitTest>
    <UnitTest name="AuswertungPro.Next.UI.Tests.CodingOverlayViewportMapperTests.BuildSizeUpdate_rejects_invalid_video_size(videoWidth: NaN, videoHeight: 480)" storage="c:\sewer-studio_ki_5.0\tests\auswertungpro.next.ui.tests\bin\release\net10.0-windows10.0.19041\auswertungpro.next.ui.tests.dll" id="2b587132-47cd-4493-74b3-0fa6685fec81">
      <Execution id="05491d53-2a92-44c3-bdb0-51bf2ba3e141" />
      <TestMethod codeBase="C:\Sewer-Studio_KI_5.0\tests\AuswertungPro.Next.UI.Tests\bin\Release\net10.0-windows10.0.19041\AuswertungPro.Next.UI.Tests.dll" adapterTypeName="executor://xunit/VsTestRunner2/netcoreapp" className="AuswertungPro.Next.UI.Tests.CodingOverlayViewportMapperTests" name="BuildSizeUpdate_rejects_invalid_video_size" />
    </UnitTest>
    <UnitTest name="AuswertungPro.Next.UI.Tests.CodingOverlayViewportMapperTests.BuildSizeUpdate_rejects_invalid_video_size(videoWidth: 1, videoHeight: 480)" storage="c:\sewer-studio_ki_5.0\tests\auswertungpro.next.ui.tests\bin\release\net10.0-windows10.0.19041\auswertungpro.next.ui.tests.dll" id="c7d10a88-fb1a-411f-4bd9-58915a19c1c3">
      <Execution id="8b043d6a-21f6-4d25-9105-dafbc7df0099" />
      <TestMethod codeBase="C:\Sewer-Studio_KI_5.0\tests\AuswertungPro.Next.UI.Tests\bin\Release\net10.0-windows10.0.19041\AuswertungPro.Next.UI.Tests.dll" adapterTypeName="executor://xunit/VsTestRunner2/netcoreapp" className="AuswertungPro.Next.UI.Tests.CodingOverlayViewportMapperTests" name="BuildSizeUpdate_rejects_invalid_video_size" />
    </UnitTest>
    <UnitTest name="AuswertungPro.Next.UI.Tests.SamMaskRendererTests.DecideVisualMode_FillsLargeDefect" storage="c:\sewer-studio_ki_5.0\tests\auswertungpro.next.ui.tests\bin\release\net10.0-windows10.0.19041\auswertungpro.next.ui.tests.dll" id="f66cd25e-014d-da3a-75de-88932b095540">
      <Execution id="ca3c9d14-c027-49ae-95bd-e71d2a002305" />
      <TestMethod codeBase="C:\Sewer-Studio_KI_5.0\tests\AuswertungPro.Next.UI.Tests\bin\Release\net10.0-windows10.0.19041\AuswertungPro.Next.UI.Tests.dll" adapterTypeName="executor://xunit/VsTestRunner2/netcoreapp" className="AuswertungPro.Next.UI.Tests.SamMaskRendererTests" name="DecideVisualMode_FillsLargeDefect" />
    </UnitTest>
    <UnitTest name="AuswertungPro.Next.UI.Tests.CodingAiOverlayRendererTests.Render_clears_existing_ai_children_and_renders_supported_ai_events" storage="c:\sewer-studio_ki_5.0\tests\auswertungpro.next.ui.tests\bin\release\net10.0-windows10.0.19041\auswertungpro.next.ui.tests.dll" id="1b7cb4d0-5ea5-f22a-eb71-0b761be7083a">
      <Execution id="37271c9e-aab6-4ce3-9cd1-35dbb2ac56a1" />
      <TestMethod codeBase="C:\Sewer-Studio_KI_5.0\tests\AuswertungPro.Next.UI.Tests\bin\Release\net10.0-windows10.0.19041\AuswertungPro.Next.UI.Tests.dll" adapterTypeName="executor://xunit/VsTestRunner2/netcoreapp" className="AuswertungPro.Next.UI.Tests.CodingAiOverlayRendererTests" name="Render_clears_existing_ai_children_and_renders_supported_ai_events" />
    </UnitTest>
    <UnitTest name="AuswertungPro.Next.UI.Tests.PhotoGalleryTileSizeStoreTests.Kachelgroesse_aendern_verwirft_keine_anderen_Einstellungen" storage="c:\sewer-studio_ki_5.0\tests\auswertungpro.next.ui.tests\bin\release\net10.0-windows10.0.19041\auswertungpro.next.ui.tests.dll" id="e3ebf645-7c15-1480-b0a3-e2872a697589">
      <Execution id="4ae8d34c-8c66-42cd-8ecc-5685d5143519" />
      <TestMethod codeBase="C:\Sewer-Studio_KI_5.0\tests\AuswertungPro.Next.UI.Tests\bin\Release\net10.0-windows10.0.19041\AuswertungPro.Next.UI.Tests.dll" adapterTypeName="executor://xunit/VsTestRunner2/netcoreapp" className="AuswertungPro.Next.UI.Tests.PhotoGalleryTileSizeStoreTests" name="Kachelgroesse_aendern_verwirft_keine_anderen_Einstellungen" />
    </UnitTest>
    <UnitTest name="AuswertungPro.Next.UI.Tests.PhotoGalleryTileSizeStoreTests.Ohne_konfigurierte_Live_Instanz_wird_nichts_geschrieben" storage="c:\sewer-studio_ki_5.0\tests\auswertungpro.next.ui.tests\bin\release\net10.0-windows10.0.19041\auswertungpro.next.ui.tests.dll" id="4554a90e-2a6f-5823-a5f6-38bd4bf3f636">
      <Execution id="63962e6d-1875-4bac-89e0-4e7a337b4ce8" />
      <TestMethod codeBase="C:\Sewer-Studio_KI_5.0\tests\AuswertungPro.Next.UI.Tests\bin\Release\net10.0-windows10.0.19041\AuswertungPro.Next.UI.Tests.dll" adapterTypeName="executor://xunit/VsTestRunner2/netcoreapp" className="AuswertungPro.Next.UI.Tests.PhotoGalleryTileSizeStoreTests" name="Ohne_konfigurierte_Live_Instanz_wird_nichts_geschrieben" />
    </UnitTest>
    <UnitTest name="AuswertungPro.Next.UI.Tests.CodingAiRectangleOverlayRendererTests.Render_adds_ai_rectangle_and_label_with_mapped_bounds" storage="c:\sewer-studio_ki_5.0\tests\auswertungpro.next.ui.tests\bin\release\net10.0-windows10.0.19041\auswertungpro.next.ui.tests.dll" id="20468750-63d2-9908-c93e-0b04c8a8eb0e">
      <Execution id="356368a3-6a8f-47f2-8b04-597d47eb363b" />
      <TestMethod codeBase="C:\Sewer-Studio_KI_5.0\tests\AuswertungPro.Next.UI.Tests\bin\Release\net10.0-windows10.0.19041\AuswertungPro.Next.UI.Tests.dll" adapterTypeName="executor://xunit/VsTestRunner2/netcoreapp" className="AuswertungPro.Next.UI.Tests.CodingAiRectangleOverlayRendererTests" name="Render_adds_ai_rectangle_and_label_with_mapped_bounds" />
    </UnitTest>
    <UnitTest name="AuswertungPro.Next.UI.Tests.CodingOverlayViewportRefreshWorkflowTests.Execute_updates_viewport_when_canvas_size_is_not_usable(actualWidth: 100, actualHeight: 0)" storage="c:\sewer-studio_ki_5.0\tests\auswertungpro.next.ui.tests\bin\release\net10.0-windows10.0.19041\auswertungpro.next.ui.tests.dll" id="fdd92bce-3f3f-3a2d-706e-c47a6c1e271d">
      <Execution id="70ba662e-8c9a-40bb-b869-6a0e28493aee" />
      <TestMethod codeBase="C:\Sewer-Studio_KI_5.0\tests\AuswertungPro.Next.UI.Tests\bin\Release\net10.0-windows10.0.19041\AuswertungPro.Next.UI.Tests.dll" adapterTypeName="executor://xunit/VsTestRunner2/netcoreapp" className="AuswertungPro.Next.UI.Tests.CodingOverlayViewportRefreshWorkflowTests" name="Execute_updates_viewport_when_canvas_size_is_not_usable" />
    </UnitTest>
    <UnitTest name="AuswertungPro.Next.UI.Tests.CodingOverlayViewportRefreshWorkflowTests.Execute_updates_viewport_when_canvas_size_is_not_usable(actualWidth: 100, actualHeight: -1)" storage="c:\sewer-studio_ki_5.0\tests\auswertungpro.next.ui.tests\bin\release\net10.0-windows10.0.19041\auswertungpro.next.ui.tests.dll" id="562c492b-cb52-98ff-11fd-a3d5aa7b0697">
      <Execution id="ed726e67-efe0-4396-a256-adc6780434b6" />
      <TestMethod codeBase="C:\Sewer-Studio_KI_5.0\tests\AuswertungPro.Next.UI.Tests\bin\Release\net10.0-windows10.0.19041\AuswertungPro.Next.UI.Tests.dll" adapterTypeName="executor://xunit/VsTestRunner2/netcoreapp" className="AuswertungPro.Next.UI.Tests.CodingOverlayViewportRefreshWorkflowTests" name="Execute_updates_viewport_when_canvas_size_is_not_usable" />
    </UnitTest>
    <UnitTest name="AuswertungPro.Next.UI.Tests.CodingOverlayViewportMapperTests.GetContentRect_letterboxes_wide_video_in_square_canvas" storage="c:\sewer-studio_ki_5.0\tests\auswertungpro.next.ui.tests\bin\release\net10.0-windows10.0.19041\auswertungpro.next.ui.tests.dll" id="35267d5e-c00b-6089-fe97-4d6917babb5c">
      <Execution id="5eaedbe1-f33e-455f-9073-f7c35dad0f61" />
      <TestMethod codeBase="C:\Sewer-Studio_KI_5.0\tests\AuswertungPro.Next.UI.Tests\bin\Release\net10.0-windows10.0.19041\AuswertungPro.Next.UI.Tests.dll" adapterTypeName="executor://xunit/VsTestRunner2/netcoreapp" className="AuswertungPro.Next.UI.Tests.CodingOverlayViewportMapperTests" name="GetContentRect_letterboxes_wide_video_in_square_canvas" />
    </UnitTest>
    <UnitTest name="AuswertungPro.Next.UI.Tests.CodingOverlayViewportMapperTests.BuildSizeUpdate_skips_canvas_values_inside_tolerance" storage="c:\sewer-studio_ki_5.0\tests\auswertungpro.next.ui.tests\bin\release\net10.0-windows10.0.19041\auswertungpro.next.ui.tests.dll" id="3fd044f4-36cb-937b-7c66-d69190e7640a">
      <Execution id="07b2cb3a-ff0b-4ac8-b655-0c3a34a9f5b5" />
      <TestMethod codeBase="C:\Sewer-Studio_KI_5.0\tests\AuswertungPro.Next.UI.Tests\bin\Release\net10.0-windows10.0.19041\AuswertungPro.Next.UI.Tests.dll" adapterTypeName="executor://xunit/VsTestRunner2/netcoreapp" className="AuswertungPro.Next.UI.Tests.CodingOverlayViewportMapperTests" name="BuildSizeUpdate_skips_canvas_values_inside_tolerance" />
    </UnitTest>
    <UnitTest name="AuswertungPro.Next.UI.Tests.CodingOverlayViewportMapperTests.BuildSizeUpdate_rejects_invalid_video_size(videoWidth: ∞, videoHeight: 480)" storage="c:\sewer-studio_ki_5.0\tests\auswertungpro.next.ui.tests\bin\release\net10.0-windows10.0.19041\auswertungpro.next.ui.tests.dll" id="1a354e50-4aa2-2895-cbff-64269fe7d428">
      <Execution id="7deee6f0-4411-4df9-86a9-60a73c727693" />
      <TestMethod codeBase="C:\Sewer-Studio_KI_5.0\tests\AuswertungPro.Next.UI.Tests\bin\Release\net10.0-windows10.0.19041\AuswertungPro.Next.UI.Tests.dll" adapterTypeName="executor://xunit/VsTestRunner2/netcoreapp" className="AuswertungPro.Next.UI.Tests.CodingOverlayViewportMapperTests" name="BuildSizeUpdate_rejects_invalid_video_size" />
    </UnitTest>
    <UnitTest name="AuswertungPro.Next.UI.Tests.CodingOverlayViewportMapperTests.UpdateViewport_ignores_invalid_video_dimensions" storage="c:\sewer-studio_ki_5.0\tests\auswertungpro.next.ui.tests\bin\release\net10.0-windows10.0.19041\auswertungpro.next.ui.tests.dll" id="86e83f00-64e7-d2db-5a6e-30a369c175f0">
      <Execution id="3b9e95cc-c742-4a0d-9304-414b4bd9bcc7" />
      <TestMethod codeBase="C:\Sewer-Studio_KI_5.0\tests\AuswertungPro.Next.UI.Tests\bin\Release\net10.0-windows10.0.19041\AuswertungPro.Next.UI.Tests.dll" adapterTypeName="executor://xunit/VsTestRunner2/netcoreapp" className="AuswertungPro.Next.UI.Tests.CodingOverlayViewportMapperTests" name="UpdateViewport_ignores_invalid_video_dimensions" />
    </UnitTest>
    <UnitTest name="AuswertungPro.Next.UI.Tests.MotionSettingsTests.Explicit_setting_wins_over_system_value" storage="c:\sewer-studio_ki_5.0\tests\auswertungpro.next.ui.tests\bin\release\net10.0-windows10.0.19041\auswertungpro.next.ui.tests.dll" id="41e7efb8-3dff-6be3-58a5-9314b21bca9a">
      <Execution id="290f88c8-46c7-4be2-9f0a-c77a50bc97a3" />
      <TestMethod codeBase="C:\Sewer-Studio_KI_5.0\tests\AuswertungPro.Next.UI.Tests\bin\Release\net10.0-windows10.0.19041\AuswertungPro.Next.UI.Tests.dll" adapterTypeName="executor://xunit/VsTestRunner2/netcoreapp" className="AuswertungPro.Next.UI.Tests.MotionSettingsTests" name="Explicit_setting_wins_over_system_value" />
    </UnitTest>
    <UnitTest name="AuswertungPro.Next.UI.Tests.MotionSettingsTests.Reset_falls_back_to_the_windows_system_value" storage="c:\sewer-studio_ki_5.0\tests\auswertungpro.next.ui.tests\bin\release\net10.0-windows10.0.19041\auswertungpro.next.ui.tests.dll" id="4513c5ac-4976-2938-c984-f3c920be12f3">
      <Execution id="9302d908-ccb2-4eea-af51-1d65f2656c11" />
      <TestMethod codeBase="C:\Sewer-Studio_KI_5.0\tests\AuswertungPro.Next.UI.Tests\bin\Release\net10.0-windows10.0.19041\AuswertungPro.Next.UI.Tests.dll" adapterTypeName="executor://xunit/VsTestRunner2/netcoreapp" className="AuswertungPro.Next.UI.Tests.MotionSettingsTests" name="Reset_falls_back_to_the_windows_system_value" />
    </UnitTest>
  </TestDefinitions>
  <TestEntries>
    <TestEntry testId="1b7cb4d0-5ea5-f22a-eb71-0b761be7083a" executionId="37271c9e-aab6-4ce3-9cd1-35dbb2ac56a1" testListId="8c84fa94-04c1-424b-9868-57a2d4851a1d" />
    <TestEntry testId="3fd044f4-36cb-937b-7c66-d69190e7640a" executionId="07b2cb3a-ff0b-4ac8-b655-0c3a34a9f5b5" testListId="8c84fa94-04c1-424b-9868-57a2d4851a1d" />
    <TestEntry testId="4fef3873-d051-7aa5-d033-dbb071032e2a" executionId="985af143-9d82-4759-bb67-4db84bcf3f14" testListId="8c84fa94-04c1-424b-9868-57a2d4851a1d" />
    <TestEntry testId="4513c5ac-4976-2938-c984-f3c920be12f3" executionId="9302d908-ccb2-4eea-af51-1d65f2656c11" testListId="8c84fa94-04c1-424b-9868-57a2d4851a1d" />
    <TestEntry testId="618bcf81-4b30-078c-8fdb-a6d12fec8017" executionId="31dd1d70-1f68-4163-b19f-aa3d4afa4cd8" testListId="8c84fa94-04c1-424b-9868-57a2d4851a1d" />
    <TestEntry testId="d9d4b704-52b4-141a-ce9a-afb8021c9b05" executionId="635aef4b-f61b-4798-af82-4a3d3727e5ed" testListId="8c84fa94-04c1-424b-9868-57a2d4851a1d" />
    <TestEntry testId="2e2de543-d49a-8aa6-247a-5a1d10b31674" executionId="c03a83f9-85e6-4fca-8d7c-14fad095624b" testListId="8c84fa94-04c1-424b-9868-57a2d4851a1d" />
    <TestEntry testId="137783c2-43d2-a182-ca2b-08bcd4a4cbe6" executionId="a124862d-3711-435a-b2c0-9b8a2fe70c34" testListId="8c84fa94-04c1-424b-9868-57a2d4851a1d" />
    <TestEntry testId="b9ea9cee-3243-c6e5-42a0-a4acd1b2e747" executionId="3c114265-28e4-441b-98be-d11dab84f500" testListId="8c84fa94-04c1-424b-9868-57a2d4851a1d" />
    <TestEntry testId="86e83f00-64e7-d2db-5a6e-30a369c175f0" executionId="3b9e95cc-c742-4a0d-9304-414b4bd9bcc7" testListId="8c84fa94-04c1-424b-9868-57a2d4851a1d" />
    <TestEntry testId="eb2ce1a0-d1a7-1b2f-8345-235629f04dc5" executionId="fd832f9e-ce59-4d77-9ad1-798f5c4703fa" testListId="8c84fa94-04c1-424b-9868-57a2d4851a1d" />
    <TestEntry testId="0e0ed21a-2d79-6d63-df54-2a6cfaefd7b1" executionId="7543084a-310f-4dc7-8034-d5c466b5a238" testListId="8c84fa94-04c1-424b-9868-57a2d4851a1d" />
    <TestEntry testId="35267d5e-c00b-6089-fe97-4d6917babb5c" executionId="5eaedbe1-f33e-455f-9073-f7c35dad0f61" testListId="8c84fa94-04c1-424b-9868-57a2d4851a1d" />
    <TestEntry testId="e3ebf645-7c15-1480-b0a3-e2872a697589" executionId="4ae8d34c-8c66-42cd-8ecc-5685d5143519" testListId="8c84fa94-04c1-424b-9868-57a2d4851a1d" />
    <TestEntry testId="c7d10a88-fb1a-411f-4bd9-58915a19c1c3" executionId="8b043d6a-21f6-4d25-9105-dafbc7df0099" testListId="8c84fa94-04c1-424b-9868-57a2d4851a1d" />
    <TestEntry testId="93500bb3-66e7-bd40-75f6-1a078a062f92" executionId="a73c2148-3e8a-43ca-b185-2a50f20cf10e" testListId="8c84fa94-04c1-424b-9868-57a2d4851a1d" />
    <TestEntry testId="edc2bfe2-b553-c722-08ee-e6cf2307233c" executionId="02d2814d-1432-4699-9f30-8e9ed0c0a892" testListId="8c84fa94-04c1-424b-9868-57a2d4851a1d" />
    <TestEntry testId="9c362db8-51c5-fe7f-7049-754007db952d" executionId="e37c4931-ed34-405d-ae8c-f37cf2ca9edd" testListId="8c84fa94-04c1-424b-9868-57a2d4851a1d" />
    <TestEntry testId="614e1f2c-6ee5-0295-c953-2ce407423138" executionId="0cd8d711-5e6d-48f6-8ff5-83b2d78fc7b2" testListId="8c84fa94-04c1-424b-9868-57a2d4851a1d" />
    <TestEntry testId="d51d1652-25c3-b521-eff3-b536d44f02cd" executionId="eed79041-7490-42bc-af69-4c1648ac78fa" testListId="8c84fa94-04c1-424b-9868-57a2d4851a1d" />
    <TestEntry testId="272ddbc9-9534-e6a6-55cf-613166525fa0" executionId="ee382e4d-e7ba-4b60-80eb-631efce38cb9" testListId="8c84fa94-04c1-424b-9868-57a2d4851a1d" />
    <TestEntry testId="180da9f1-d6f6-6922-c311-1d2f2ab7e961" executionId="10888ff2-1d1a-4786-925f-4ef97e960ec4" testListId="8c84fa94-04c1-424b-9868-57a2d4851a1d" />
    <TestEntry testId="1a354e50-4aa2-2895-cbff-64269fe7d428" executionId="7deee6f0-4411-4df9-86a9-60a73c727693" testListId="8c84fa94-04c1-424b-9868-57a2d4851a1d" />
    <TestEntry testId="568167de-2fc6-2550-5ff4-9e8c89ae7684" executionId="62a60338-8c37-4321-a405-31b9f18a8e71" testListId="8c84fa94-04c1-424b-9868-57a2d4851a1d" />
    <TestEntry testId="dcee33de-8960-8aca-ad1b-1044c2f31b6a" executionId="fa18af3e-7146-47e8-8e52-9d4f105226ca" testListId="8c84fa94-04c1-424b-9868-57a2d4851a1d" />
    <TestEntry testId="430234e5-1ca9-faf2-ae58-05cdfcea6d84" executionId="0dae3a19-cc9c-4507-9b1d-47d37d022200" testListId="8c84fa94-04c1-424b-9868-57a2d4851a1d" />
    <TestEntry testId="39b3dd05-3286-4b81-ef61-ff4906ad2064" executionId="2f3da72d-eb1c-4013-9bc8-fb97c76a603b" testListId="8c84fa94-04c1-424b-9868-57a2d4851a1d" />
    <TestEntry testId="076e3212-f8b0-d9bc-eaa5-191a2cea8af3" executionId="e1ec6f68-793f-4316-a814-b9dc344e2d7b" testListId="8c84fa94-04c1-424b-9868-57a2d4851a1d" />
    <TestEntry testId="5c07b321-1b12-59cf-8f0b-ff18f048e744" executionId="d78834bc-1ec8-4e48-8696-c8cb523f1bb6" testListId="8c84fa94-04c1-424b-9868-57a2d4851a1d" />
    <TestEntry testId="41e7efb8-3dff-6be3-58a5-9314b21bca9a" executionId="290f88c8-46c7-4be2-9f0a-c77a50bc97a3" testListId="8c84fa94-04c1-424b-9868-57a2d4851a1d" />
    <TestEntry testId="2e8a2191-e70c-06af-dc72-e0da2051899a" executionId="d506a08d-628b-472a-8e76-2d244ce32083" testListId="8c84fa94-04c1-424b-9868-57a2d4851a1d" />
    <TestEntry testId="c5404fba-1759-f839-6f86-d771a80ebc1c" executionId="63accfc8-97fd-4d84-99cb-b208cf953135" testListId="8c84fa94-04c1-424b-9868-57a2d4851a1d" />
    <TestEntry testId="a1c6477b-1d7d-1cf9-3dcf-fa3ee31f00f1" executionId="5ee12031-69f0-46c0-a93e-04fcfd8603e0" testListId="8c84fa94-04c1-424b-9868-57a2d4851a1d" />
    <TestEntry testId="1a87b1e6-4919-b5d5-dab1-866d3f28fe32" executionId="605fcd2b-3689-4e2e-856e-3d90dbc3ec93" testListId="8c84fa94-04c1-424b-9868-57a2d4851a1d" />
    <TestEntry testId="b44a50b7-cf1f-1221-7814-1a5ead86cb22" executionId="e331a7f4-5cbb-4243-b664-b76be6ea2306" testListId="8c84fa94-04c1-424b-9868-57a2d4851a1d" />
    <TestEntry testId="cb0552f2-3d9b-27c5-57a7-55ea265c3ec1" executionId="4ece1a17-2834-40d0-8b28-abd6e868b1fe" testListId="8c84fa94-04c1-424b-9868-57a2d4851a1d" />
    <TestEntry testId="f66cd25e-014d-da3a-75de-88932b095540" executionId="ca3c9d14-c027-49ae-95bd-e71d2a002305" testListId="8c84fa94-04c1-424b-9868-57a2d4851a1d" />
    <TestEntry testId="c3998d5d-d3b1-79d6-078c-647c304758c3" executionId="cb2e4db6-1464-4984-83c1-f1d36d9908af" testListId="8c84fa94-04c1-424b-9868-57a2d4851a1d" />
    <TestEntry testId="b27701b1-9ca6-c18f-c5cd-5d98c87a73af" executionId="a4b21872-9cd0-4965-a65f-1b04d13c77bd" testListId="8c84fa94-04c1-424b-9868-57a2d4851a1d" />
    <TestEntry testId="562c492b-cb52-98ff-11fd-a3d5aa7b0697" executionId="ed726e67-efe0-4396-a256-adc6780434b6" testListId="8c84fa94-04c1-424b-9868-57a2d4851a1d" />
    <TestEntry testId="20468750-63d2-9908-c93e-0b04c8a8eb0e" executionId="356368a3-6a8f-47f2-8b04-597d47eb363b" testListId="8c84fa94-04c1-424b-9868-57a2d4851a1d" />
    <TestEntry testId="fdd92bce-3f3f-3a2d-706e-c47a6c1e271d" executionId="70ba662e-8c9a-40bb-b869-6a0e28493aee" testListId="8c84fa94-04c1-424b-9868-57a2d4851a1d" />
    <TestEntry testId="e1b7e1c1-82f3-cb81-9a8a-4be10455f0ff" executionId="09405b01-8b42-4dad-81e4-0d81acf04c81" testListId="8c84fa94-04c1-424b-9868-57a2d4851a1d" />
    <TestEntry testId="4554a90e-2a6f-5823-a5f6-38bd4bf3f636" executionId="63962e6d-1875-4bac-89e0-4e7a337b4ce8" testListId="8c84fa94-04c1-424b-9868-57a2d4851a1d" />
    <TestEntry testId="bc7cd6d0-385b-d19e-05a1-c0b8c179784c" executionId="b722f585-d5a6-46ee-926f-22bbe5cfa106" testListId="8c84fa94-04c1-424b-9868-57a2d4851a1d" />
    <TestEntry testId="2b587132-47cd-4493-74b3-0fa6685fec81" executionId="05491d53-2a92-44c3-bdb0-51bf2ba3e141" testListId="8c84fa94-04c1-424b-9868-57a2d4851a1d" />
  </TestEntries>
  <TestLists>
    <TestList name="Ergebnisse nicht in einer Liste" id="8c84fa94-04c1-424b-9868-57a2d4851a1d" />
    <TestList name="Alle geladenen Ergebnisse" id="19431567-8539-422a-85d7-44ee4e166bda" />
  </TestLists>
  <ResultSummary outcome="Completed">
    <Counters total="46" executed="46" passed="46" failed="0" error="0" timeout="0" aborted="0" inconclusive="0" passedButRunAborted="0" notRunnable="0" notExecuted="0" disconnected="0" warning="0" completed="0" inProgress="0" pending="0" />
    <Output>
      <StdOut>[xUnit.net 00:00:00.00] xUnit.net VSTest Adapter v2.5.7+8f2703126a (64-bit .NET 10.0.12)&#xD;
[xUnit.net 00:00:00.13]   Discovering: AuswertungPro.Next.UI.Tests&#xD;
[xUnit.net 00:00:00.49]   Discovered:  AuswertungPro.Next.UI.Tests&#xD;
[xUnit.net 00:00:00.50]   Starting:    AuswertungPro.Next.UI.Tests&#xD;
[xUnit.net 00:00:00.81]   Finished:    AuswertungPro.Next.UI.Tests&#xD;
</StdOut>
    </Output>
  </ResultSummary>
</TestRun>