<?xml version="1.0" encoding="utf-8"?>
<TestRun id="c5861ee0-ab04-445a-91d4-b0baf1257619" name="Besitzer@PCW11X01 2026-09-08 19:33:57" runUser="PCW11X01\CodexSandboxOffline" xmlns="http://microsoft.com/schemas/VisualStudio/TeamTest/2010">
  <Times creation="2026-09-08T19:33:57.6083413+02:00" queuing="2026-09-08T19:33:57.6083415+02:00" start="2026-09-08T19:33:56.9055527+02:00" finish="2026-09-08T19:33:57.7167406+02:00" />
  <TestSettings name="default" id="cd41f49d-5266-4eab-8871-8f1f8c0f05ed">
    <Deployment runDeploymentRoot="Besitzer_PCW11X01_2026-09-08_19_33_57" />
  </TestSettings>
  <Results>
    <UnitTestResult executionId="f4c4b538-39ee-4e4d-afd0-ab6affc8ead0" testId="18405b54-3912-ffc4-e684-6e9b0c0e4e09" testName="ProtocolSnapshotLinkSanitizerTests.SanitizeProtocolChangeSnapshots_replaces_external_photo_with_central_relative_path" computerName="PCW11X01" duration="00:00:00.0022230" startTime="2026-09-08T19:33:57.6127774+02:00" endTime="2026-09-08T19:33:57.6127775+02:00" testType="13cdc9d9-ddb5-4fa4-a97d-d965ccfc6d4b" outcome="Passed" testListId="8c84fa94-04c1-424b-9868-57a2d4851a1d" relativeResultsDirectory="f4c4b538-39ee-4e4d-afd0-ab6affc8ead0" />
    <UnitTestResult executionId="77cd34b8-fa0c-4c98-9d95-37f87bf4daf9" testId="5d156b69-6779-16a2-221c-e40f4a988a59" testName="ModernizerStructureFilesTests.BuildFlatLooseTarget_detects_dp_eigen_and_secondary_video_names" computerName="PCW11X01" duration="00:00:00.3415067" startTime="2026-09-08T19:33:57.5918579+02:00" endTime="2026-09-08T19:33:57.5918580+02:00" testType="13cdc9d9-ddb5-4fa4-a97d-d965ccfc6d4b" outcome="Passed" testListId="8c84fa94-04c1-424b-9868-57a2d4851a1d" relativeResultsDirectory="77cd34b8-fa0c-4c98-9d95-37f87bf4daf9" />
    <UnitTestResult executionId="e80552f5-fea7-49bf-8a50-d560828507c4" testId="4b919e5d-2608-5a2f-d948-e9d87d1a4c79" testName="ProjectModernizerExitCodeResolverTests.ResolveReturnsCopyErrorsBeforeUnresolvedPaths" computerName="PCW11X01" duration="00:00:00.0002766" startTime="2026-09-08T19:33:57.5920431+02:00" endTime="2026-09-08T19:33:57.5920431+02:00" testType="13cdc9d9-ddb5-4fa4-a97d-d965ccfc6d4b" outcome="Passed" testListId="8c84fa94-04c1-424b-9868-57a2d4851a1d" relativeResultsDirectory="e80552f5-fea7-49bf-8a50-d560828507c4" />
    <UnitTestResult executionId="e6aed34e-0467-4ea7-8c19-f9dc7ac4013e" testId="9bd6e648-755e-063a-4c0c-ad0dbcf687d1" testName="ModernizerRelinkerTests.RelinkHaltungenIgnoresNullVsaFindings" computerName="PCW11X01" duration="00:00:00.0015874" startTime="2026-09-08T19:33:57.6080033+02:00" endTime="2026-09-08T19:33:57.6080034+02:00" testType="13cdc9d9-ddb5-4fa4-a97d-d965ccfc6d4b" outcome="Passed" testListId="8c84fa94-04c1-424b-9868-57a2d4851a1d" relativeResultsDirectory="e6aed34e-0467-4ea7-8c19-f9dc7ac4013e" />
    <UnitTestResult executionId="cdeba0fc-a718-4387-a04f-d36ec16f15f8" testId="fa1555b3-8447-9bf6-6c5f-687c6e71d91c" testName="ModernizerRelinkerTests.RelinkHaltungenCopiesSingleSourceVideoWhenHoldingHasNoVideo" computerName="PCW11X01" duration="00:00:00.0056964" startTime="2026-09-08T19:33:57.6063797+02:00" endTime="2026-09-08T19:33:57.6063798+02:00" testType="13cdc9d9-ddb5-4fa4-a97d-d965ccfc6d4b" outcome="Passed" testListId="8c84fa94-04c1-424b-9868-57a2d4851a1d" relativeResultsDirectory="cdeba0fc-a718-4387-a04f-d36ec16f15f8" />
    <UnitTestResult executionId="dc9c37eb-9fc2-4e69-bcd2-fbdd4a923017" testId="7d6eedd4-a304-541d-bfe1-d142cc59c3fc" testName="ProjectModernizerRunnerTests.RunDryRunLoadsProjectButDoesNotCreateModernFolders" computerName="PCW11X01" duration="00:00:00.0065663" startTime="2026-09-08T19:33:57.6795733+02:00" endTime="2026-09-08T19:33:57.6795734+02:00" testType="13cdc9d9-ddb5-4fa4-a97d-d965ccfc6d4b" outcome="Passed" testListId="8c84fa94-04c1-424b-9868-57a2d4851a1d" relativeResultsDirectory="dc9c37eb-9fc2-4e69-bcd2-fbdd4a923017" />
    <UnitTestResult executionId="a6ce90ac-23ac-4b22-8134-2ac0754e4637" testId="e1efcb53-2b84-5d26-c7ce-6107f43c4ddb" testName="ModernizedProjectSaverTests.SaveDoesNotOverwriteProjectFileOutsideProjectFolder" computerName="PCW11X01" duration="00:00:00.0063035" startTime="2026-09-08T19:33:57.6680484+02:00" endTime="2026-09-08T19:33:57.6680486+02:00" testType="13cdc9d9-ddb5-4fa4-a97d-d965ccfc6d4b" outcome="Passed" testListId="8c84fa94-04c1-424b-9868-57a2d4851a1d" relativeResultsDirectory="a6ce90ac-23ac-4b22-8134-2ac0754e4637" />
    <UnitTestResult executionId="dd1ad094-ffdf-4243-bcb0-1f95775ba322" testId="1634ba21-bbfc-3e33-cae0-03882d6970a0" testName="ExternalPathDetectorTests.ContainsExternalDrivePathDetectsOnlyPathsOutsideProjectFolder" computerName="PCW11X01" duration="00:00:00.3451528" startTime="2026-09-08T19:33:57.5981533+02:00" endTime="2026-09-08T19:33:57.5981534+02:00" testType="13cdc9d9-ddb5-4fa4-a97d-d965ccfc6d4b" outcome="Passed" testListId="8c84fa94-04c1-424b-9868-57a2d4851a1d" relativeResultsDirectory="dd1ad094-ffdf-4243-bcb0-1f95775ba322" />
    <UnitTestResult executionId="9f8e1cdb-80c3-4ae4-b561-ed72da11b662" testId="22708d88-bbbc-0f6a-c7e4-1a3ab2fd1a8e" testName="ModernizerWorkflowTests.RunDryRunReportsIntentButDoesNotCreateFolders" computerName="PCW11X01" duration="00:00:00.3460238" startTime="2026-09-08T19:33:57.5995371+02:00" endTime="2026-09-08T19:33:57.5995371+02:00" testType="13cdc9d9-ddb5-4fa4-a97d-d965ccfc6d4b" outcome="Passed" testListId="8c84fa94-04c1-424b-9868-57a2d4851a1d" relativeResultsDirectory="9f8e1cdb-80c3-4ae4-b561-ed72da11b662" />
    <UnitTestResult executionId="4ef37c72-346d-40e4-9a96-ffdff0e2870b" testId="6e9907f8-4660-0e7d-cf10-9ea3b377af5d" testName="ModernizerFieldFlattenerTests.FlattenRecordFieldList_preserves_unresolved_entries_and_reports_them" computerName="PCW11X01" duration="00:00:00.0075293" startTime="2026-09-08T19:33:57.6053108+02:00" endTime="2026-09-08T19:33:57.6053109+02:00" testType="13cdc9d9-ddb5-4fa4-a97d-d965ccfc6d4b" outcome="Passed" testListId="8c84fa94-04c1-424b-9868-57a2d4851a1d" relativeResultsDirectory="4ef37c72-346d-40e4-9a96-ffdff0e2870b" />
    <UnitTestResult executionId="3623094e-d00c-4473-972b-2ce1078c6269" testId="c0cbe092-781d-277d-d795-6a4338a55533" testName="ExternalPathDetectorTests.IsExternalAbsolutePathIgnoresRelativeAndProjectInternalPaths" computerName="PCW11X01" duration="00:00:00.0028200" startTime="2026-09-08T19:33:57.5998898+02:00" endTime="2026-09-08T19:33:57.5998898+02:00" testType="13cdc9d9-ddb5-4fa4-a97d-d965ccfc6d4b" outcome="Passed" testListId="8c84fa94-04c1-424b-9868-57a2d4851a1d" relativeResultsDirectory="3623094e-d00c-4473-972b-2ce1078c6269" />
    <UnitTestResult executionId="aafbca8b-52a8-45b3-9fe7-188483df0372" testId="fde3173e-278d-412d-ec30-29558122abe1" testName="ModernizerStructureFileMoverTests.MoveOrCopyStructureFileUsesCollisionPathForSameSizedDifferentContent" computerName="PCW11X01" duration="00:00:00.3517501" startTime="2026-09-08T19:33:57.6022382+02:00" endTime="2026-09-08T19:33:57.6022383+02:00" testType="13cdc9d9-ddb5-4fa4-a97d-d965ccfc6d4b" outcome="Passed" testListId="8c84fa94-04c1-424b-9868-57a2d4851a1d" relativeResultsDirectory="aafbca8b-52a8-45b3-9fe7-188483df0372" />
    <UnitTestResult executionId="b887254b-f7a0-4fc4-a027-77cc7cd18b90" testId="1b9e4a27-1f77-904b-74a5-ff7ee0974811" testName="ModernizerRecordFieldSpecsTests.SchachtPathFieldsKeepExpectedOrder" computerName="PCW11X01" duration="00:00:00.0002178" startTime="2026-09-08T19:33:57.5996253+02:00" endTime="2026-09-08T19:33:57.5996254+02:00" testType="13cdc9d9-ddb5-4fa4-a97d-d965ccfc6d4b" outcome="Passed" testListId="8c84fa94-04c1-424b-9868-57a2d4851a1d" relativeResultsDirectory="b887254b-f7a0-4fc4-a027-77cc7cd18b90" />
    <UnitTestResult executionId="e3f24606-fdca-4127-8b5b-f6de7b4cc7b4" testId="f1503eaa-1bb7-f2c1-a1be-4c1b1277e706" testName="ProjectModernizerRunnerTests.RunDoesNotOverwriteProjectFileOutsideProjectFolder" computerName="PCW11X01" duration="00:00:00.4225014" startTime="2026-09-08T19:33:57.6729282+02:00" endTime="2026-09-08T19:33:57.6729283+02:00" testType="13cdc9d9-ddb5-4fa4-a97d-d965ccfc6d4b" outcome="Passed" testListId="8c84fa94-04c1-424b-9868-57a2d4851a1d" relativeResultsDirectory="e3f24606-fdca-4127-8b5b-f6de7b4cc7b4" />
    <UnitTestResult executionId="4bcdab76-590a-47e7-886d-947e14c34bc3" testId="8c4f417f-dc9e-9c6e-ba75-c93398c430d2" testName="ModernizeOptionsTests.ParseRejectsMissingProjectFolder" computerName="PCW11X01" duration="00:00:00.2736170" startTime="2026-09-08T19:33:57.5262970+02:00" endTime="2026-09-08T19:33:57.5263384+02:00" testType="13cdc9d9-ddb5-4fa4-a97d-d965ccfc6d4b" outcome="Passed" testListId="8c84fa94-04c1-424b-9868-57a2d4851a1d" relativeResultsDirectory="4bcdab76-590a-47e7-886d-947e14c34bc3" />
    <UnitTestResult executionId="9760ff8c-67d2-455d-8782-3922575e171f" testId="9e9b4913-f200-49db-c925-bcb889ba2ce4" testName="ModernizedProjectSaverTests.SaveWritesCanonicalProjectPointerAndReport" computerName="PCW11X01" duration="00:00:00.4113269" startTime="2026-09-08T19:33:57.6616798+02:00" endTime="2026-09-08T19:33:57.6616799+02:00" testType="13cdc9d9-ddb5-4fa4-a97d-d965ccfc6d4b" outcome="Passed" testListId="8c84fa94-04c1-424b-9868-57a2d4851a1d" relativeResultsDirectory="9760ff8c-67d2-455d-8782-3922575e171f" />
    <UnitTestResult executionId="fb4aa982-0651-4915-ac92-8fcda8ccbcc6" testId="e00db5da-6375-e6e1-bdf7-15eb51655166" testName="ModernizeOptionsTests.ParseRecognizesAllOptions" computerName="PCW11X01" duration="00:00:00.0643459" startTime="2026-09-08T19:33:57.5905744+02:00" endTime="2026-09-08T19:33:57.5905749+02:00" testType="13cdc9d9-ddb5-4fa4-a97d-d965ccfc6d4b" outcome="Passed" testListId="8c84fa94-04c1-424b-9868-57a2d4851a1d" relativeResultsDirectory="fb4aa982-0651-4915-ac92-8fcda8ccbcc6" />
    <UnitTestResult executionId="170679f0-8b66-4413-b334-046f53955b80" testId="05e826ca-a97e-30e8-e0e7-483728b1a6ff" testName="ModernizerStructureFileMoverTests.MoveOrCopyStructureFileCopiesExternalSource" computerName="PCW11X01" duration="00:00:00.0031462" startTime="2026-09-08T19:33:57.6110757+02:00" endTime="2026-09-08T19:33:57.6110758+02:00" testType="13cdc9d9-ddb5-4fa4-a97d-d965ccfc6d4b" outcome="Passed" testListId="8c84fa94-04c1-424b-9868-57a2d4851a1d" relativeResultsDirectory="170679f0-8b66-4413-b334-046f53955b80" />
    <UnitTestResult executionId="64f5b024-1546-4061-b458-21fc2d1e0360" testId="db2814a4-b855-1fcc-fba9-44b7a83fafe2" testName="ModernizerFieldFlattenerTests.FlattenRecordField_keeps_direct_child_file_and_rewrites_absolute_path_to_relative" computerName="PCW11X01" duration="00:00:00.3471973" startTime="2026-09-08T19:33:57.5995925+02:00" endTime="2026-09-08T19:33:57.5995926+02:00" testType="13cdc9d9-ddb5-4fa4-a97d-d965ccfc6d4b" outcome="Passed" testListId="8c84fa94-04c1-424b-9868-57a2d4851a1d" relativeResultsDirectory="64f5b024-1546-4061-b458-21fc2d1e0360" />
    <UnitTestResult executionId="ccc0954c-2f57-4a4b-8c9c-8eb4774059d1" testId="2568984e-a5db-ce0a-19db-cf9dcad08faf" testName="ModernizerFieldFlattenerTests.FlattenRecordField_copies_nested_video_to_flat_holding_root_and_updates_link" computerName="PCW11X01" duration="00:00:00.0039176" startTime="2026-09-08T19:33:57.6091332+02:00" endTime="2026-09-08T19:33:57.6091333+02:00" testType="13cdc9d9-ddb5-4fa4-a97d-d965ccfc6d4b" outcome="Passed" testListId="8c84fa94-04c1-424b-9868-57a2d4851a1d" relativeResultsDirectory="ccc0954c-2f57-4a4b-8c9c-8eb4774059d1" />
    <UnitTestResult executionId="f5fad614-5e93-4f10-b403-0fa8894f6f8c" testId="454e623c-7127-f01e-72d2-a068c853adfb" testName="ExternalProjectLinkSanitizerTests.SanitizeMetadataLinks_copies_existing_external_logo_into_project" computerName="PCW11X01" duration="00:00:00.0051625" startTime="2026-09-08T19:33:57.6001914+02:00" endTime="2026-09-08T19:33:57.6001914+02:00" testType="13cdc9d9-ddb5-4fa4-a97d-d965ccfc6d4b" outcome="Passed" testListId="8c84fa94-04c1-424b-9868-57a2d4851a1d" relativeResultsDirectory="f5fad614-5e93-4f10-b403-0fa8894f6f8c" />
    <UnitTestResult executionId="58e7e896-8324-4233-9ef9-3dda305c5793" testId="f22c1a5f-ab8d-179e-004b-9533a1b8e160" testName="ModernizerRecordFieldUpdaterTests.ForceSetDoesNotOverwriteUserEditedField" computerName="PCW11X01" duration="00:00:00.0015969" startTime="2026-09-08T19:33:57.5980639+02:00" endTime="2026-09-08T19:33:57.5980640+02:00" testType="13cdc9d9-ddb5-4fa4-a97d-d965ccfc6d4b" outcome="Passed" testListId="8c84fa94-04c1-424b-9868-57a2d4851a1d" relativeResultsDirectory="58e7e896-8324-4233-9ef9-3dda305c5793" />
    <UnitTestResult executionId="b2c44b3c-140c-4dfd-b200-4505c1cd5864" testId="4a086579-aa2c-8fae-3df6-b9385fd2edfc" testName="ProtocolSnapshotLinkSanitizerTests.SanitizeProtocolChangeSnapshots_removes_external_photo_when_photo_is_not_in_project" computerName="PCW11X01" duration="00:00:00.0013826" startTime="2026-09-08T19:33:57.6103301+02:00" endTime="2026-09-08T19:33:57.6103303+02:00" testType="13cdc9d9-ddb5-4fa4-a97d-d965ccfc6d4b" outcome="Passed" testListId="8c84fa94-04c1-424b-9868-57a2d4851a1d" relativeResultsDirectory="b2c44b3c-140c-4dfd-b200-4505c1cd5864" />
    <UnitTestResult executionId="bb2036f9-9c50-4579-8ba0-f8726edcfe32" testId="4b91f4c0-5b1c-519e-e215-f54273c036e0" testName="ModernizerFileSystemTests.CopyFileExactUsesCollisionPathForSameSizedDifferentContent" computerName="PCW11X01" duration="00:00:00.0063112" startTime="2026-09-08T19:33:57.6068641+02:00" endTime="2026-09-08T19:33:57.6068642+02:00" testType="13cdc9d9-ddb5-4fa4-a97d-d965ccfc6d4b" outcome="Passed" testListId="8c84fa94-04c1-424b-9868-57a2d4851a1d" relativeResultsDirectory="bb2036f9-9c50-4579-8ba0-f8726edcfe32" />
    <UnitTestResult executionId="348d8b32-bd8f-460a-a705-b750047c6bae" testId="251ae7d5-166b-5fc2-7594-c3742173354a" testName="ProjectModernizerExitCodeResolverTests.ResolveReturnsSuccessWhenReportHasNoProblems" computerName="PCW11X01" duration="00:00:00.3412909" startTime="2026-09-08T19:33:57.5915999+02:00" endTime="2026-09-08T19:33:57.5916000+02:00" testType="13cdc9d9-ddb5-4fa4-a97d-d965ccfc6d4b" outcome="Passed" testListId="8c84fa94-04c1-424b-9868-57a2d4851a1d" relativeResultsDirectory="348d8b32-bd8f-460a-a705-b750047c6bae" />
    <UnitTestResult executionId="55ba860b-38b9-4d9a-bfa8-7cc08ba34686" testId="fd9f201f-de69-d204-37b7-20d62d3ea126" testName="ModernizerProjectLoaderTests.LoadReturnsLoadFailedWhenProjectJsonIsInvalid" computerName="PCW11X01" duration="00:00:00.0044252" startTime="2026-09-08T19:33:57.6732511+02:00" endTime="2026-09-08T19:33:57.6732513+02:00" testType="13cdc9d9-ddb5-4fa4-a97d-d965ccfc6d4b" outcome="Passed" testListId="8c84fa94-04c1-424b-9868-57a2d4851a1d" relativeResultsDirectory="55ba860b-38b9-4d9a-bfa8-7cc08ba34686" />
    <UnitTestResult executionId="2eb57e84-26fe-4b0c-ae26-c4ffc0318fb4" testId="7597430d-241f-2c19-d996-803303885f7c" testName="ModernizerStructureFileResolverTests.ResolveExistingFileRejectsExistingFileWithWrongType" computerName="PCW11X01" duration="00:00:00.3465711" startTime="2026-09-08T19:33:57.5995722+02:00" endTime="2026-09-08T19:33:57.5995722+02:00" testType="13cdc9d9-ddb5-4fa4-a97d-d965ccfc6d4b" outcome="Passed" testListId="8c84fa94-04c1-424b-9868-57a2d4851a1d" relativeResultsDirectory="2eb57e84-26fe-4b0c-ae26-c4ffc0318fb4" />
    <UnitTestResult executionId="43b7578f-fb45-4752-afc0-ff4f1f413ec4" testId="206ef65d-41d3-3cd2-8302-b83115b3630f" testName="ModernizerStructureFileMoverTests.MoveOrCopyStructureFileReusesIdenticalTargetWithoutDeletingSource" computerName="PCW11X01" duration="00:00:00.0057088" startTime="2026-09-08T19:33:57.6168296+02:00" endTime="2026-09-08T19:33:57.6168297+02:00" testType="13cdc9d9-ddb5-4fa4-a97d-d965ccfc6d4b" outcome="Passed" testListId="8c84fa94-04c1-424b-9868-57a2d4851a1d" relativeResultsDirectory="43b7578f-fb45-4752-afc0-ff4f1f413ec4" />
    <UnitTestResult executionId="576931c1-6c91-4c6e-a690-eff3feb54ac3" testId="a7fafdea-a334-e312-51f9-c60dc8dfcd9f" testName="ModernizerStructureFileResolverTests.ResolveExistingFileResolvesAbsolutePathWhenTypeMatches" computerName="PCW11X01" duration="00:00:00.0047907" startTime="2026-09-08T19:33:57.6017309+02:00" endTime="2026-09-08T19:33:57.6017310+02:00" testType="13cdc9d9-ddb5-4fa4-a97d-d965ccfc6d4b" outcome="Passed" testListId="8c84fa94-04c1-424b-9868-57a2d4851a1d" relativeResultsDirectory="576931c1-6c91-4c6e-a690-eff3feb54ac3" />
    <UnitTestResult executionId="503b74ef-85da-406d-ae15-d9b268a6bc33" testId="71c210d4-8887-7171-0319-e8b9f10240d9" testName="ProjectModernizerRunnerTests.RunReturnsUsageCodeForInvalidArguments" computerName="PCW11X01" duration="00:00:00.0001663" startTime="2026-09-08T19:33:57.6797796+02:00" endTime="2026-09-08T19:33:57.6797797+02:00" testType="13cdc9d9-ddb5-4fa4-a97d-d965ccfc6d4b" outcome="Passed" testListId="8c84fa94-04c1-424b-9868-57a2d4851a1d" relativeResultsDirectory="503b74ef-85da-406d-ae15-d9b268a6bc33" />
    <UnitTestResult executionId="d81409fe-a861-4518-bb78-3fa93a08955e" testId="7d0da1d1-aabf-0bad-94bd-5cb37496471d" testName="ModernizerWorkflowTests.RunCreatesCurrentFoldersBackupAndCopiesLegacySchachtTree" computerName="PCW11X01" duration="00:00:00.0184151" startTime="2026-09-08T19:33:57.6148508+02:00" endTime="2026-09-08T19:33:57.6148508+02:00" testType="13cdc9d9-ddb5-4fa4-a97d-d965ccfc6d4b" outcome="Passed" testListId="8c84fa94-04c1-424b-9868-57a2d4851a1d" relativeResultsDirectory="d81409fe-a861-4518-bb78-3fa93a08955e" />
    <UnitTestResult executionId="b712f33b-8577-44a1-8912-70f74c68e5df" testId="9e0017be-73b7-2db5-dbe4-c179475c57d6" testName="ExternalProjectLinkSanitizerTests.SanitizeMetadataLinks_removes_missing_external_logo" computerName="PCW11X01" duration="00:00:00.3445783" startTime="2026-09-08T19:33:57.5981078+02:00" endTime="2026-09-08T19:33:57.5981079+02:00" testType="13cdc9d9-ddb5-4fa4-a97d-d965ccfc6d4b" outcome="Passed" testListId="8c84fa94-04c1-424b-9868-57a2d4851a1d" relativeResultsDirectory="b712f33b-8577-44a1-8912-70f74c68e5df" />
    <UnitTestResult executionId="2d713fc2-6d0c-4593-afdf-8a150a09ff1f" testId="e4ada9eb-6550-a4d6-5ca8-38e25255b88c" testName="ModernizerFileSystemTests.EmptyDirectoryCleanerKeepsDirectoryTreeWithFiles" computerName="PCW11X01" duration="00:00:00.3450383" startTime="2026-09-08T19:33:57.5981346+02:00" endTime="2026-09-08T19:33:57.5981346+02:00" testType="13cdc9d9-ddb5-4fa4-a97d-d965ccfc6d4b" outcome="Passed" testListId="8c84fa94-04c1-424b-9868-57a2d4851a1d" relativeResultsDirectory="2d713fc2-6d0c-4593-afdf-8a150a09ff1f" />
    <UnitTestResult executionId="0f1933b3-b37f-418e-9388-9aea0414c964" testId="bcb1f118-5e72-9dab-617e-8d387778e0da" testName="ModernizerProjectLoaderTests.LoadBuildsRequestWithAbsolutePathsAndLoadedProject" computerName="PCW11X01" duration="00:00:00.0075605" startTime="2026-09-08T19:33:57.6687585+02:00" endTime="2026-09-08T19:33:57.6687586+02:00" testType="13cdc9d9-ddb5-4fa4-a97d-d965ccfc6d4b" outcome="Passed" testListId="8c84fa94-04c1-424b-9868-57a2d4851a1d" relativeResultsDirectory="0f1933b3-b37f-418e-9388-9aea0414c964" />
    <UnitTestResult executionId="b5ddd705-2e9c-4627-9147-b786bb3bc4b0" testId="d5e672d8-79a4-5cfb-71f2-5d6c4b582543" testName="ModernizerRelinkerTests.RelinkSchaechteCopiesProtocolPhotosAsSchachtFiles" computerName="PCW11X01" duration="00:00:00.0060698" startTime="2026-09-08T19:33:57.6141475+02:00" endTime="2026-09-08T19:33:57.6141476+02:00" testType="13cdc9d9-ddb5-4fa4-a97d-d965ccfc6d4b" outcome="Passed" testListId="8c84fa94-04c1-424b-9868-57a2d4851a1d" relativeResultsDirectory="b5ddd705-2e9c-4627-9147-b786bb3bc4b0" />
    <UnitTestResult executionId="847fcc8f-8ecc-4d7a-bcb5-026c4039c119" testId="4d2caeec-0f26-dd92-8954-83694238c980" testName="ModernizerPathResolverTests.TryResolveOrCopyModernPath_copies_external_candidate_into_typed_subfolder" computerName="PCW11X01" duration="00:00:00.0112094" startTime="2026-09-08T19:33:57.6095193+02:00" endTime="2026-09-08T19:33:57.6095194+02:00" testType="13cdc9d9-ddb5-4fa4-a97d-d965ccfc6d4b" outcome="Passed" testListId="8c84fa94-04c1-424b-9868-57a2d4851a1d" relativeResultsDirectory="847fcc8f-8ecc-4d7a-bcb5-026c4039c119" />
    <UnitTestResult executionId="4fc1d6a3-b0d1-47d8-b811-a04391f3c698" testId="b9878824-b6c4-b178-20aa-cd5548acc282" testName="ModernizerPathResolverTests.TryResolveOrCopyModernPath_maps_single_legacy_schacht_file_to_modern_relative_path" computerName="PCW11X01" duration="00:00:00.0023057" startTime="2026-09-08T19:33:57.6147092+02:00" endTime="2026-09-08T19:33:57.6147092+02:00" testType="13cdc9d9-ddb5-4fa4-a97d-d965ccfc6d4b" outcome="Passed" testListId="8c84fa94-04c1-424b-9868-57a2d4851a1d" relativeResultsDirectory="4fc1d6a3-b0d1-47d8-b811-a04391f3c698" />
    <UnitTestResult executionId="c52ce7c2-e86f-4365-96bf-5869afa0ba87" testId="13d23377-5096-2b4e-db27-d39ad9b9e115" testName="ModernizerRecordFieldUpdaterTests.ForceSetUsesRecordSetterAndUpdatesMetadata" computerName="PCW11X01" duration="00:00:00.3419655" startTime="2026-09-08T19:33:57.5924215+02:00" endTime="2026-09-08T19:33:57.5924216+02:00" testType="13cdc9d9-ddb5-4fa4-a97d-d965ccfc6d4b" outcome="Passed" testListId="8c84fa94-04c1-424b-9868-57a2d4851a1d" relativeResultsDirectory="c52ce7c2-e86f-4365-96bf-5869afa0ba87" />
    <UnitTestResult executionId="406bb4ce-fb79-4eab-b826-620b5d6f1340" testId="5a6efccd-0f52-2a99-1491-b74c42c92aa6" testName="ProtocolSnapshotLinkSanitizerTests.SanitizeProtocolChangeSnapshots_keeps_snapshot_unchanged_in_dry_run" computerName="PCW11X01" duration="00:00:00.0016441" startTime="2026-09-08T19:33:57.6047780+02:00" endTime="2026-09-08T19:33:57.6047782+02:00" testType="13cdc9d9-ddb5-4fa4-a97d-d965ccfc6d4b" outcome="Passed" testListId="8c84fa94-04c1-424b-9868-57a2d4851a1d" relativeResultsDirectory="406bb4ce-fb79-4eab-b826-620b5d6f1340" />
    <UnitTestResult executionId="2a2b2543-7be1-4cf0-b525-28e15991dcfa" testId="b9db6b6b-9b98-d809-8273-829ce2021da0" testName="ModernizerStructureFileMoverTests.MoveOrCopyStructureFileCopiesSourceInsideMoveRoot" computerName="PCW11X01" duration="00:00:00.0055906" startTime="2026-09-08T19:33:57.6078810+02:00" endTime="2026-09-08T19:33:57.6078811+02:00" testType="13cdc9d9-ddb5-4fa4-a97d-d965ccfc6d4b" outcome="Passed" testListId="8c84fa94-04c1-424b-9868-57a2d4851a1d" relativeResultsDirectory="2a2b2543-7be1-4cf0-b525-28e15991dcfa" />
    <UnitTestResult executionId="4538d723-557d-48b1-8be5-4619d92b96bf" testId="2047fbe1-1ed4-9f20-6ed2-659d4192622d" testName="ExternalProjectLinkSanitizerTests.SanitizeMetadataLinks_rewrites_external_import_metadata" computerName="PCW11X01" duration="00:00:00.0021372" startTime="2026-09-08T19:33:57.6024202+02:00" endTime="2026-09-08T19:33:57.6024203+02:00" testType="13cdc9d9-ddb5-4fa4-a97d-d965ccfc6d4b" outcome="Passed" testListId="8c84fa94-04c1-424b-9868-57a2d4851a1d" relativeResultsDirectory="4538d723-557d-48b1-8be5-4619d92b96bf" />
    <UnitTestResult executionId="fad10070-a1df-49ff-8d5d-50019bdda270" testId="103a49b3-b587-c7f3-e610-9a6953e8bb19" testName="ModernizerPathResolverTests.TryResolveOrCopyModernPath_resolves_existing_project_relative_modern_file" computerName="PCW11X01" duration="00:00:00.3478114" startTime="2026-09-08T19:33:57.5998716+02:00" endTime="2026-09-08T19:33:57.5998717+02:00" testType="13cdc9d9-ddb5-4fa4-a97d-d965ccfc6d4b" outcome="Passed" testListId="8c84fa94-04c1-424b-9868-57a2d4851a1d" relativeResultsDirectory="fad10070-a1df-49ff-8d5d-50019bdda270" />
    <UnitTestResult executionId="c5db1d02-f66d-4c0f-a694-6fb599a205ac" testId="de1905df-3093-2941-def5-fc257619a52b" testName="ModernizerProjectLoaderTests.LoadReturnsMissingProjectFileWhenExplicitFileDoesNotExist" computerName="PCW11X01" duration="00:00:00.0008014" startTime="2026-09-08T19:33:57.6611536+02:00" endTime="2026-09-08T19:33:57.6611538+02:00" testType="13cdc9d9-ddb5-4fa4-a97d-d965ccfc6d4b" outcome="Passed" testListId="8c84fa94-04c1-424b-9868-57a2d4851a1d" relativeResultsDirectory="c5db1d02-f66d-4c0f-a694-6fb599a205ac" />
    <UnitTestResult executionId="50d4f8b9-aa3d-48ff-9d8f-5cac5751ab55" testId="e5d695b7-02b9-a7cc-9254-e928598fc813" testName="ModernizerFileSystemTests.SameFileContentReturnsFalseForSameSizedDifferentContent" computerName="PCW11X01" duration="00:00:00.0050487" startTime="2026-09-08T19:33:57.6004923+02:00" endTime="2026-09-08T19:33:57.6004925+02:00" testType="13cdc9d9-ddb5-4fa4-a97d-d965ccfc6d4b" outcome="Passed" testListId="8c84fa94-04c1-424b-9868-57a2d4851a1d" relativeResultsDirectory="50d4f8b9-aa3d-48ff-9d8f-5cac5751ab55" />
    <UnitTestResult executionId="f825164c-663d-49e5-99e2-739603ed0b76" testId="c028bced-09c5-d091-3289-21540957dadc" testName="ModernizerProjectLoaderTests.LoadUsesNewestRootJsonWhenNoCanonicalProjectFileExists" computerName="PCW11X01" duration="00:00:00.4098507" startTime="2026-09-08T19:33:57.6602744+02:00" endTime="2026-09-08T19:33:57.6602746+02:00" testType="13cdc9d9-ddb5-4fa4-a97d-d965ccfc6d4b" outcome="Passed" testListId="8c84fa94-04c1-424b-9868-57a2d4851a1d" relativeResultsDirectory="f825164c-663d-49e5-99e2-739603ed0b76" />
    <UnitTestResult executionId="d46f77f6-a75f-4c1a-81b0-64e5e0c6dfbe" testId="25175517-6e95-5cd6-bb3e-a57fb646ea94" testName="ModernizerSourceIndexBuilderTests.BuildExternalFileIndexIncludesKnownMediaAndPdfFromSourceAndImports" computerName="PCW11X01" duration="00:00:00.3459864" startTime="2026-09-08T19:33:57.5981840+02:00" endTime="2026-09-08T19:33:57.5981841+02:00" testType="13cdc9d9-ddb5-4fa4-a97d-d965ccfc6d4b" outcome="Passed" testListId="8c84fa94-04c1-424b-9868-57a2d4851a1d" relativeResultsDirectory="d46f77f6-a75f-4c1a-81b0-64e5e0c6dfbe" />
    <UnitTestResult executionId="03d7a5a9-106e-4baa-a2d8-8d5a2f61f21e" testId="2f76bb69-d742-4888-d5e6-67d27a2c0707" testName="ModernizerPathResolverTests.TryResolveOrCopyModernPath_maps_single_legacy_file_to_modern_relative_path" computerName="PCW11X01" duration="00:00:00.0028005" startTime="2026-09-08T19:33:57.6123733+02:00" endTime="2026-09-08T19:33:57.6123734+02:00" testType="13cdc9d9-ddb5-4fa4-a97d-d965ccfc6d4b" outcome="Passed" testListId="8c84fa94-04c1-424b-9868-57a2d4851a1d" relativeResultsDirectory="03d7a5a9-106e-4baa-a2d8-8d5a2f61f21e" />
    <UnitTestResult executionId="abde4c4a-ad34-4251-9a2f-f54394684e89" testId="f8419893-4daa-7803-e380-a4740e33b2b2" testName="ModernizerRelinkerTests.RelinkHaltungenSkipsAmbiguousSourceVideos" computerName="PCW11X01" duration="00:00:00.3452735" startTime="2026-09-08T19:33:57.5981691+02:00" endTime="2026-09-08T19:33:57.5981691+02:00" testType="13cdc9d9-ddb5-4fa4-a97d-d965ccfc6d4b" outcome="Passed" testListId="8c84fa94-04c1-424b-9868-57a2d4851a1d" relativeResultsDirectory="abde4c4a-ad34-4251-9a2f-f54394684e89" />
    <UnitTestResult executionId="bd673166-50d7-453c-bad8-1ab17ed34417" testId="d377057b-3cd5-5957-67d7-1279da340035" testName="ModernizerFlattenerTests.FlattenHaltungenVerteiltCopiesNestedFilesAndKeepsLegacySubfolders" computerName="PCW11X01" duration="00:00:00.3528847" startTime="2026-09-08T19:33:57.6032713+02:00" endTime="2026-09-08T19:33:57.6032714+02:00" testType="13cdc9d9-ddb5-4fa4-a97d-d965ccfc6d4b" outcome="Passed" testListId="8c84fa94-04c1-424b-9868-57a2d4851a1d" relativeResultsDirectory="bd673166-50d7-453c-bad8-1ab17ed34417" />
    <UnitTestResult executionId="8444510b-faca-4c79-941d-581d388d0b05" testId="1f322746-cca1-3817-d326-ab6ccd2ffe60" testName="ModernizerStructureFilesTests.BuildFlatFieldTarget_keeps_expected_suffixes" computerName="PCW11X01" duration="00:00:00.0002965" startTime="2026-09-08T19:33:57.5922271+02:00" endTime="2026-09-08T19:33:57.5922273+02:00" testType="13cdc9d9-ddb5-4fa4-a97d-d965ccfc6d4b" outcome="Passed" testListId="8c84fa94-04c1-424b-9868-57a2d4851a1d" relativeResultsDirectory="8444510b-faca-4c79-941d-581d388d0b05" />
    <UnitTestResult executionId="c65d2a75-42e6-4d75-b4b4-9be4ba7fdaec" testId="f84c7f00-ca41-a77a-113c-8b6b659d5e86" testName="ModernizeOptionsTests.ParseRejectsUnknownOrIncompleteOption" computerName="PCW11X01" duration="00:00:00.0000715" startTime="2026-09-08T19:33:57.5912370+02:00" endTime="2026-09-08T19:33:57.5912371+02:00" testType="13cdc9d9-ddb5-4fa4-a97d-d965ccfc6d4b" outcome="Passed" testListId="8c84fa94-04c1-424b-9868-57a2d4851a1d" relativeResultsDirectory="c65d2a75-42e6-4d75-b4b4-9be4ba7fdaec" />
    <UnitTestResult executionId="dd29938e-f624-4dda-805e-e8c154739b25" testId="04bbe86b-add5-4ab3-0fff-091a6d7a3ee3" testName="ModernizerRecordFieldSpecsTests.HaltungPathFieldsKeepExpectedOrderAndListMarker" computerName="PCW11X01" duration="00:00:00.0025736" startTime="2026-09-08T19:33:57.6005138+02:00" endTime="2026-09-08T19:33:57.6005138+02:00" testType="13cdc9d9-ddb5-4fa4-a97d-d965ccfc6d4b" outcome="Passed" testListId="8c84fa94-04c1-424b-9868-57a2d4851a1d" relativeResultsDirectory="dd29938e-f624-4dda-805e-e8c154739b25" />
    <UnitTestResult executionId="d4db754b-f09d-4478-9f47-0a75043d5087" testId="d72506da-597e-79d5-c236-f8306eb76aef" testName="ProjectModernizerRunnerTests.RunReturnsMissingProjectCodeWhenProjectFileCannotBeFound" computerName="PCW11X01" duration="00:00:00.0005274" startTime="2026-09-08T19:33:57.6803458+02:00" endTime="2026-09-08T19:33:57.6803458+02:00" testType="13cdc9d9-ddb5-4fa4-a97d-d965ccfc6d4b" outcome="Passed" testListId="8c84fa94-04c1-424b-9868-57a2d4851a1d" relativeResultsDirectory="d4db754b-f09d-4478-9f47-0a75043d5087" />
    <UnitTestResult executionId="06f844f0-5266-40fd-ba83-a76616f66cf0" testId="916fd0ea-a684-f54c-5df1-93f5d22e678b" testName="ModernizerSourceIndexBuilderTests.BuildSourceVideoIndexUsesHoldingNameBeforeFirstUnderscore" computerName="PCW11X01" duration="00:00:00.0067930" startTime="2026-09-08T19:33:57.6031541+02:00" endTime="2026-09-08T19:33:57.6031542+02:00" testType="13cdc9d9-ddb5-4fa4-a97d-d965ccfc6d4b" outcome="Passed" testListId="8c84fa94-04c1-424b-9868-57a2d4851a1d" relativeResultsDirectory="06f844f0-5266-40fd-ba83-a76616f66cf0" />
    <UnitTestResult executionId="0e2c9432-3fb8-444b-8ead-bf16589e82c5" testId="0f6211f3-4f66-da6d-37f2-67fa08d10e9b" testName="ProjectModernizerExitCodeResolverTests.ResolveReturnsUnresolvedPathsWhenOnlyPathsAreMissing" computerName="PCW11X01" duration="00:00:00.0000943" startTime="2026-09-08T19:33:57.5920891+02:00" endTime="2026-09-08T19:33:57.5920892+02:00" testType="13cdc9d9-ddb5-4fa4-a97d-d965ccfc6d4b" outcome="Passed" testListId="8c84fa94-04c1-424b-9868-57a2d4851a1d" relativeResultsDirectory="0e2c9432-3fb8-444b-8ead-bf16589e82c5" />
    <UnitTestResult executionId="9d6b393b-4307-4367-9432-a95f237f0413" testId="db5a1f9e-f932-bfbd-a8d5-396e86d4e482" testName="ModernizerWorkflowTests.RunCopiesPlanFilesFromUmlautPlanFolder" computerName="PCW11X01" duration="00:00:00.0072613" startTime="2026-09-08T19:33:57.6222159+02:00" endTime="2026-09-08T19:33:57.6222161+02:00" testType="13cdc9d9-ddb5-4fa4-a97d-d965ccfc6d4b" outcome="Passed" testListId="8c84fa94-04c1-424b-9868-57a2d4851a1d" relativeResultsDirectory="9d6b393b-4307-4367-9432-a95f237f0413" />
    <UnitTestResult executionId="578bb5da-1d16-4e79-9c51-f0c61f929b3e" testId="d38a9d20-bb58-fa31-15b2-38fd80ebe45c" testName="ProtocolSnapshotLinkSanitizerTests.SanitizeProtocolChangeSnapshots_covers_after_original_and_history" computerName="PCW11X01" duration="00:00:00.3527047" startTime="2026-09-08T19:33:57.6030592+02:00" endTime="2026-09-08T19:33:57.6030593+02:00" testType="13cdc9d9-ddb5-4fa4-a97d-d965ccfc6d4b" outcome="Passed" testListId="8c84fa94-04c1-424b-9868-57a2d4851a1d" relativeResultsDirectory="578bb5da-1d16-4e79-9c51-f0c61f929b3e" />
    <UnitTestResult executionId="882059cc-389f-4e87-bfb1-f95686f634f9" testId="5e32157e-4d7a-0137-446b-a84bbc1e7126" testName="ModernizerStructureFileResolverTests.ResolveExistingFileResolvesRelativeProjectPath" computerName="PCW11X01" duration="00:00:00.0032243" startTime="2026-09-08T19:33:57.6052809+02:00" endTime="2026-09-08T19:33:57.6052810+02:00" testType="13cdc9d9-ddb5-4fa4-a97d-d965ccfc6d4b" outcome="Passed" testListId="8c84fa94-04c1-424b-9868-57a2d4851a1d" relativeResultsDirectory="882059cc-389f-4e87-bfb1-f95686f634f9" />
    <UnitTestResult executionId="cd7fa6f8-078d-4cd2-8955-81b55b38df9f" testId="60a19c4f-d183-ad50-6e89-2c578ff263ba" testName="ModernizerRelinkerTests.RelinkHaltungenDryRunReportsSingleSourceVideoWithoutChangingRecord" computerName="PCW11X01" duration="00:00:00.0049767" startTime="2026-09-08T19:33:57.6006629+02:00" endTime="2026-09-08T19:33:57.6006631+02:00" testType="13cdc9d9-ddb5-4fa4-a97d-d965ccfc6d4b" outcome="Passed" testListId="8c84fa94-04c1-424b-9868-57a2d4851a1d" relativeResultsDirectory="cd7fa6f8-078d-4cd2-8955-81b55b38df9f" />
    <UnitTestResult executionId="66d578c8-1cd3-45a8-92f3-086379ca7678" testId="4c93b0ba-0ef1-73c3-2475-6de28de62b7e" testName="ProtocolSnapshotLinkSanitizerTests.SanitizeProtocolChangeSnapshots_replaces_multiple_external_photos_independently" computerName="PCW11X01" duration="00:00:00.0039726" startTime="2026-09-08T19:33:57.6088222+02:00" endTime="2026-09-08T19:33:57.6088222+02:00" testType="13cdc9d9-ddb5-4fa4-a97d-d965ccfc6d4b" outcome="Passed" testListId="8c84fa94-04c1-424b-9868-57a2d4851a1d" relativeResultsDirectory="66d578c8-1cd3-45a8-92f3-086379ca7678" />
    <UnitTestResult executionId="a79ce82f-0efc-4ff0-bcdd-a1a1c7ad3df8" testId="dffb1f4c-cd52-5566-f5a5-274be156b083" testName="ModernizerRecordFieldSpecsTests.HaltungDateStampFieldsKeepExpectedFallbackOrder" computerName="PCW11X01" duration="00:00:00.3471793" startTime="2026-09-08T19:33:57.5996099+02:00" endTime="2026-09-08T19:33:57.5996099+02:00" testType="13cdc9d9-ddb5-4fa4-a97d-d965ccfc6d4b" outcome="Passed" testListId="8c84fa94-04c1-424b-9868-57a2d4851a1d" relativeResultsDirectory="a79ce82f-0efc-4ff0-bcdd-a1a1c7ad3df8" />
    <UnitTestResult executionId="219cdfad-ae74-4b12-a128-1c05c7488b7c" testId="cbeb0f96-8370-1afa-35e4-38d5621872ed" testName="ModernizerFileSystemTests.EmptyDirectoryCleanerDeletesNestedEmptyDirectoryTree" computerName="PCW11X01" duration="00:00:00.0022864" startTime="2026-09-08T19:33:57.6092125+02:00" endTime="2026-09-08T19:33:57.6092126+02:00" testType="13cdc9d9-ddb5-4fa4-a97d-d965ccfc6d4b" outcome="Passed" testListId="8c84fa94-04c1-424b-9868-57a2d4851a1d" relativeResultsDirectory="219cdfad-ae74-4b12-a128-1c05c7488b7c" />
  </Results>
  <TestDefinitions>
    <UnitTest name="ExternalProjectLinkSanitizerTests.SanitizeMetadataLinks_removes_missing_external_logo" storage="c:\sewer-studio_ki_4.5\tests\projectmodernizer.tests\bin\release\net10.0\projectmodernizer.tests.dll" id="9e0017be-73b7-2db5-dbe4-c179475c57d6">
      <Execution id="b712f33b-8577-44a1-8912-70f74c68e5df" />
      <TestMethod codeBase="C:\Sewer-Studio_KI_4.5\tests\ProjectModernizer.Tests\bin\Release\net10.0\ProjectModernizer.Tests.dll" adapterTypeName="executor://xunit/VsTestRunner2/netcoreapp" className="ExternalProjectLinkSanitizerTests" name="SanitizeMetadataLinks_removes_missing_external_logo" />
    </UnitTest>
    <UnitTest name="ModernizerRecordFieldUpdaterTests.ForceSetDoesNotOverwriteUserEditedField" storage="c:\sewer-studio_ki_4.5\tests\projectmodernizer.tests\bin\release\net10.0\projectmodernizer.tests.dll" id="f22c1a5f-ab8d-179e-004b-9533a1b8e160">
      <Execution id="58e7e896-8324-4233-9ef9-3dda305c5793" />
      <TestMethod codeBase="C:\Sewer-Studio_KI_4.5\tests\ProjectModernizer.Tests\bin\Release\net10.0\ProjectModernizer.Tests.dll" adapterTypeName="executor://xunit/VsTestRunner2/netcoreapp" className="ModernizerRecordFieldUpdaterTests" name="ForceSetDoesNotOverwriteUserEditedField" />
    </UnitTest>
    <UnitTest name="ModernizerRecordFieldSpecsTests.SchachtPathFieldsKeepExpectedOrder" storage="c:\sewer-studio_ki_4.5\tests\projectmodernizer.tests\bin\release\net10.0\projectmodernizer.tests.dll" id="1b9e4a27-1f77-904b-74a5-ff7ee0974811">
      <Execution id="b887254b-f7a0-4fc4-a027-77cc7cd18b90" />
      <TestMethod codeBase="C:\Sewer-Studio_KI_4.5\tests\ProjectModernizer.Tests\bin\Release\net10.0\ProjectModernizer.Tests.dll" adapterTypeName="executor://xunit/VsTestRunner2/netcoreapp" className="ModernizerRecordFieldSpecsTests" name="SchachtPathFieldsKeepExpectedOrder" />
    </UnitTest>
    <UnitTest name="ModernizerRecordFieldUpdaterTests.ForceSetUsesRecordSetterAndUpdatesMetadata" storage="c:\sewer-studio_ki_4.5\tests\projectmodernizer.tests\bin\release\net10.0\projectmodernizer.tests.dll" id="13d23377-5096-2b4e-db27-d39ad9b9e115">
      <Execution id="c52ce7c2-e86f-4365-96bf-5869afa0ba87" />
      <TestMethod codeBase="C:\Sewer-Studio_KI_4.5\tests\ProjectModernizer.Tests\bin\Release\net10.0\ProjectModernizer.Tests.dll" adapterTypeName="executor://xunit/VsTestRunner2/netcoreapp" className="ModernizerRecordFieldUpdaterTests" name="ForceSetUsesRecordSetterAndUpdatesMetadata" />
    </UnitTest>
    <UnitTest name="ModernizerStructureFileMoverTests.MoveOrCopyStructureFileReusesIdenticalTargetWithoutDeletingSource" storage="c:\sewer-studio_ki_4.5\tests\projectmodernizer.tests\bin\release\net10.0\projectmodernizer.tests.dll" id="206ef65d-41d3-3cd2-8302-b83115b3630f">
      <Execution id="43b7578f-fb45-4752-afc0-ff4f1f413ec4" />
      <TestMethod codeBase="C:\Sewer-Studio_KI_4.5\tests\ProjectModernizer.Tests\bin\Release\net10.0\ProjectModernizer.Tests.dll" adapterTypeName="executor://xunit/VsTestRunner2/netcoreapp" className="ModernizerStructureFileMoverTests" name="MoveOrCopyStructureFileReusesIdenticalTargetWithoutDeletingSource" />
    </UnitTest>
    <UnitTest name="ExternalPathDetectorTests.IsExternalAbsolutePathIgnoresRelativeAndProjectInternalPaths" storage="c:\sewer-studio_ki_4.5\tests\projectmodernizer.tests\bin\release\net10.0\projectmodernizer.tests.dll" id="c0cbe092-781d-277d-d795-6a4338a55533">
      <Execution id="3623094e-d00c-4473-972b-2ce1078c6269" />
      <TestMethod codeBase="C:\Sewer-Studio_KI_4.5\tests\ProjectModernizer.Tests\bin\Release\net10.0\ProjectModernizer.Tests.dll" adapterTypeName="executor://xunit/VsTestRunner2/netcoreapp" className="ExternalPathDetectorTests" name="IsExternalAbsolutePathIgnoresRelativeAndProjectInternalPaths" />
    </UnitTest>
    <UnitTest name="ModernizerRelinkerTests.RelinkHaltungenCopiesSingleSourceVideoWhenHoldingHasNoVideo" storage="c:\sewer-studio_ki_4.5\tests\projectmodernizer.tests\bin\release\net10.0\projectmodernizer.tests.dll" id="fa1555b3-8447-9bf6-6c5f-687c6e71d91c">
      <Execution id="cdeba0fc-a718-4387-a04f-d36ec16f15f8" />
      <TestMethod codeBase="C:\Sewer-Studio_KI_4.5\tests\ProjectModernizer.Tests\bin\Release\net10.0\ProjectModernizer.Tests.dll" adapterTypeName="executor://xunit/VsTestRunner2/netcoreapp" className="ModernizerRelinkerTests" name="RelinkHaltungenCopiesSingleSourceVideoWhenHoldingHasNoVideo" />
    </UnitTest>
    <UnitTest name="ExternalProjectLinkSanitizerTests.SanitizeMetadataLinks_copies_existing_external_logo_into_project" storage="c:\sewer-studio_ki_4.5\tests\projectmodernizer.tests\bin\release\net10.0\projectmodernizer.tests.dll" id="454e623c-7127-f01e-72d2-a068c853adfb">
      <Execution id="f5fad614-5e93-4f10-b403-0fa8894f6f8c" />
      <TestMethod codeBase="C:\Sewer-Studio_KI_4.5\tests\ProjectModernizer.Tests\bin\Release\net10.0\ProjectModernizer.Tests.dll" adapterTypeName="executor://xunit/VsTestRunner2/netcoreapp" className="ExternalProjectLinkSanitizerTests" name="SanitizeMetadataLinks_copies_existing_external_logo_into_project" />
    </UnitTest>
    <UnitTest name="ModernizerPathResolverTests.TryResolveOrCopyModernPath_maps_single_legacy_file_to_modern_relative_path" storage="c:\sewer-studio_ki_4.5\tests\projectmodernizer.tests\bin\release\net10.0\projectmodernizer.tests.dll" id="2f76bb69-d742-4888-d5e6-67d27a2c0707">
      <Execution id="03d7a5a9-106e-4baa-a2d8-8d5a2f61f21e" />
      <TestMethod codeBase="C:\Sewer-Studio_KI_4.5\tests\ProjectModernizer.Tests\bin\Release\net10.0\ProjectModernizer.Tests.dll" adapterTypeName="executor://xunit/VsTestRunner2/netcoreapp" className="ModernizerPathResolverTests" name="TryResolveOrCopyModernPath_maps_single_legacy_file_to_modern_relative_path" />
    </UnitTest>
    <UnitTest name="ModernizerPathResolverTests.TryResolveOrCopyModernPath_maps_single_legacy_schacht_file_to_modern_relative_path" storage="c:\sewer-studio_ki_4.5\tests\projectmodernizer.tests\bin\release\net10.0\projectmodernizer.tests.dll" id="b9878824-b6c4-b178-20aa-cd5548acc282">
      <Execution id="4fc1d6a3-b0d1-47d8-b811-a04391f3c698" />
      <TestMethod codeBase="C:\Sewer-Studio_KI_4.5\tests\ProjectModernizer.Tests\bin\Release\net10.0\ProjectModernizer.Tests.dll" adapterTypeName="executor://xunit/VsTestRunner2/netcoreapp" className="ModernizerPathResolverTests" name="TryResolveOrCopyModernPath_maps_single_legacy_schacht_file_to_modern_relative_path" />
    </UnitTest>
    <UnitTest name="ModernizedProjectSaverTests.SaveDoesNotOverwriteProjectFileOutsideProjectFolder" storage="c:\sewer-studio_ki_4.5\tests\projectmodernizer.tests\bin\release\net10.0\projectmodernizer.tests.dll" id="e1efcb53-2b84-5d26-c7ce-6107f43c4ddb">
      <Execution id="a6ce90ac-23ac-4b22-8134-2ac0754e4637" />
      <TestMethod codeBase="C:\Sewer-Studio_KI_4.5\tests\ProjectModernizer.Tests\bin\Release\net10.0\ProjectModernizer.Tests.dll" adapterTypeName="executor://xunit/VsTestRunner2/netcoreapp" className="ModernizedProjectSaverTests" name="SaveDoesNotOverwriteProjectFileOutsideProjectFolder" />
    </UnitTest>
    <UnitTest name="ModernizerWorkflowTests.RunCopiesPlanFilesFromUmlautPlanFolder" storage="c:\sewer-studio_ki_4.5\tests\projectmodernizer.tests\bin\release\net10.0\projectmodernizer.tests.dll" id="db5a1f9e-f932-bfbd-a8d5-396e86d4e482">
      <Execution id="9d6b393b-4307-4367-9432-a95f237f0413" />
      <TestMethod codeBase="C:\Sewer-Studio_KI_4.5\tests\ProjectModernizer.Tests\bin\Release\net10.0\ProjectModernizer.Tests.dll" adapterTypeName="executor://xunit/VsTestRunner2/netcoreapp" className="ModernizerWorkflowTests" name="RunCopiesPlanFilesFromUmlautPlanFolder" />
    </UnitTest>
    <UnitTest name="ModernizerStructureFilesTests.BuildFlatLooseTarget_detects_dp_eigen_and_secondary_video_names" storage="c:\sewer-studio_ki_4.5\tests\projectmodernizer.tests\bin\release\net10.0\projectmodernizer.tests.dll" id="5d156b69-6779-16a2-221c-e40f4a988a59">
      <Execution id="77cd34b8-fa0c-4c98-9d95-37f87bf4daf9" />
      <TestMethod codeBase="C:\Sewer-Studio_KI_4.5\tests\ProjectModernizer.Tests\bin\Release\net10.0\ProjectModernizer.Tests.dll" adapterTypeName="executor://xunit/VsTestRunner2/netcoreapp" className="ModernizerStructureFilesTests" name="BuildFlatLooseTarget_detects_dp_eigen_and_secondary_video_names" />
    </UnitTest>
    <UnitTest name="ProjectModernizerExitCodeResolverTests.ResolveReturnsCopyErrorsBeforeUnresolvedPaths" storage="c:\sewer-studio_ki_4.5\tests\projectmodernizer.tests\bin\release\net10.0\projectmodernizer.tests.dll" id="4b919e5d-2608-5a2f-d948-e9d87d1a4c79">
      <Execution id="e80552f5-fea7-49bf-8a50-d560828507c4" />
      <TestMethod codeBase="C:\Sewer-Studio_KI_4.5\tests\ProjectModernizer.Tests\bin\Release\net10.0\ProjectModernizer.Tests.dll" adapterTypeName="executor://xunit/VsTestRunner2/netcoreapp" className="ProjectModernizerExitCodeResolverTests" name="ResolveReturnsCopyErrorsBeforeUnresolvedPaths" />
    </UnitTest>
    <UnitTest name="ModernizerRelinkerTests.RelinkHaltungenSkipsAmbiguousSourceVideos" storage="c:\sewer-studio_ki_4.5\tests\projectmodernizer.tests\bin\release\net10.0\projectmodernizer.tests.dll" id="f8419893-4daa-7803-e380-a4740e33b2b2">
      <Execution id="abde4c4a-ad34-4251-9a2f-f54394684e89" />
      <TestMethod codeBase="C:\Sewer-Studio_KI_4.5\tests\ProjectModernizer.Tests\bin\Release\net10.0\ProjectModernizer.Tests.dll" adapterTypeName="executor://xunit/VsTestRunner2/netcoreapp" className="ModernizerRelinkerTests" name="RelinkHaltungenSkipsAmbiguousSourceVideos" />
    </UnitTest>
    <UnitTest name="ModernizeOptionsTests.ParseRejectsUnknownOrIncompleteOption" storage="c:\sewer-studio_ki_4.5\tests\projectmodernizer.tests\bin\release\net10.0\projectmodernizer.tests.dll" id="f84c7f00-ca41-a77a-113c-8b6b659d5e86">
      <Execution id="c65d2a75-42e6-4d75-b4b4-9be4ba7fdaec" />
      <TestMethod codeBase="C:\Sewer-Studio_KI_4.5\tests\ProjectModernizer.Tests\bin\Release\net10.0\ProjectModernizer.Tests.dll" adapterTypeName="executor://xunit/VsTestRunner2/netcoreapp" className="ModernizeOptionsTests" name="ParseRejectsUnknownOrIncompleteOption" />
    </UnitTest>
    <UnitTest name="ProtocolSnapshotLinkSanitizerTests.SanitizeProtocolChangeSnapshots_replaces_multiple_external_photos_independently" storage="c:\sewer-studio_ki_4.5\tests\projectmodernizer.tests\bin\release\net10.0\projectmodernizer.tests.dll" id="4c93b0ba-0ef1-73c3-2475-6de28de62b7e">
      <Execution id="66d578c8-1cd3-45a8-92f3-086379ca7678" />
      <TestMethod codeBase="C:\Sewer-Studio_KI_4.5\tests\ProjectModernizer.Tests\bin\Release\net10.0\ProjectModernizer.Tests.dll" adapterTypeName="executor://xunit/VsTestRunner2/netcoreapp" className="ProtocolSnapshotLinkSanitizerTests" name="SanitizeProtocolChangeSnapshots_replaces_multiple_external_photos_independently" />
    </UnitTest>
    <UnitTest name="ModernizerStructureFileResolverTests.ResolveExistingFileRejectsExistingFileWithWrongType" storage="c:\sewer-studio_ki_4.5\tests\projectmodernizer.tests\bin\release\net10.0\projectmodernizer.tests.dll" id="7597430d-241f-2c19-d996-803303885f7c">
      <Execution id="2eb57e84-26fe-4b0c-ae26-c4ffc0318fb4" />
      <TestMethod codeBase="C:\Sewer-Studio_KI_4.5\tests\ProjectModernizer.Tests\bin\Release\net10.0\ProjectModernizer.Tests.dll" adapterTypeName="executor://xunit/VsTestRunner2/netcoreapp" className="ModernizerStructureFileResolverTests" name="ResolveExistingFileRejectsExistingFileWithWrongType" />
    </UnitTest>
    <UnitTest name="ModernizerFileSystemTests.EmptyDirectoryCleanerKeepsDirectoryTreeWithFiles" storage="c:\sewer-studio_ki_4.5\tests\projectmodernizer.tests\bin\release\net10.0\projectmodernizer.tests.dll" id="e4ada9eb-6550-a4d6-5ca8-38e25255b88c">
      <Execution id="2d713fc2-6d0c-4593-afdf-8a150a09ff1f" />
      <TestMethod codeBase="C:\Sewer-Studio_KI_4.5\tests\ProjectModernizer.Tests\bin\Release\net10.0\ProjectModernizer.Tests.dll" adapterTypeName="executor://xunit/VsTestRunner2/netcoreapp" className="ModernizerFileSystemTests" name="EmptyDirectoryCleanerKeepsDirectoryTreeWithFiles" />
    </UnitTest>
    <UnitTest name="ProjectModernizerRunnerTests.RunReturnsUsageCodeForInvalidArguments" storage="c:\sewer-studio_ki_4.5\tests\projectmodernizer.tests\bin\release\net10.0\projectmodernizer.tests.dll" id="71c210d4-8887-7171-0319-e8b9f10240d9">
      <Execution id="503b74ef-85da-406d-ae15-d9b268a6bc33" />
      <TestMethod codeBase="C:\Sewer-Studio_KI_4.5\tests\ProjectModernizer.Tests\bin\Release\net10.0\ProjectModernizer.Tests.dll" adapterTypeName="executor://xunit/VsTestRunner2/netcoreapp" className="ProjectModernizerRunnerTests" name="RunReturnsUsageCodeForInvalidArguments" />
    </UnitTest>
    <UnitTest name="ModernizerPathResolverTests.TryResolveOrCopyModernPath_resolves_existing_project_relative_modern_file" storage="c:\sewer-studio_ki_4.5\tests\projectmodernizer.tests\bin\release\net10.0\projectmodernizer.tests.dll" id="103a49b3-b587-c7f3-e610-9a6953e8bb19">
      <Execution id="fad10070-a1df-49ff-8d5d-50019bdda270" />
      <TestMethod codeBase="C:\Sewer-Studio_KI_4.5\tests\ProjectModernizer.Tests\bin\Release\net10.0\ProjectModernizer.Tests.dll" adapterTypeName="executor://xunit/VsTestRunner2/netcoreapp" className="ModernizerPathResolverTests" name="TryResolveOrCopyModernPath_resolves_existing_project_relative_modern_file" />
    </UnitTest>
    <UnitTest name="ProtocolSnapshotLinkSanitizerTests.SanitizeProtocolChangeSnapshots_keeps_snapshot_unchanged_in_dry_run" storage="c:\sewer-studio_ki_4.5\tests\projectmodernizer.tests\bin\release\net10.0\projectmodernizer.tests.dll" id="5a6efccd-0f52-2a99-1491-b74c42c92aa6">
      <Execution id="406bb4ce-fb79-4eab-b826-620b5d6f1340" />
      <TestMethod codeBase="C:\Sewer-Studio_KI_4.5\tests\ProjectModernizer.Tests\bin\Release\net10.0\ProjectModernizer.Tests.dll" adapterTypeName="executor://xunit/VsTestRunner2/netcoreapp" className="ProtocolSnapshotLinkSanitizerTests" name="SanitizeProtocolChangeSnapshots_keeps_snapshot_unchanged_in_dry_run" />
    </UnitTest>
    <UnitTest name="ProtocolSnapshotLinkSanitizerTests.SanitizeProtocolChangeSnapshots_removes_external_photo_when_photo_is_not_in_project" storage="c:\sewer-studio_ki_4.5\tests\projectmodernizer.tests\bin\release\net10.0\projectmodernizer.tests.dll" id="4a086579-aa2c-8fae-3df6-b9385fd2edfc">
      <Execution id="b2c44b3c-140c-4dfd-b200-4505c1cd5864" />
      <TestMethod codeBase="C:\Sewer-Studio_KI_4.5\tests\ProjectModernizer.Tests\bin\Release\net10.0\ProjectModernizer.Tests.dll" adapterTypeName="executor://xunit/VsTestRunner2/netcoreapp" className="ProtocolSnapshotLinkSanitizerTests" name="SanitizeProtocolChangeSnapshots_removes_external_photo_when_photo_is_not_in_project" />
    </UnitTest>
    <UnitTest name="ModernizeOptionsTests.ParseRejectsMissingProjectFolder" storage="c:\sewer-studio_ki_4.5\tests\projectmodernizer.tests\bin\release\net10.0\projectmodernizer.tests.dll" id="8c4f417f-dc9e-9c6e-ba75-c93398c430d2">
      <Execution id="4bcdab76-590a-47e7-886d-947e14c34bc3" />
      <TestMethod codeBase="C:\Sewer-Studio_KI_4.5\tests\ProjectModernizer.Tests\bin\Release\net10.0\ProjectModernizer.Tests.dll" adapterTypeName="executor://xunit/VsTestRunner2/netcoreapp" className="ModernizeOptionsTests" name="ParseRejectsMissingProjectFolder" />
    </UnitTest>
    <UnitTest name="ModernizeOptionsTests.ParseRecognizesAllOptions" storage="c:\sewer-studio_ki_4.5\tests\projectmodernizer.tests\bin\release\net10.0\projectmodernizer.tests.dll" id="e00db5da-6375-e6e1-bdf7-15eb51655166">
      <Execution id="fb4aa982-0651-4915-ac92-8fcda8ccbcc6" />
      <TestMethod codeBase="C:\Sewer-Studio_KI_4.5\tests\ProjectModernizer.Tests\bin\Release\net10.0\ProjectModernizer.Tests.dll" adapterTypeName="executor://xunit/VsTestRunner2/netcoreapp" className="ModernizeOptionsTests" name="ParseRecognizesAllOptions" />
    </UnitTest>
    <UnitTest name="ModernizerRecordFieldSpecsTests.HaltungPathFieldsKeepExpectedOrderAndListMarker" storage="c:\sewer-studio_ki_4.5\tests\projectmodernizer.tests\bin\release\net10.0\projectmodernizer.tests.dll" id="04bbe86b-add5-4ab3-0fff-091a6d7a3ee3">
      <Execution id="dd29938e-f624-4dda-805e-e8c154739b25" />
      <TestMethod codeBase="C:\Sewer-Studio_KI_4.5\tests\ProjectModernizer.Tests\bin\Release\net10.0\ProjectModernizer.Tests.dll" adapterTypeName="executor://xunit/VsTestRunner2/netcoreapp" className="ModernizerRecordFieldSpecsTests" name="HaltungPathFieldsKeepExpectedOrderAndListMarker" />
    </UnitTest>
    <UnitTest name="ModernizerWorkflowTests.RunDryRunReportsIntentButDoesNotCreateFolders" storage="c:\sewer-studio_ki_4.5\tests\projectmodernizer.tests\bin\release\net10.0\projectmodernizer.tests.dll" id="22708d88-bbbc-0f6a-c7e4-1a3ab2fd1a8e">
      <Execution id="9f8e1cdb-80c3-4ae4-b561-ed72da11b662" />
      <TestMethod codeBase="C:\Sewer-Studio_KI_4.5\tests\ProjectModernizer.Tests\bin\Release\net10.0\ProjectModernizer.Tests.dll" adapterTypeName="executor://xunit/VsTestRunner2/netcoreapp" className="ModernizerWorkflowTests" name="RunDryRunReportsIntentButDoesNotCreateFolders" />
    </UnitTest>
    <UnitTest name="ModernizerProjectLoaderTests.LoadUsesNewestRootJsonWhenNoCanonicalProjectFileExists" storage="c:\sewer-studio_ki_4.5\tests\projectmodernizer.tests\bin\release\net10.0\projectmodernizer.tests.dll" id="c028bced-09c5-d091-3289-21540957dadc">
      <Execution id="f825164c-663d-49e5-99e2-739603ed0b76" />
      <TestMethod codeBase="C:\Sewer-Studio_KI_4.5\tests\ProjectModernizer.Tests\bin\Release\net10.0\ProjectModernizer.Tests.dll" adapterTypeName="executor://xunit/VsTestRunner2/netcoreapp" className="ModernizerProjectLoaderTests" name="LoadUsesNewestRootJsonWhenNoCanonicalProjectFileExists" />
    </UnitTest>
    <UnitTest name="ModernizerPathResolverTests.TryResolveOrCopyModernPath_copies_external_candidate_into_typed_subfolder" storage="c:\sewer-studio_ki_4.5\tests\projectmodernizer.tests\bin\release\net10.0\projectmodernizer.tests.dll" id="4d2caeec-0f26-dd92-8954-83694238c980">
      <Execution id="847fcc8f-8ecc-4d7a-bcb5-026c4039c119" />
      <TestMethod codeBase="C:\Sewer-Studio_KI_4.5\tests\ProjectModernizer.Tests\bin\Release\net10.0\ProjectModernizer.Tests.dll" adapterTypeName="executor://xunit/VsTestRunner2/netcoreapp" className="ModernizerPathResolverTests" name="TryResolveOrCopyModernPath_copies_external_candidate_into_typed_subfolder" />
    </UnitTest>
    <UnitTest name="ProjectModernizerRunnerTests.RunDoesNotOverwriteProjectFileOutsideProjectFolder" storage="c:\sewer-studio_ki_4.5\tests\projectmodernizer.tests\bin\release\net10.0\projectmodernizer.tests.dll" id="f1503eaa-1bb7-f2c1-a1be-4c1b1277e706">
      <Execution id="e3f24606-fdca-4127-8b5b-f6de7b4cc7b4" />
      <TestMethod codeBase="C:\Sewer-Studio_KI_4.5\tests\ProjectModernizer.Tests\bin\Release\net10.0\ProjectModernizer.Tests.dll" adapterTypeName="executor://xunit/VsTestRunner2/netcoreapp" className="ProjectModernizerRunnerTests" name="RunDoesNotOverwriteProjectFileOutsideProjectFolder" />
    </UnitTest>
    <UnitTest name="ProjectModernizerRunnerTests.RunReturnsMissingProjectCodeWhenProjectFileCannotBeFound" storage="c:\sewer-studio_ki_4.5\tests\projectmodernizer.tests\bin\release\net10.0\projectmodernizer.tests.dll" id="d72506da-597e-79d5-c236-f8306eb76aef">
      <Execution id="d4db754b-f09d-4478-9f47-0a75043d5087" />
      <TestMethod codeBase="C:\Sewer-Studio_KI_4.5\tests\ProjectModernizer.Tests\bin\Release\net10.0\ProjectModernizer.Tests.dll" adapterTypeName="executor://xunit/VsTestRunner2/netcoreapp" className="ProjectModernizerRunnerTests" name="RunReturnsMissingProjectCodeWhenProjectFileCannotBeFound" />
    </UnitTest>
    <UnitTest name="ModernizerFlattenerTests.FlattenHaltungenVerteiltCopiesNestedFilesAndKeepsLegacySubfolders" storage="c:\sewer-studio_ki_4.5\tests\projectmodernizer.tests\bin\release\net10.0\projectmodernizer.tests.dll" id="d377057b-3cd5-5957-67d7-1279da340035">
      <Execution id="bd673166-50d7-453c-bad8-1ab17ed34417" />
      <TestMethod codeBase="C:\Sewer-Studio_KI_4.5\tests\ProjectModernizer.Tests\bin\Release\net10.0\ProjectModernizer.Tests.dll" adapterTypeName="executor://xunit/VsTestRunner2/netcoreapp" className="ModernizerFlattenerTests" name="FlattenHaltungenVerteiltCopiesNestedFilesAndKeepsLegacySubfolders" />
    </UnitTest>
    <UnitTest name="ModernizerStructureFileResolverTests.ResolveExistingFileResolvesAbsolutePathWhenTypeMatches" storage="c:\sewer-studio_ki_4.5\tests\projectmodernizer.tests\bin\release\net10.0\projectmodernizer.tests.dll" id="a7fafdea-a334-e312-51f9-c60dc8dfcd9f">
      <Execution id="576931c1-6c91-4c6e-a690-eff3feb54ac3" />
      <TestMethod codeBase="C:\Sewer-Studio_KI_4.5\tests\ProjectModernizer.Tests\bin\Release\net10.0\ProjectModernizer.Tests.dll" adapterTypeName="executor://xunit/VsTestRunner2/netcoreapp" className="ModernizerStructureFileResolverTests" name="ResolveExistingFileResolvesAbsolutePathWhenTypeMatches" />
    </UnitTest>
    <UnitTest name="ModernizerProjectLoaderTests.LoadReturnsLoadFailedWhenProjectJsonIsInvalid" storage="c:\sewer-studio_ki_4.5\tests\projectmodernizer.tests\bin\release\net10.0\projectmodernizer.tests.dll" id="fd9f201f-de69-d204-37b7-20d62d3ea126">
      <Execution id="55ba860b-38b9-4d9a-bfa8-7cc08ba34686" />
      <TestMethod codeBase="C:\Sewer-Studio_KI_4.5\tests\ProjectModernizer.Tests\bin\Release\net10.0\ProjectModernizer.Tests.dll" adapterTypeName="executor://xunit/VsTestRunner2/netcoreapp" className="ModernizerProjectLoaderTests" name="LoadReturnsLoadFailedWhenProjectJsonIsInvalid" />
    </UnitTest>
    <UnitTest name="ModernizerFieldFlattenerTests.FlattenRecordFieldList_preserves_unresolved_entries_and_reports_them" storage="c:\sewer-studio_ki_4.5\tests\projectmodernizer.tests\bin\release\net10.0\projectmodernizer.tests.dll" id="6e9907f8-4660-0e7d-cf10-9ea3b377af5d">
      <Execution id="4ef37c72-346d-40e4-9a96-ffdff0e2870b" />
      <TestMethod codeBase="C:\Sewer-Studio_KI_4.5\tests\ProjectModernizer.Tests\bin\Release\net10.0\ProjectModernizer.Tests.dll" adapterTypeName="executor://xunit/VsTestRunner2/netcoreapp" className="ModernizerFieldFlattenerTests" name="FlattenRecordFieldList_preserves_unresolved_entries_and_reports_them" />
    </UnitTest>
    <UnitTest name="ModernizerStructureFileMoverTests.MoveOrCopyStructureFileUsesCollisionPathForSameSizedDifferentContent" storage="c:\sewer-studio_ki_4.5\tests\projectmodernizer.tests\bin\release\net10.0\projectmodernizer.tests.dll" id="fde3173e-278d-412d-ec30-29558122abe1">
      <Execution id="aafbca8b-52a8-45b3-9fe7-188483df0372" />
      <TestMethod codeBase="C:\Sewer-Studio_KI_4.5\tests\ProjectModernizer.Tests\bin\Release\net10.0\ProjectModernizer.Tests.dll" adapterTypeName="executor://xunit/VsTestRunner2/netcoreapp" className="ModernizerStructureFileMoverTests" name="MoveOrCopyStructureFileUsesCollisionPathForSameSizedDifferentContent" />
    </UnitTest>
    <UnitTest name="ModernizerFieldFlattenerTests.FlattenRecordField_keeps_direct_child_file_and_rewrites_absolute_path_to_relative" storage="c:\sewer-studio_ki_4.5\tests\projectmodernizer.tests\bin\release\net10.0\projectmodernizer.tests.dll" id="db2814a4-b855-1fcc-fba9-44b7a83fafe2">
      <Execution id="64f5b024-1546-4061-b458-21fc2d1e0360" />
      <TestMethod codeBase="C:\Sewer-Studio_KI_4.5\tests\ProjectModernizer.Tests\bin\Release\net10.0\ProjectModernizer.Tests.dll" adapterTypeName="executor://xunit/VsTestRunner2/netcoreapp" className="ModernizerFieldFlattenerTests" name="FlattenRecordField_keeps_direct_child_file_and_rewrites_absolute_path_to_relative" />
    </UnitTest>
    <UnitTest name="ModernizerProjectLoaderTests.LoadReturnsMissingProjectFileWhenExplicitFileDoesNotExist" storage="c:\sewer-studio_ki_4.5\tests\projectmodernizer.tests\bin\release\net10.0\projectmodernizer.tests.dll" id="de1905df-3093-2941-def5-fc257619a52b">
      <Execution id="c5db1d02-f66d-4c0f-a694-6fb599a205ac" />
      <TestMethod codeBase="C:\Sewer-Studio_KI_4.5\tests\ProjectModernizer.Tests\bin\Release\net10.0\ProjectModernizer.Tests.dll" adapterTypeName="executor://xunit/VsTestRunner2/netcoreapp" className="ModernizerProjectLoaderTests" name="LoadReturnsMissingProjectFileWhenExplicitFileDoesNotExist" />
    </UnitTest>
    <UnitTest name="ModernizerStructureFileMoverTests.MoveOrCopyStructureFileCopiesSourceInsideMoveRoot" storage="c:\sewer-studio_ki_4.5\tests\projectmodernizer.tests\bin\release\net10.0\projectmodernizer.tests.dll" id="b9db6b6b-9b98-d809-8273-829ce2021da0">
      <Execution id="2a2b2543-7be1-4cf0-b525-28e15991dcfa" />
      <TestMethod codeBase="C:\Sewer-Studio_KI_4.5\tests\ProjectModernizer.Tests\bin\Release\net10.0\ProjectModernizer.Tests.dll" adapterTypeName="executor://xunit/VsTestRunner2/netcoreapp" className="ModernizerStructureFileMoverTests" name="MoveOrCopyStructureFileCopiesSourceInsideMoveRoot" />
    </UnitTest>
    <UnitTest name="ProjectModernizerExitCodeResolverTests.ResolveReturnsUnresolvedPathsWhenOnlyPathsAreMissing" storage="c:\sewer-studio_ki_4.5\tests\projectmodernizer.tests\bin\release\net10.0\projectmodernizer.tests.dll" id="0f6211f3-4f66-da6d-37f2-67fa08d10e9b">
      <Execution id="0e2c9432-3fb8-444b-8ead-bf16589e82c5" />
      <TestMethod codeBase="C:\Sewer-Studio_KI_4.5\tests\ProjectModernizer.Tests\bin\Release\net10.0\ProjectModernizer.Tests.dll" adapterTypeName="executor://xunit/VsTestRunner2/netcoreapp" className="ProjectModernizerExitCodeResolverTests" name="ResolveReturnsUnresolvedPathsWhenOnlyPathsAreMissing" />
    </UnitTest>
    <UnitTest name="ProtocolSnapshotLinkSanitizerTests.SanitizeProtocolChangeSnapshots_replaces_external_photo_with_central_relative_path" storage="c:\sewer-studio_ki_4.5\tests\projectmodernizer.tests\bin\release\net10.0\projectmodernizer.tests.dll" id="18405b54-3912-ffc4-e684-6e9b0c0e4e09">
      <Execution id="f4c4b538-39ee-4e4d-afd0-ab6affc8ead0" />
      <TestMethod codeBase="C:\Sewer-Studio_KI_4.5\tests\ProjectModernizer.Tests\bin\Release\net10.0\ProjectModernizer.Tests.dll" adapterTypeName="executor://xunit/VsTestRunner2/netcoreapp" className="ProtocolSnapshotLinkSanitizerTests" name="SanitizeProtocolChangeSnapshots_replaces_external_photo_with_central_relative_path" />
    </UnitTest>
    <UnitTest name="ModernizerFileSystemTests.EmptyDirectoryCleanerDeletesNestedEmptyDirectoryTree" storage="c:\sewer-studio_ki_4.5\tests\projectmodernizer.tests\bin\release\net10.0\projectmodernizer.tests.dll" id="cbeb0f96-8370-1afa-35e4-38d5621872ed">
      <Execution id="219cdfad-ae74-4b12-a128-1c05c7488b7c" />
      <TestMethod codeBase="C:\Sewer-Studio_KI_4.5\tests\ProjectModernizer.Tests\bin\Release\net10.0\ProjectModernizer.Tests.dll" adapterTypeName="executor://xunit/VsTestRunner2/netcoreapp" className="ModernizerFileSystemTests" name="EmptyDirectoryCleanerDeletesNestedEmptyDirectoryTree" />
    </UnitTest>
    <UnitTest name="ModernizedProjectSaverTests.SaveWritesCanonicalProjectPointerAndReport" storage="c:\sewer-studio_ki_4.5\tests\projectmodernizer.tests\bin\release\net10.0\projectmodernizer.tests.dll" id="9e9b4913-f200-49db-c925-bcb889ba2ce4">
      <Execution id="9760ff8c-67d2-455d-8782-3922575e171f" />
      <TestMethod codeBase="C:\Sewer-Studio_KI_4.5\tests\ProjectModernizer.Tests\bin\Release\net10.0\ProjectModernizer.Tests.dll" adapterTypeName="executor://xunit/VsTestRunner2/netcoreapp" className="ModernizedProjectSaverTests" name="SaveWritesCanonicalProjectPointerAndReport" />
    </UnitTest>
    <UnitTest name="ModernizerSourceIndexBuilderTests.BuildSourceVideoIndexUsesHoldingNameBeforeFirstUnderscore" storage="c:\sewer-studio_ki_4.5\tests\projectmodernizer.tests\bin\release\net10.0\projectmodernizer.tests.dll" id="916fd0ea-a684-f54c-5df1-93f5d22e678b">
      <Execution id="06f844f0-5266-40fd-ba83-a76616f66cf0" />
      <TestMethod codeBase="C:\Sewer-Studio_KI_4.5\tests\ProjectModernizer.Tests\bin\Release\net10.0\ProjectModernizer.Tests.dll" adapterTypeName="executor://xunit/VsTestRunner2/netcoreapp" className="ModernizerSourceIndexBuilderTests" name="BuildSourceVideoIndexUsesHoldingNameBeforeFirstUnderscore" />
    </UnitTest>
    <UnitTest name="ModernizerFileSystemTests.CopyFileExactUsesCollisionPathForSameSizedDifferentContent" storage="c:\sewer-studio_ki_4.5\tests\projectmodernizer.tests\bin\release\net10.0\projectmodernizer.tests.dll" id="4b91f4c0-5b1c-519e-e215-f54273c036e0">
      <Execution id="bb2036f9-9c50-4579-8ba0-f8726edcfe32" />
      <TestMethod codeBase="C:\Sewer-Studio_KI_4.5\tests\ProjectModernizer.Tests\bin\Release\net10.0\ProjectModernizer.Tests.dll" adapterTypeName="executor://xunit/VsTestRunner2/netcoreapp" className="ModernizerFileSystemTests" name="CopyFileExactUsesCollisionPathForSameSizedDifferentContent" />
    </UnitTest>
    <UnitTest name="ModernizerRelinkerTests.RelinkSchaechteCopiesProtocolPhotosAsSchachtFiles" storage="c:\sewer-studio_ki_4.5\tests\projectmodernizer.tests\bin\release\net10.0\projectmodernizer.tests.dll" id="d5e672d8-79a4-5cfb-71f2-5d6c4b582543">
      <Execution id="b5ddd705-2e9c-4627-9147-b786bb3bc4b0" />
      <TestMethod codeBase="C:\Sewer-Studio_KI_4.5\tests\ProjectModernizer.Tests\bin\Release\net10.0\ProjectModernizer.Tests.dll" adapterTypeName="executor://xunit/VsTestRunner2/netcoreapp" className="ModernizerRelinkerTests" name="RelinkSchaechteCopiesProtocolPhotosAsSchachtFiles" />
    </UnitTest>
    <UnitTest name="ModernizerWorkflowTests.RunCreatesCurrentFoldersBackupAndCopiesLegacySchachtTree" storage="c:\sewer-studio_ki_4.5\tests\projectmodernizer.tests\bin\release\net10.0\projectmodernizer.tests.dll" id="7d0da1d1-aabf-0bad-94bd-5cb37496471d">
      <Execution id="d81409fe-a861-4518-bb78-3fa93a08955e" />
      <TestMethod codeBase="C:\Sewer-Studio_KI_4.5\tests\ProjectModernizer.Tests\bin\Release\net10.0\ProjectModernizer.Tests.dll" adapterTypeName="executor://xunit/VsTestRunner2/netcoreapp" className="ModernizerWorkflowTests" name="RunCreatesCurrentFoldersBackupAndCopiesLegacySchachtTree" />
    </UnitTest>
    <UnitTest name="ProtocolSnapshotLinkSanitizerTests.SanitizeProtocolChangeSnapshots_covers_after_original_and_history" storage="c:\sewer-studio_ki_4.5\tests\projectmodernizer.tests\bin\release\net10.0\projectmodernizer.tests.dll" id="d38a9d20-bb58-fa31-15b2-38fd80ebe45c">
      <Execution id="578bb5da-1d16-4e79-9c51-f0c61f929b3e" />
      <TestMethod codeBase="C:\Sewer-Studio_KI_4.5\tests\ProjectModernizer.Tests\bin\Release\net10.0\ProjectModernizer.Tests.dll" adapterTypeName="executor://xunit/VsTestRunner2/netcoreapp" className="ProtocolSnapshotLinkSanitizerTests" name="SanitizeProtocolChangeSnapshots_covers_after_original_and_history" />
    </UnitTest>
    <UnitTest name="ExternalPathDetectorTests.ContainsExternalDrivePathDetectsOnlyPathsOutsideProjectFolder" storage="c:\sewer-studio_ki_4.5\tests\projectmodernizer.tests\bin\release\net10.0\projectmodernizer.tests.dll" id="1634ba21-bbfc-3e33-cae0-03882d6970a0">
      <Execution id="dd1ad094-ffdf-4243-bcb0-1f95775ba322" />
      <TestMethod codeBase="C:\Sewer-Studio_KI_4.5\tests\ProjectModernizer.Tests\bin\Release\net10.0\ProjectModernizer.Tests.dll" adapterTypeName="executor://xunit/VsTestRunner2/netcoreapp" className="ExternalPathDetectorTests" name="ContainsExternalDrivePathDetectsOnlyPathsOutsideProjectFolder" />
    </UnitTest>
    <UnitTest name="ModernizerSourceIndexBuilderTests.BuildExternalFileIndexIncludesKnownMediaAndPdfFromSourceAndImports" storage="c:\sewer-studio_ki_4.5\tests\projectmodernizer.tests\bin\release\net10.0\projectmodernizer.tests.dll" id="25175517-6e95-5cd6-bb3e-a57fb646ea94">
      <Execution id="d46f77f6-a75f-4c1a-81b0-64e5e0c6dfbe" />
      <TestMethod codeBase="C:\Sewer-Studio_KI_4.5\tests\ProjectModernizer.Tests\bin\Release\net10.0\ProjectModernizer.Tests.dll" adapterTypeName="executor://xunit/VsTestRunner2/netcoreapp" className="ModernizerSourceIndexBuilderTests" name="BuildExternalFileIndexIncludesKnownMediaAndPdfFromSourceAndImports" />
    </UnitTest>
    <UnitTest name="ModernizerRelinkerTests.RelinkHaltungenDryRunReportsSingleSourceVideoWithoutChangingRecord" storage="c:\sewer-studio_ki_4.5\tests\projectmodernizer.tests\bin\release\net10.0\projectmodernizer.tests.dll" id="60a19c4f-d183-ad50-6e89-2c578ff263ba">
      <Execution id="cd7fa6f8-078d-4cd2-8955-81b55b38df9f" />
      <TestMethod codeBase="C:\Sewer-Studio_KI_4.5\tests\ProjectModernizer.Tests\bin\Release\net10.0\ProjectModernizer.Tests.dll" adapterTypeName="executor://xunit/VsTestRunner2/netcoreapp" className="ModernizerRelinkerTests" name="RelinkHaltungenDryRunReportsSingleSourceVideoWithoutChangingRecord" />
    </UnitTest>
    <UnitTest name="ModernizerFileSystemTests.SameFileContentReturnsFalseForSameSizedDifferentContent" storage="c:\sewer-studio_ki_4.5\tests\projectmodernizer.tests\bin\release\net10.0\projectmodernizer.tests.dll" id="e5d695b7-02b9-a7cc-9254-e928598fc813">
      <Execution id="50d4f8b9-aa3d-48ff-9d8f-5cac5751ab55" />
      <TestMethod codeBase="C:\Sewer-Studio_KI_4.5\tests\ProjectModernizer.Tests\bin\Release\net10.0\ProjectModernizer.Tests.dll" adapterTypeName="executor://xunit/VsTestRunner2/netcoreapp" className="ModernizerFileSystemTests" name="SameFileContentReturnsFalseForSameSizedDifferentContent" />
    </UnitTest>
    <UnitTest name="ModernizerRecordFieldSpecsTests.HaltungDateStampFieldsKeepExpectedFallbackOrder" storage="c:\sewer-studio_ki_4.5\tests\projectmodernizer.tests\bin\release\net10.0\projectmodernizer.tests.dll" id="dffb1f4c-cd52-5566-f5a5-274be156b083">
      <Execution id="a79ce82f-0efc-4ff0-bcdd-a1a1c7ad3df8" />
      <TestMethod codeBase="C:\Sewer-Studio_KI_4.5\tests\ProjectModernizer.Tests\bin\Release\net10.0\ProjectModernizer.Tests.dll" adapterTypeName="executor://xunit/VsTestRunner2/netcoreapp" className="ModernizerRecordFieldSpecsTests" name="HaltungDateStampFieldsKeepExpectedFallbackOrder" />
    </UnitTest>
    <UnitTest name="ModernizerStructureFileResolverTests.ResolveExistingFileResolvesRelativeProjectPath" storage="c:\sewer-studio_ki_4.5\tests\projectmodernizer.tests\bin\release\net10.0\projectmodernizer.tests.dll" id="5e32157e-4d7a-0137-446b-a84bbc1e7126">
      <Execution id="882059cc-389f-4e87-bfb1-f95686f634f9" />
      <TestMethod codeBase="C:\Sewer-Studio_KI_4.5\tests\ProjectModernizer.Tests\bin\Release\net10.0\ProjectModernizer.Tests.dll" adapterTypeName="executor://xunit/VsTestRunner2/netcoreapp" className="ModernizerStructureFileResolverTests" name="ResolveExistingFileResolvesRelativeProjectPath" />
    </UnitTest>
    <UnitTest name="ProjectModernizerExitCodeResolverTests.ResolveReturnsSuccessWhenReportHasNoProblems" storage="c:\sewer-studio_ki_4.5\tests\projectmodernizer.tests\bin\release\net10.0\projectmodernizer.tests.dll" id="251ae7d5-166b-5fc2-7594-c3742173354a">
      <Execution id="348d8b32-bd8f-460a-a705-b750047c6bae" />
      <TestMethod codeBase="C:\Sewer-Studio_KI_4.5\tests\ProjectModernizer.Tests\bin\Release\net10.0\ProjectModernizer.Tests.dll" adapterTypeName="executor://xunit/VsTestRunner2/netcoreapp" className="ProjectModernizerExitCodeResolverTests" name="ResolveReturnsSuccessWhenReportHasNoProblems" />
    </UnitTest>
    <UnitTest name="ExternalProjectLinkSanitizerTests.SanitizeMetadataLinks_rewrites_external_import_metadata" storage="c:\sewer-studio_ki_4.5\tests\projectmodernizer.tests\bin\release\net10.0\projectmodernizer.tests.dll" id="2047fbe1-1ed4-9f20-6ed2-659d4192622d">
      <Execution id="4538d723-557d-48b1-8be5-4619d92b96bf" />
      <TestMethod codeBase="C:\Sewer-Studio_KI_4.5\tests\ProjectModernizer.Tests\bin\Release\net10.0\ProjectModernizer.Tests.dll" adapterTypeName="executor://xunit/VsTestRunner2/netcoreapp" className="ExternalProjectLinkSanitizerTests" name="SanitizeMetadataLinks_rewrites_external_import_metadata" />
    </UnitTest>
    <UnitTest name="ModernizerStructureFilesTests.BuildFlatFieldTarget_keeps_expected_suffixes" storage="c:\sewer-studio_ki_4.5\tests\projectmodernizer.tests\bin\release\net10.0\projectmodernizer.tests.dll" id="1f322746-cca1-3817-d326-ab6ccd2ffe60">
      <Execution id="8444510b-faca-4c79-941d-581d388d0b05" />
      <TestMethod codeBase="C:\Sewer-Studio_KI_4.5\tests\ProjectModernizer.Tests\bin\Release\net10.0\ProjectModernizer.Tests.dll" adapterTypeName="executor://xunit/VsTestRunner2/netcoreapp" className="ModernizerStructureFilesTests" name="BuildFlatFieldTarget_keeps_expected_suffixes" />
    </UnitTest>
    <UnitTest name="ModernizerProjectLoaderTests.LoadBuildsRequestWithAbsolutePathsAndLoadedProject" storage="c:\sewer-studio_ki_4.5\tests\projectmodernizer.tests\bin\release\net10.0\projectmodernizer.tests.dll" id="bcb1f118-5e72-9dab-617e-8d387778e0da">
      <Execution id="0f1933b3-b37f-418e-9388-9aea0414c964" />
      <TestMethod codeBase="C:\Sewer-Studio_KI_4.5\tests\ProjectModernizer.Tests\bin\Release\net10.0\ProjectModernizer.Tests.dll" adapterTypeName="executor://xunit/VsTestRunner2/netcoreapp" className="ModernizerProjectLoaderTests" name="LoadBuildsRequestWithAbsolutePathsAndLoadedProject" />
    </UnitTest>
    <UnitTest name="ModernizerRelinkerTests.RelinkHaltungenIgnoresNullVsaFindings" storage="c:\sewer-studio_ki_4.5\tests\projectmodernizer.tests\bin\release\net10.0\projectmodernizer.tests.dll" id="9bd6e648-755e-063a-4c0c-ad0dbcf687d1">
      <Execution id="e6aed34e-0467-4ea7-8c19-f9dc7ac4013e" />
      <TestMethod codeBase="C:\Sewer-Studio_KI_4.5\tests\ProjectModernizer.Tests\bin\Release\net10.0\ProjectModernizer.Tests.dll" adapterTypeName="executor://xunit/VsTestRunner2/netcoreapp" className="ModernizerRelinkerTests" name="RelinkHaltungenIgnoresNullVsaFindings" />
    </UnitTest>
    <UnitTest name="ModernizerStructureFileMoverTests.MoveOrCopyStructureFileCopiesExternalSource" storage="c:\sewer-studio_ki_4.5\tests\projectmodernizer.tests\bin\release\net10.0\projectmodernizer.tests.dll" id="05e826ca-a97e-30e8-e0e7-483728b1a6ff">
      <Execution id="170679f0-8b66-4413-b334-046f53955b80" />
      <TestMethod codeBase="C:\Sewer-Studio_KI_4.5\tests\ProjectModernizer.Tests\bin\Release\net10.0\ProjectModernizer.Tests.dll" adapterTypeName="executor://xunit/VsTestRunner2/netcoreapp" className="ModernizerStructureFileMoverTests" name="MoveOrCopyStructureFileCopiesExternalSource" />
    </UnitTest>
    <UnitTest name="ModernizerFieldFlattenerTests.FlattenRecordField_copies_nested_video_to_flat_holding_root_and_updates_link" storage="c:\sewer-studio_ki_4.5\tests\projectmodernizer.tests\bin\release\net10.0\projectmodernizer.tests.dll" id="2568984e-a5db-ce0a-19db-cf9dcad08faf">
      <Execution id="ccc0954c-2f57-4a4b-8c9c-8eb4774059d1" />
      <TestMethod codeBase="C:\Sewer-Studio_KI_4.5\tests\ProjectModernizer.Tests\bin\Release\net10.0\ProjectModernizer.Tests.dll" adapterTypeName="executor://xunit/VsTestRunner2/netcoreapp" className="ModernizerFieldFlattenerTests" name="FlattenRecordField_copies_nested_video_to_flat_holding_root_and_updates_link" />
    </UnitTest>
    <UnitTest name="ProjectModernizerRunnerTests.RunDryRunLoadsProjectButDoesNotCreateModernFolders" storage="c:\sewer-studio_ki_4.5\tests\projectmodernizer.tests\bin\release\net10.0\projectmodernizer.tests.dll" id="7d6eedd4-a304-541d-bfe1-d142cc59c3fc">
      <Execution id="dc9c37eb-9fc2-4e69-bcd2-fbdd4a923017" />
      <TestMethod codeBase="C:\Sewer-Studio_KI_4.5\tests\ProjectModernizer.Tests\bin\Release\net10.0\ProjectModernizer.Tests.dll" adapterTypeName="executor://xunit/VsTestRunner2/netcoreapp" className="ProjectModernizerRunnerTests" name="RunDryRunLoadsProjectButDoesNotCreateModernFolders" />
    </UnitTest>
  </TestDefinitions>
  <TestEntries>
    <TestEntry testId="18405b54-3912-ffc4-e684-6e9b0c0e4e09" executionId="f4c4b538-39ee-4e4d-afd0-ab6affc8ead0" testListId="8c84fa94-04c1-424b-9868-57a2d4851a1d" />
    <TestEntry testId="5d156b69-6779-16a2-221c-e40f4a988a59" executionId="77cd34b8-fa0c-4c98-9d95-37f87bf4daf9" testListId="8c84fa94-04c1-424b-9868-57a2d4851a1d" />
    <TestEntry testId="4b919e5d-2608-5a2f-d948-e9d87d1a4c79" executionId="e80552f5-fea7-49bf-8a50-d560828507c4" testListId="8c84fa94-04c1-424b-9868-57a2d4851a1d" />
    <TestEntry testId="9bd6e648-755e-063a-4c0c-ad0dbcf687d1" executionId="e6aed34e-0467-4ea7-8c19-f9dc7ac4013e" testListId="8c84fa94-04c1-424b-9868-57a2d4851a1d" />
    <TestEntry testId="fa1555b3-8447-9bf6-6c5f-687c6e71d91c" executionId="cdeba0fc-a718-4387-a04f-d36ec16f15f8" testListId="8c84fa94-04c1-424b-9868-57a2d4851a1d" />
    <TestEntry testId="7d6eedd4-a304-541d-bfe1-d142cc59c3fc" executionId="dc9c37eb-9fc2-4e69-bcd2-fbdd4a923017" testListId="8c84fa94-04c1-424b-9868-57a2d4851a1d" />
    <TestEntry testId="e1efcb53-2b84-5d26-c7ce-6107f43c4ddb" executionId="a6ce90ac-23ac-4b22-8134-2ac0754e4637" testListId="8c84fa94-04c1-424b-9868-57a2d4851a1d" />
    <TestEntry testId="1634ba21-bbfc-3e33-cae0-03882d6970a0" executionId="dd1ad094-ffdf-4243-bcb0-1f95775ba322" testListId="8c84fa94-04c1-424b-9868-57a2d4851a1d" />
    <TestEntry testId="22708d88-bbbc-0f6a-c7e4-1a3ab2fd1a8e" executionId="9f8e1cdb-80c3-4ae4-b561-ed72da11b662" testListId="8c84fa94-04c1-424b-9868-57a2d4851a1d" />
    <TestEntry testId="6e9907f8-4660-0e7d-cf10-9ea3b377af5d" executionId="4ef37c72-346d-40e4-9a96-ffdff0e2870b" testListId="8c84fa94-04c1-424b-9868-57a2d4851a1d" />
    <TestEntry testId="c0cbe092-781d-277d-d795-6a4338a55533" executionId="3623094e-d00c-4473-972b-2ce1078c6269" testListId="8c84fa94-04c1-424b-9868-57a2d4851a1d" />
    <TestEntry testId="fde3173e-278d-412d-ec30-29558122abe1" executionId="aafbca8b-52a8-45b3-9fe7-188483df0372" testListId="8c84fa94-04c1-424b-9868-57a2d4851a1d" />
    <TestEntry testId="1b9e4a27-1f77-904b-74a5-ff7ee0974811" executionId="b887254b-f7a0-4fc4-a027-77cc7cd18b90" testListId="8c84fa94-04c1-424b-9868-57a2d4851a1d" />
    <TestEntry testId="f1503eaa-1bb7-f2c1-a1be-4c1b1277e706" executionId="e3f24606-fdca-4127-8b5b-f6de7b4cc7b4" testListId="8c84fa94-04c1-424b-9868-57a2d4851a1d" />
    <TestEntry testId="8c4f417f-dc9e-9c6e-ba75-c93398c430d2" executionId="4bcdab76-590a-47e7-886d-947e14c34bc3" testListId="8c84fa94-04c1-424b-9868-57a2d4851a1d" />
    <TestEntry testId="9e9b4913-f200-49db-c925-bcb889ba2ce4" executionId="9760ff8c-67d2-455d-8782-3922575e171f" testListId="8c84fa94-04c1-424b-9868-57a2d4851a1d" />
    <TestEntry testId="e00db5da-6375-e6e1-bdf7-15eb51655166" executionId="fb4aa982-0651-4915-ac92-8fcda8ccbcc6" testListId="8c84fa94-04c1-424b-9868-57a2d4851a1d" />
    <TestEntry testId="05e826ca-a97e-30e8-e0e7-483728b1a6ff" executionId="170679f0-8b66-4413-b334-046f53955b80" testListId="8c84fa94-04c1-424b-9868-57a2d4851a1d" />
    <TestEntry testId="db2814a4-b855-1fcc-fba9-44b7a83fafe2" executionId="64f5b024-1546-4061-b458-21fc2d1e0360" testListId="8c84fa94-04c1-424b-9868-57a2d4851a1d" />
    <TestEntry testId="2568984e-a5db-ce0a-19db-cf9dcad08faf" executionId="ccc0954c-2f57-4a4b-8c9c-8eb4774059d1" testListId="8c84fa94-04c1-424b-9868-57a2d4851a1d" />
    <TestEntry testId="454e623c-7127-f01e-72d2-a068c853adfb" executionId="f5fad614-5e93-4f10-b403-0fa8894f6f8c" testListId="8c84fa94-04c1-424b-9868-57a2d4851a1d" />
    <TestEntry testId="f22c1a5f-ab8d-179e-004b-9533a1b8e160" executionId="58e7e896-8324-4233-9ef9-3dda305c5793" testListId="8c84fa94-04c1-424b-9868-57a2d4851a1d" />
    <TestEntry testId="4a086579-aa2c-8fae-3df6-b9385fd2edfc" executionId="b2c44b3c-140c-4dfd-b200-4505c1cd5864" testListId="8c84fa94-04c1-424b-9868-57a2d4851a1d" />
    <TestEntry testId="4b91f4c0-5b1c-519e-e215-f54273c036e0" executionId="bb2036f9-9c50-4579-8ba0-f8726edcfe32" testListId="8c84fa94-04c1-424b-9868-57a2d4851a1d" />
    <TestEntry testId="251ae7d5-166b-5fc2-7594-c3742173354a" executionId="348d8b32-bd8f-460a-a705-b750047c6bae" testListId="8c84fa94-04c1-424b-9868-57a2d4851a1d" />
    <TestEntry testId="fd9f201f-de69-d204-37b7-20d62d3ea126" executionId="55ba860b-38b9-4d9a-bfa8-7cc08ba34686" testListId="8c84fa94-04c1-424b-9868-57a2d4851a1d" />
    <TestEntry testId="7597430d-241f-2c19-d996-803303885f7c" executionId="2eb57e84-26fe-4b0c-ae26-c4ffc0318fb4" testListId="8c84fa94-04c1-424b-9868-57a2d4851a1d" />
    <TestEntry testId="206ef65d-41d3-3cd2-8302-b83115b3630f" executionId="43b7578f-fb45-4752-afc0-ff4f1f413ec4" testListId="8c84fa94-04c1-424b-9868-57a2d4851a1d" />
    <TestEntry testId="a7fafdea-a334-e312-51f9-c60dc8dfcd9f" executionId="576931c1-6c91-4c6e-a690-eff3feb54ac3" testListId="8c84fa94-04c1-424b-9868-57a2d4851a1d" />
    <TestEntry testId="71c210d4-8887-7171-0319-e8b9f10240d9" executionId="503b74ef-85da-406d-ae15-d9b268a6bc33" testListId="8c84fa94-04c1-424b-9868-57a2d4851a1d" />
    <TestEntry testId="7d0da1d1-aabf-0bad-94bd-5cb37496471d" executionId="d81409fe-a861-4518-bb78-3fa93a08955e" testListId="8c84fa94-04c1-424b-9868-57a2d4851a1d" />
    <TestEntry testId="9e0017be-73b7-2db5-dbe4-c179475c57d6" executionId="b712f33b-8577-44a1-8912-70f74c68e5df" testListId="8c84fa94-04c1-424b-9868-57a2d4851a1d" />
    <TestEntry testId="e4ada9eb-6550-a4d6-5ca8-38e25255b88c" executionId="2d713fc2-6d0c-4593-afdf-8a150a09ff1f" testListId="8c84fa94-04c1-424b-9868-57a2d4851a1d" />
    <TestEntry testId="bcb1f118-5e72-9dab-617e-8d387778e0da" executionId="0f1933b3-b37f-418e-9388-9aea0414c964" testListId="8c84fa94-04c1-424b-9868-57a2d4851a1d" />
    <TestEntry testId="d5e672d8-79a4-5cfb-71f2-5d6c4b582543" executionId="b5ddd705-2e9c-4627-9147-b786bb3bc4b0" testListId="8c84fa94-04c1-424b-9868-57a2d4851a1d" />
    <TestEntry testId="4d2caeec-0f26-dd92-8954-83694238c980" executionId="847fcc8f-8ecc-4d7a-bcb5-026c4039c119" testListId="8c84fa94-04c1-424b-9868-57a2d4851a1d" />
    <TestEntry testId="b9878824-b6c4-b178-20aa-cd5548acc282" executionId="4fc1d6a3-b0d1-47d8-b811-a04391f3c698" testListId="8c84fa94-04c1-424b-9868-57a2d4851a1d" />
    <TestEntry testId="13d23377-5096-2b4e-db27-d39ad9b9e115" executionId="c52ce7c2-e86f-4365-96bf-5869afa0ba87" testListId="8c84fa94-04c1-424b-9868-57a2d4851a1d" />
    <TestEntry testId="5a6efccd-0f52-2a99-1491-b74c42c92aa6" executionId="406bb4ce-fb79-4eab-b826-620b5d6f1340" testListId="8c84fa94-04c1-424b-9868-57a2d4851a1d" />
    <TestEntry testId="b9db6b6b-9b98-d809-8273-829ce2021da0" executionId="2a2b2543-7be1-4cf0-b525-28e15991dcfa" testListId="8c84fa94-04c1-424b-9868-57a2d4851a1d" />
    <TestEntry testId="2047fbe1-1ed4-9f20-6ed2-659d4192622d" executionId="4538d723-557d-48b1-8be5-4619d92b96bf" testListId="8c84fa94-04c1-424b-9868-57a2d4851a1d" />
    <TestEntry testId="103a49b3-b587-c7f3-e610-9a6953e8bb19" executionId="fad10070-a1df-49ff-8d5d-50019bdda270" testListId="8c84fa94-04c1-424b-9868-57a2d4851a1d" />
    <TestEntry testId="de1905df-3093-2941-def5-fc257619a52b" executionId="c5db1d02-f66d-4c0f-a694-6fb599a205ac" testListId="8c84fa94-04c1-424b-9868-57a2d4851a1d" />
    <TestEntry testId="e5d695b7-02b9-a7cc-9254-e928598fc813" executionId="50d4f8b9-aa3d-48ff-9d8f-5cac5751ab55" testListId="8c84fa94-04c1-424b-9868-57a2d4851a1d" />
    <TestEntry testId="c028bced-09c5-d091-3289-21540957dadc" executionId="f825164c-663d-49e5-99e2-739603ed0b76" testListId="8c84fa94-04c1-424b-9868-57a2d4851a1d" />
    <TestEntry testId="25175517-6e95-5cd6-bb3e-a57fb646ea94" executionId="d46f77f6-a75f-4c1a-81b0-64e5e0c6dfbe" testListId="8c84fa94-04c1-424b-9868-57a2d4851a1d" />
    <TestEntry testId="2f76bb69-d742-4888-d5e6-67d27a2c0707" executionId="03d7a5a9-106e-4baa-a2d8-8d5a2f61f21e" testListId="8c84fa94-04c1-424b-9868-57a2d4851a1d" />
    <TestEntry testId="f8419893-4daa-7803-e380-a4740e33b2b2" executionId="abde4c4a-ad34-4251-9a2f-f54394684e89" testListId="8c84fa94-04c1-424b-9868-57a2d4851a1d" />
    <TestEntry testId="d377057b-3cd5-5957-67d7-1279da340035" executionId="bd673166-50d7-453c-bad8-1ab17ed34417" testListId="8c84fa94-04c1-424b-9868-57a2d4851a1d" />
    <TestEntry testId="1f322746-cca1-3817-d326-ab6ccd2ffe60" executionId="8444510b-faca-4c79-941d-581d388d0b05" testListId="8c84fa94-04c1-424b-9868-57a2d4851a1d" />
    <TestEntry testId="f84c7f00-ca41-a77a-113c-8b6b659d5e86" executionId="c65d2a75-42e6-4d75-b4b4-9be4ba7fdaec" testListId="8c84fa94-04c1-424b-9868-57a2d4851a1d" />
    <TestEntry testId="04bbe86b-add5-4ab3-0fff-091a6d7a3ee3" executionId="dd29938e-f624-4dda-805e-e8c154739b25" testListId="8c84fa94-04c1-424b-9868-57a2d4851a1d" />
    <TestEntry testId="d72506da-597e-79d5-c236-f8306eb76aef" executionId="d4db754b-f09d-4478-9f47-0a75043d5087" testListId="8c84fa94-04c1-424b-9868-57a2d4851a1d" />
    <TestEntry testId="916fd0ea-a684-f54c-5df1-93f5d22e678b" executionId="06f844f0-5266-40fd-ba83-a76616f66cf0" testListId="8c84fa94-04c1-424b-9868-57a2d4851a1d" />
    <TestEntry testId="0f6211f3-4f66-da6d-37f2-67fa08d10e9b" executionId="0e2c9432-3fb8-444b-8ead-bf16589e82c5" testListId="8c84fa94-04c1-424b-9868-57a2d4851a1d" />
    <TestEntry testId="db5a1f9e-f932-bfbd-a8d5-396e86d4e482" executionId="9d6b393b-4307-4367-9432-a95f237f0413" testListId="8c84fa94-04c1-424b-9868-57a2d4851a1d" />
    <TestEntry testId="d38a9d20-bb58-fa31-15b2-38fd80ebe45c" executionId="578bb5da-1d16-4e79-9c51-f0c61f929b3e" testListId="8c84fa94-04c1-424b-9868-57a2d4851a1d" />
    <TestEntry testId="5e32157e-4d7a-0137-446b-a84bbc1e7126" executionId="882059cc-389f-4e87-bfb1-f95686f634f9" testListId="8c84fa94-04c1-424b-9868-57a2d4851a1d" />
    <TestEntry testId="60a19c4f-d183-ad50-6e89-2c578ff263ba" executionId="cd7fa6f8-078d-4cd2-8955-81b55b38df9f" testListId="8c84fa94-04c1-424b-9868-57a2d4851a1d" />
    <TestEntry testId="4c93b0ba-0ef1-73c3-2475-6de28de62b7e" executionId="66d578c8-1cd3-45a8-92f3-086379ca7678" testListId="8c84fa94-04c1-424b-9868-57a2d4851a1d" />
    <TestEntry testId="dffb1f4c-cd52-5566-f5a5-274be156b083" executionId="a79ce82f-0efc-4ff0-bcdd-a1a1c7ad3df8" testListId="8c84fa94-04c1-424b-9868-57a2d4851a1d" />
    <TestEntry testId="cbeb0f96-8370-1afa-35e4-38d5621872ed" executionId="219cdfad-ae74-4b12-a128-1c05c7488b7c" testListId="8c84fa94-04c1-424b-9868-57a2d4851a1d" />
  </TestEntries>
  <TestLists>
    <TestList name="Ergebnisse nicht in einer Liste" id="8c84fa94-04c1-424b-9868-57a2d4851a1d" />
    <TestList name="Alle geladenen Ergebnisse" id="19431567-8539-422a-85d7-44ee4e166bda" />
  </TestLists>
  <ResultSummary outcome="Completed">
    <Counters total="62" executed="62" passed="62" failed="0" error="0" timeout="0" aborted="0" inconclusive="0" passedButRunAborted="0" notRunnable="0" notExecuted="0" disconnected="0" warning="0" completed="0" inProgress="0" pending="0" />
    <Output>
      <StdOut>[xUnit.net 00:00:00.00] xUnit.net VSTest Adapter v2.5.7+8f2703126a (64-bit .NET 10.0.11)&#xD;
[xUnit.net 00:00:00.05]   Discovering: ProjectModernizer.Tests&#xD;
[xUnit.net 00:00:00.07]   Discovered:  ProjectModernizer.Tests&#xD;
[xUnit.net 00:00:00.07]   Starting:    ProjectModernizer.Tests&#xD;
[xUnit.net 00:00:00.53]   Finished:    ProjectModernizer.Tests&#xD;
</StdOut>
    </Output>
  </ResultSummary>
</TestRun>