<?xml version="1.0" encoding="utf-8"?>
<TestRun id="9e389fda-d0d4-47fd-bbc8-69fdc0eb4192" name="Besitzer@PCW11X01 2026-09-06 17:01:35" runUser="PCW11X01\CodexSandboxOffline" xmlns="http://microsoft.com/schemas/VisualStudio/TeamTest/2010">
  <Times creation="2026-09-06T17:01:35.3546561+02:00" queuing="2026-09-06T17:01:35.3546562+02:00" start="2026-09-06T17:01:34.6131064+02:00" finish="2026-09-06T17:01:35.3873918+02:00" />
  <TestSettings name="default" id="776eb2c6-878c-46f1-9ca0-f84ff9c84118">
    <Deployment runDeploymentRoot="Besitzer_PCW11X01_2026-09-06_17_01_35" />
  </TestSettings>
  <Results>
    <UnitTestResult executionId="ae868fe9-0b09-4303-946a-a040fc6a96a6" testId="93d3b856-0c5b-bfbb-3192-2670f8b84f72" testName="AuswertungPro.Next.UI.Tests.ShellNavigationGroupsTests.Reihenfolge_der_Gruppen_ist_fest" computerName="PCW11X01" duration="00:00:00.0001345" startTime="2026-09-06T17:01:35.3442573+02:00" endTime="2026-09-06T17:01:35.3442574+02:00" testType="13cdc9d9-ddb5-4fa4-a97d-d965ccfc6d4b" outcome="Passed" testListId="8c84fa94-04c1-424b-9868-57a2d4851a1d" relativeResultsDirectory="ae868fe9-0b09-4303-946a-a040fc6a96a6" />
    <UnitTestResult executionId="9ee65b6a-e9b1-410b-9b85-f122f15aeeaa" testId="5d644551-c3fb-b091-5a18-2902200fa503" testName="AuswertungPro.Next.UI.Tests.DataPageWorkspaceLayoutPolicyTests.Gespeicherte_Hoehe_wird_uebernommen_aber_auf_sieben_Zeilen_begrenzt" computerName="PCW11X01" duration="00:00:00.0000734" startTime="2026-09-06T17:01:35.3430487+02:00" endTime="2026-09-06T17:01:35.3430488+02:00" testType="13cdc9d9-ddb5-4fa4-a97d-d965ccfc6d4b" outcome="Passed" testListId="8c84fa94-04c1-424b-9868-57a2d4851a1d" relativeResultsDirectory="9ee65b6a-e9b1-410b-9b85-f122f15aeeaa" />
    <UnitTestResult executionId="3ecd8fdd-b537-4c3c-bebf-ac05be1d709c" testId="1585f521-d5d2-8d29-1857-b416b70d18c5" testName="AuswertungPro.Next.UI.Tests.ZustandsklasseInkPolicyTests.Dunkle_Tinte_wird_bevorzugt_wenn_beide_reichen" computerName="PCW11X01" duration="00:00:00.0011302" startTime="2026-09-06T17:01:35.3121437+02:00" endTime="2026-09-06T17:01:35.3121438+02:00" testType="13cdc9d9-ddb5-4fa4-a97d-d965ccfc6d4b" outcome="Passed" testListId="8c84fa94-04c1-424b-9868-57a2d4851a1d" relativeResultsDirectory="3ecd8fdd-b537-4c3c-bebf-ac05be1d709c" />
    <UnitTestResult executionId="3815b29f-24ea-4020-875d-ba17308bdfbe" testId="15f99caa-7b75-ba2c-9e99-3c2dc8b6b1bc" testName="AuswertungPro.Next.UI.Tests.ShellNavigationGroupsTests.Jeder_Navigationspunkt_hat_seine_Gruppe(title: &quot;Einstellungen&quot;, group: &quot;System&quot;)" computerName="PCW11X01" duration="00:00:00.0000006" startTime="2026-09-06T17:01:35.3439555+02:00" endTime="2026-09-06T17:01:35.3439555+02:00" testType="13cdc9d9-ddb5-4fa4-a97d-d965ccfc6d4b" outcome="Passed" testListId="8c84fa94-04c1-424b-9868-57a2d4851a1d" relativeResultsDirectory="3815b29f-24ea-4020-875d-ba17308bdfbe" />
    <UnitTestResult executionId="741c8218-c5e8-47f1-a172-046bb8369b1b" testId="555afd35-574b-4e4d-72a7-660f25ade562" testName="AuswertungPro.Next.UI.Tests.ShellNavigationGroupsTests.Jeder_Navigationspunkt_hat_seine_Gruppe(title: &quot;Dossiers&quot;, group: &quot;Daten&quot;)" computerName="PCW11X01" duration="00:00:00.0000005" startTime="2026-09-06T17:01:35.3439742+02:00" endTime="2026-09-06T17:01:35.3439742+02:00" testType="13cdc9d9-ddb5-4fa4-a97d-d965ccfc6d4b" outcome="Passed" testListId="8c84fa94-04c1-424b-9868-57a2d4851a1d" relativeResultsDirectory="741c8218-c5e8-47f1-a172-046bb8369b1b" />
    <UnitTestResult executionId="0836ad01-d6a2-4b84-bf25-c49c3305787d" testId="24273577-f165-6786-94c2-949373368743" testName="AuswertungPro.Next.UI.Tests.DataPageToolbarLayoutTests.HydraulikActions_are_grouped_in_one_dropdown" computerName="PCW11X01" duration="00:00:00.0051762" startTime="2026-09-06T17:01:35.3185005+02:00" endTime="2026-09-06T17:01:35.3185006+02:00" testType="13cdc9d9-ddb5-4fa4-a97d-d965ccfc6d4b" outcome="Passed" testListId="8c84fa94-04c1-424b-9868-57a2d4851a1d" relativeResultsDirectory="0836ad01-d6a2-4b84-bf25-c49c3305787d" />
    <UnitTestResult executionId="7c0863e8-09fc-4674-9d09-3edce988e91d" testId="6d55df02-8c39-0af0-e660-7876493e94d0" testName="AuswertungPro.Next.UI.Tests.DesignAuditNovaHaltungenTests.Uebersicht_verwendet_die_Zustandsklassen_Tinte" computerName="PCW11X01" duration="00:00:00.0003067" startTime="2026-09-06T17:01:35.3397190+02:00" endTime="2026-09-06T17:01:35.3397191+02:00" testType="13cdc9d9-ddb5-4fa4-a97d-d965ccfc6d4b" outcome="Passed" testListId="8c84fa94-04c1-424b-9868-57a2d4851a1d" relativeResultsDirectory="7c0863e8-09fc-4674-9d09-3edce988e91d" />
    <UnitTestResult executionId="2fe2cf41-2deb-4d8a-b35e-e208b603fa07" testId="082141a1-132a-cb9e-c851-ec342777f884" testName="AuswertungPro.Next.UI.Tests.ShellNavigationGroupsTests.Unbekannter_Titel_landet_in_System_statt_zu_werfen" computerName="PCW11X01" duration="00:00:00.0000492" startTime="2026-09-06T17:01:35.3442471+02:00" endTime="2026-09-06T17:01:35.3442471+02:00" testType="13cdc9d9-ddb5-4fa4-a97d-d965ccfc6d4b" outcome="Passed" testListId="8c84fa94-04c1-424b-9868-57a2d4851a1d" relativeResultsDirectory="2fe2cf41-2deb-4d8a-b35e-e208b603fa07" />
    <UnitTestResult executionId="f2de14fa-9bdf-4fd6-bc9b-1d6ccc4f014d" testId="19ea48c6-0bc9-a016-5323-fbeb729f6874" testName="AuswertungPro.Next.UI.Tests.ShellNavigationGroupsTests.Jeder_Navigationspunkt_hat_seine_Gruppe(title: &quot;Export&quot;, group: &quot;Daten&quot;)" computerName="PCW11X01" duration="00:00:00.0000009" startTime="2026-09-06T17:01:35.3435819+02:00" endTime="2026-09-06T17:01:35.3435819+02:00" testType="13cdc9d9-ddb5-4fa4-a97d-d965ccfc6d4b" outcome="Passed" testListId="8c84fa94-04c1-424b-9868-57a2d4851a1d" relativeResultsDirectory="f2de14fa-9bdf-4fd6-bc9b-1d6ccc4f014d" />
    <UnitTestResult executionId="ea83db30-7312-4c86-bf1a-49de4d5c29a4" testId="a08ddc9a-3e5d-dc7b-1f6d-97d34b46559e" testName="AuswertungPro.Next.UI.Tests.ShellNavigationGroupsTests.Hauptfenster_gruppiert_die_Leiste_nach_Group" computerName="PCW11X01" duration="00:00:00.0009667" startTime="2026-09-06T17:01:35.3448938+02:00" endTime="2026-09-06T17:01:35.3448939+02:00" testType="13cdc9d9-ddb5-4fa4-a97d-d965ccfc6d4b" outcome="Passed" testListId="8c84fa94-04c1-424b-9868-57a2d4851a1d" relativeResultsDirectory="ea83db30-7312-4c86-bf1a-49de4d5c29a4" />
    <UnitTestResult executionId="cdbec191-c2e4-4c1f-a98c-d32f44c6c050" testId="048fa703-0fa4-ad38-bc17-b16af50c2956" testName="AuswertungPro.Next.UI.Tests.DataPageColumnViewCatalogTests.Alle_hat_keine_Feldliste_und_ist_der_Rueckfall" computerName="PCW11X01" duration="00:00:00.0010777" startTime="2026-09-06T17:01:35.3397550+02:00" endTime="2026-09-06T17:01:35.3397550+02:00" testType="13cdc9d9-ddb5-4fa4-a97d-d965ccfc6d4b" outcome="Passed" testListId="8c84fa94-04c1-424b-9868-57a2d4851a1d" relativeResultsDirectory="cdbec191-c2e4-4c1f-a98c-d32f44c6c050" />
    <UnitTestResult executionId="481a6b8c-3dfd-404c-8c16-4d78f526ccdc" testId="70be9eff-676e-0dae-28a7-ab3438bc89ae" testName="AuswertungPro.Next.UI.Tests.DataPageWorkspaceLayoutPolicyTests.Standard_laesst_mindestens_sieben_Zeilen_sichtbar" computerName="PCW11X01" duration="00:00:00.0000950" startTime="2026-09-06T17:01:35.3429574+02:00" endTime="2026-09-06T17:01:35.3429575+02:00" testType="13cdc9d9-ddb5-4fa4-a97d-d965ccfc6d4b" outcome="Passed" testListId="8c84fa94-04c1-424b-9868-57a2d4851a1d" relativeResultsDirectory="481a6b8c-3dfd-404c-8c16-4d78f526ccdc" />
    <UnitTestResult executionId="eb798631-3ff8-4d76-8879-b562f3b8d7ff" testId="c42a0a73-8e59-b0f5-ed35-0841208a4539" testName="AuswertungPro.Next.UI.Tests.DataPageToolbarLayoutTests.Haltungsansicht_lives_in_main_grid_row_and_uses_haltung_search_label" computerName="PCW11X01" duration="00:00:00.0013620" startTime="2026-09-06T17:01:35.3229907+02:00" endTime="2026-09-06T17:01:35.3229908+02:00" testType="13cdc9d9-ddb5-4fa4-a97d-d965ccfc6d4b" outcome="Passed" testListId="8c84fa94-04c1-424b-9868-57a2d4851a1d" relativeResultsDirectory="eb798631-3ff8-4d76-8879-b562f3b8d7ff" />
    <UnitTestResult executionId="ef5d99e2-0253-4c34-986c-806e883c396f" testId="b23550d0-eab8-117d-4020-17e13d38d3e7" testName="AuswertungPro.Next.UI.Tests.ShellNavigationGroupsTests.Jeder_Navigationspunkt_hat_seine_Gruppe(title: &quot;VSA&quot;, group: &quot;Bewertung&quot;)" computerName="PCW11X01" duration="00:00:00.0000006" startTime="2026-09-06T17:01:35.3442197+02:00" endTime="2026-09-06T17:01:35.3442198+02:00" testType="13cdc9d9-ddb5-4fa4-a97d-d965ccfc6d4b" outcome="Passed" testListId="8c84fa94-04c1-424b-9868-57a2d4851a1d" relativeResultsDirectory="ef5d99e2-0253-4c34-986c-806e883c396f" />
    <UnitTestResult executionId="f03d3203-5c80-4186-9a81-d4882fc5f25d" testId="7277024e-8108-b7ee-aa7c-ba9f25b76ccb" testName="AuswertungPro.Next.UI.Tests.DataPageToolbarLayoutTests.AnsichtDropdown_contains_grid_display_controls" computerName="PCW11X01" duration="00:00:00.0008934" startTime="2026-09-06T17:01:35.3194129+02:00" endTime="2026-09-06T17:01:35.3194129+02:00" testType="13cdc9d9-ddb5-4fa4-a97d-d965ccfc6d4b" outcome="Passed" testListId="8c84fa94-04c1-424b-9868-57a2d4851a1d" relativeResultsDirectory="f03d3203-5c80-4186-9a81-d4882fc5f25d" />
    <UnitTestResult executionId="e12f1eb7-fbe5-4d11-9508-f56c78e9655d" testId="4224a7b0-966f-a77f-0418-02c562bf3d4d" testName="AuswertungPro.Next.UI.Tests.ShellNavigationGroupsTests.Jeder_Navigationspunkt_hat_seine_Gruppe(title: &quot;Uebersicht&quot;, group: &quot;Projekt&quot;)" computerName="PCW11X01" duration="00:00:00.0000005" startTime="2026-09-06T17:01:35.3439667+02:00" endTime="2026-09-06T17:01:35.3439668+02:00" testType="13cdc9d9-ddb5-4fa4-a97d-d965ccfc6d4b" outcome="Passed" testListId="8c84fa94-04c1-424b-9868-57a2d4851a1d" relativeResultsDirectory="e12f1eb7-fbe5-4d11-9508-f56c78e9655d" />
    <UnitTestResult executionId="6d11a9fe-de31-46b9-b37e-06d892d60fe1" testId="b8ffbf35-b127-58e3-f2be-6c7b450865f6" testName="AuswertungPro.Next.UI.Tests.ShellNavigationGroupsTests.Jeder_Navigationspunkt_hat_seine_Gruppe(title: &quot;Druckcenter&quot;, group: &quot;Daten&quot;)" computerName="PCW11X01" duration="00:00:00.0000006" startTime="2026-09-06T17:01:35.3439840+02:00" endTime="2026-09-06T17:01:35.3439840+02:00" testType="13cdc9d9-ddb5-4fa4-a97d-d965ccfc6d4b" outcome="Passed" testListId="8c84fa94-04c1-424b-9868-57a2d4851a1d" relativeResultsDirectory="6d11a9fe-de31-46b9-b37e-06d892d60fe1" />
    <UnitTestResult executionId="134041f8-a77e-454b-9b27-c03e2f0669e3" testId="73647aad-a9f9-caaf-fba9-c2bd3cbe351f" testName="AuswertungPro.Next.UI.Tests.ShellNavigationGroupsTests.Jeder_Navigationspunkt_hat_seine_Gruppe(title: &quot;Projekt&quot;, group: &quot;Projekt&quot;)" computerName="PCW11X01" duration="00:00:00.0000005" startTime="2026-09-06T17:01:35.3440105+02:00" endTime="2026-09-06T17:01:35.3440106+02:00" testType="13cdc9d9-ddb5-4fa4-a97d-d965ccfc6d4b" outcome="Passed" testListId="8c84fa94-04c1-424b-9868-57a2d4851a1d" relativeResultsDirectory="134041f8-a77e-454b-9b27-c03e2f0669e3" />
    <UnitTestResult executionId="475fa941-3006-4364-aba6-c7f6164d2e9a" testId="5974ada3-cdf2-fe5b-dc28-ea5c956d9d7d" testName="AuswertungPro.Next.UI.Tests.DataPageWorkspaceLayoutPolicyTests.Sehr_kleine_Flaeche_gibt_die_Mindesthoehe_zurueck" computerName="PCW11X01" duration="00:00:00.0012296" startTime="2026-09-06T17:01:35.3428282+02:00" endTime="2026-09-06T17:01:35.3428283+02:00" testType="13cdc9d9-ddb5-4fa4-a97d-d965ccfc6d4b" outcome="Passed" testListId="8c84fa94-04c1-424b-9868-57a2d4851a1d" relativeResultsDirectory="475fa941-3006-4364-aba6-c7f6164d2e9a" />
    <UnitTestResult executionId="f4f8e0dc-3d93-462c-a6fe-7afdaae9a424" testId="844f0e6f-9cb5-ff9b-742c-7d8581e87be1" testName="AuswertungPro.Next.UI.Tests.ShellNavigationGroupsTests.NavItems_im_ShellViewModel_stehen_gruppenweise_zusammen" computerName="PCW11X01" duration="00:00:00.0003946" startTime="2026-09-06T17:01:35.3453114+02:00" endTime="2026-09-06T17:01:35.3453115+02:00" testType="13cdc9d9-ddb5-4fa4-a97d-d965ccfc6d4b" outcome="Passed" testListId="8c84fa94-04c1-424b-9868-57a2d4851a1d" relativeResultsDirectory="f4f8e0dc-3d93-462c-a6fe-7afdaae9a424" />
    <UnitTestResult executionId="0d418cbe-4ab6-492a-9311-041bb6348c48" testId="6d178bb9-a381-7a29-fd0c-55614149051f" testName="AuswertungPro.Next.UI.Tests.DesignAuditNovaHaltungenTests.Eingabefelder_zeigen_die_Themen_ueber_RecordDetailsView" computerName="PCW11X01" duration="00:00:00.0002850" startTime="2026-09-06T17:01:35.3397337+02:00" endTime="2026-09-06T17:01:35.3397337+02:00" testType="13cdc9d9-ddb5-4fa4-a97d-d965ccfc6d4b" outcome="Passed" testListId="8c84fa94-04c1-424b-9868-57a2d4851a1d" relativeResultsDirectory="0d418cbe-4ab6-492a-9311-041bb6348c48" />
    <UnitTestResult executionId="f09ce98e-fe66-4058-97e9-466bbe42efd3" testId="788f05ef-f3dd-9990-b420-4cbffbc686d8" testName="AuswertungPro.Next.UI.Tests.ShellNavigationGroupsTests.Jeder_Navigationspunkt_hat_seine_Gruppe(title: &quot;Diagnose&quot;, group: &quot;System&quot;)" computerName="PCW11X01" duration="00:00:00.0000007" startTime="2026-09-06T17:01:35.3439390+02:00" endTime="2026-09-06T17:01:35.3439391+02:00" testType="13cdc9d9-ddb5-4fa4-a97d-d965ccfc6d4b" outcome="Passed" testListId="8c84fa94-04c1-424b-9868-57a2d4851a1d" relativeResultsDirectory="f09ce98e-fe66-4058-97e9-466bbe42efd3" />
    <UnitTestResult executionId="55335b01-294e-47ae-9d96-2bb3dc73c55b" testId="122c8e24-b297-e4e9-9d57-f24e9ceb3803" testName="AuswertungPro.Next.UI.Tests.DesignAuditNovaHaltungenTests.Nova_Arbeitsflaeche_ist_per_Einstellung_der_Standard" computerName="PCW11X01" duration="00:00:00.0004783" startTime="2026-09-06T17:01:35.3395913+02:00" endTime="2026-09-06T17:01:35.3395914+02:00" testType="13cdc9d9-ddb5-4fa4-a97d-d965ccfc6d4b" outcome="Passed" testListId="8c84fa94-04c1-424b-9868-57a2d4851a1d" relativeResultsDirectory="55335b01-294e-47ae-9d96-2bb3dc73c55b" />
    <UnitTestResult executionId="d23acd03-e5e1-46e4-843c-a754092a2e0b" testId="0d262d9b-dfea-8f54-d100-6249632216f8" testName="AuswertungPro.Next.UI.Tests.HaltungFelderDrawerFilterTests.Suchtext_laesst_nur_passende_Felder_stehen_und_blendet_leere_Themen_aus" computerName="PCW11X01" duration="00:00:00.0008204" startTime="2026-09-06T17:01:35.3412838+02:00" endTime="2026-09-06T17:01:35.3412839+02:00" testType="13cdc9d9-ddb5-4fa4-a97d-d965ccfc6d4b" outcome="Passed" testListId="8c84fa94-04c1-424b-9868-57a2d4851a1d" relativeResultsDirectory="d23acd03-e5e1-46e4-843c-a754092a2e0b" />
    <UnitTestResult executionId="559fb8bc-c8a5-4ea7-8507-570751891356" testId="e20f8102-3796-77ac-c64e-e9886f6e0c41" testName="AuswertungPro.Next.UI.Tests.DataPageToolbarLayoutTests.Haltungs_und_Schachtansicht_use_scrollable_section_columns_with_vertical_fields" computerName="PCW11X01" duration="00:00:00.0011354" startTime="2026-09-06T17:01:35.3215983+02:00" endTime="2026-09-06T17:01:35.3215983+02:00" testType="13cdc9d9-ddb5-4fa4-a97d-d965ccfc6d4b" outcome="Passed" testListId="8c84fa94-04c1-424b-9868-57a2d4851a1d" relativeResultsDirectory="559fb8bc-c8a5-4ea7-8507-570751891356" />
    <UnitTestResult executionId="70735f21-a1c3-42bf-a1ba-e7e7494fe4a8" testId="4a9e1aa9-9701-0c5b-2da0-8c5131fdef44" testName="AuswertungPro.Next.UI.Tests.DataPageColumnViewCatalogTests.Der_Haltungsname_steht_in_jeder_Ansicht_vorn_und_Schluessel_sind_eindeutig" computerName="PCW11X01" duration="00:00:00.0012141" startTime="2026-09-06T17:01:35.3397687+02:00" endTime="2026-09-06T17:01:35.3397688+02:00" testType="13cdc9d9-ddb5-4fa4-a97d-d965ccfc6d4b" outcome="Passed" testListId="8c84fa94-04c1-424b-9868-57a2d4851a1d" relativeResultsDirectory="70735f21-a1c3-42bf-a1ba-e7e7494fe4a8" />
    <UnitTestResult executionId="ffe795d0-b35a-461f-9206-2fc1b86843c2" testId="ea4f1e26-cdd6-6093-5edb-ef3da303f3dc" testName="AuswertungPro.Next.UI.Tests.ShellNavigationGroupsTests.Jeder_Navigationspunkt_hat_seine_Gruppe(title: &quot;Haltungen&quot;, group: &quot;Projekt&quot;)" computerName="PCW11X01" duration="00:00:00.0001089" startTime="2026-09-06T17:01:35.3435578+02:00" endTime="2026-09-06T17:01:35.3435578+02:00" testType="13cdc9d9-ddb5-4fa4-a97d-d965ccfc6d4b" outcome="Passed" testListId="8c84fa94-04c1-424b-9868-57a2d4851a1d" relativeResultsDirectory="ffe795d0-b35a-461f-9206-2fc1b86843c2" />
    <UnitTestResult executionId="37d0faef-188a-43b2-a68f-60ed20f5652f" testId="a72182aa-8db0-6b5e-2dba-3b2341ea1f4f" testName="AuswertungPro.Next.UI.Tests.HaltungFelderDrawerFilterTests.Ohne_Suchtext_bleiben_alle_Themen_mit_allen_Feldern" computerName="PCW11X01" duration="00:00:00.0042543" startTime="2026-09-06T17:01:35.3404140+02:00" endTime="2026-09-06T17:01:35.3404141+02:00" testType="13cdc9d9-ddb5-4fa4-a97d-d965ccfc6d4b" outcome="Passed" testListId="8c84fa94-04c1-424b-9868-57a2d4851a1d" relativeResultsDirectory="37d0faef-188a-43b2-a68f-60ed20f5652f" />
    <UnitTestResult executionId="42524c19-9035-459f-aff8-85ce1590a3f9" testId="89bc4ac0-abc0-2b6b-b79b-e703276fcc7e" testName="AuswertungPro.Next.UI.Tests.DataPageColumnViewCatalogTests.Jedes_Feld_einer_Ansicht_existiert_im_Feldkatalog" computerName="PCW11X01" duration="00:00:00.0035426" startTime="2026-09-06T17:01:35.3397823+02:00" endTime="2026-09-06T17:01:35.3397824+02:00" testType="13cdc9d9-ddb5-4fa4-a97d-d965ccfc6d4b" outcome="Passed" testListId="8c84fa94-04c1-424b-9868-57a2d4851a1d" relativeResultsDirectory="42524c19-9035-459f-aff8-85ce1590a3f9" />
    <UnitTestResult executionId="266694f7-d6e0-4251-a0d6-4057ee473a7f" testId="b6970303-338d-0b68-8b8b-6d9ee271716f" testName="AuswertungPro.Next.UI.Tests.ZustandsklasseInkPolicyTests.Konverter_liefert_gefrorene_Tinte_fuer_bekannte_Klasse" computerName="PCW11X01" duration="00:00:00.0170755" startTime="2026-09-06T17:01:35.3092130+02:00" endTime="2026-09-06T17:01:35.3092270+02:00" testType="13cdc9d9-ddb5-4fa4-a97d-d965ccfc6d4b" outcome="Passed" testListId="8c84fa94-04c1-424b-9868-57a2d4851a1d" relativeResultsDirectory="266694f7-d6e0-4251-a0d6-4057ee473a7f" />
    <UnitTestResult executionId="3adac3d7-2d95-48af-903b-05e8f80ecb50" testId="779ab1c6-be68-284c-2006-e68ecd0a7d06" testName="AuswertungPro.Next.UI.Tests.ZustandsklasseInkPolicyTests.Jede_Zustandsklasse_bekommt_eine_Textfarbe_mit_mindestens_4_5_zu_1" computerName="PCW11X01" duration="00:00:00.0003636" startTime="2026-09-06T17:01:35.3112727+02:00" endTime="2026-09-06T17:01:35.3112727+02:00" testType="13cdc9d9-ddb5-4fa4-a97d-d965ccfc6d4b" outcome="Passed" testListId="8c84fa94-04c1-424b-9868-57a2d4851a1d" relativeResultsDirectory="3adac3d7-2d95-48af-903b-05e8f80ecb50" />
    <UnitTestResult executionId="441f3ec8-a2a1-4c51-839d-fc5d1550d9e2" testId="be266b81-069d-0acb-51e4-2740aaddc25f" testName="AuswertungPro.Next.UI.Tests.DesignAuditNovaHaltungenTests.Haltungen_hat_Uebersicht_rechts_und_Eingabefelder_unten_mit_gespeicherten_Trennlinien" computerName="PCW11X01" duration="00:00:00.0024294" startTime="2026-09-06T17:01:35.3397051+02:00" endTime="2026-09-06T17:01:35.3397052+02:00" testType="13cdc9d9-ddb5-4fa4-a97d-d965ccfc6d4b" outcome="Passed" testListId="8c84fa94-04c1-424b-9868-57a2d4851a1d" relativeResultsDirectory="441f3ec8-a2a1-4c51-839d-fc5d1550d9e2" />
    <UnitTestResult executionId="de31cfa0-f35f-4227-b1dc-4aa70fe6b7b4" testId="ccbae355-a27c-33a3-ba2f-7487f337e694" testName="AuswertungPro.Next.UI.Tests.ShellNavigationGroupsTests.Jeder_Navigationspunkt_hat_seine_Gruppe(title: &quot;Schaechte&quot;, group: &quot;Projekt&quot;)" computerName="PCW11X01" duration="00:00:00.0000006" startTime="2026-09-06T17:01:35.3442324+02:00" endTime="2026-09-06T17:01:35.3442324+02:00" testType="13cdc9d9-ddb5-4fa4-a97d-d965ccfc6d4b" outcome="Passed" testListId="8c84fa94-04c1-424b-9868-57a2d4851a1d" relativeResultsDirectory="de31cfa0-f35f-4227-b1dc-4aa70fe6b7b4" />
    <UnitTestResult executionId="789dea82-1612-495c-91aa-53e8648e4fc9" testId="612faa5a-500d-cfdb-b0aa-cfb60466a573" testName="AuswertungPro.Next.UI.Tests.ShellNavigationGroupsTests.Jeder_Navigationspunkt_hat_seine_Gruppe(title: &quot;Schattenauswertung&quot;, group: &quot;Bewertung&quot;)" computerName="PCW11X01" duration="00:00:00.0000024" startTime="2026-09-06T17:01:35.3435741+02:00" endTime="2026-09-06T17:01:35.3435742+02:00" testType="13cdc9d9-ddb5-4fa4-a97d-d965ccfc6d4b" outcome="Passed" testListId="8c84fa94-04c1-424b-9868-57a2d4851a1d" relativeResultsDirectory="789dea82-1612-495c-91aa-53e8648e4fc9" />
    <UnitTestResult executionId="6db51ea7-8ff6-4471-b76b-5f9c36f41c52" testId="c0d59b99-a7b6-9360-1300-0dcb6400b301" testName="AuswertungPro.Next.UI.Tests.ZustandsklasseInkPolicyTests.Unbekannte_Klasse_liefert_keine_Farbe" computerName="PCW11X01" duration="00:00:00.0018407" startTime="2026-09-06T17:01:35.3110463+02:00" endTime="2026-09-06T17:01:35.3110464+02:00" testType="13cdc9d9-ddb5-4fa4-a97d-d965ccfc6d4b" outcome="Passed" testListId="8c84fa94-04c1-424b-9868-57a2d4851a1d" relativeResultsDirectory="6db51ea7-8ff6-4471-b76b-5f9c36f41c52" />
    <UnitTestResult executionId="d9e602c5-5298-4ae9-8cfe-3835a5193815" testId="f998fafc-be75-5258-3952-c89afdc87eb3" testName="AuswertungPro.Next.UI.Tests.DataPageColumnViewCatalogTests.Kompakt_zeigt_Name_Strasse_Material_DN_Laenge_Zustand_und_Video" computerName="PCW11X01" duration="00:00:00.0034120" startTime="2026-09-06T17:01:35.3397941+02:00" endTime="2026-09-06T17:01:35.3397941+02:00" testType="13cdc9d9-ddb5-4fa4-a97d-d965ccfc6d4b" outcome="Passed" testListId="8c84fa94-04c1-424b-9868-57a2d4851a1d" relativeResultsDirectory="d9e602c5-5298-4ae9-8cfe-3835a5193815" />
    <UnitTestResult executionId="6712a5fd-557f-49cb-8561-d06b4bf2d9b4" testId="12a29e9d-5179-3f8c-4b3a-0c9ac8a4a242" testName="AuswertungPro.Next.UI.Tests.ShellNavigationGroupsTests.Jeder_Navigationspunkt_hat_seine_Gruppe(title: &quot;Schacht-Matrix&quot;, group: &quot;Bewertung&quot;)" computerName="PCW11X01" duration="00:00:00.0000006" startTime="2026-09-06T17:01:35.3439938+02:00" endTime="2026-09-06T17:01:35.3439938+02:00" testType="13cdc9d9-ddb5-4fa4-a97d-d965ccfc6d4b" outcome="Passed" testListId="8c84fa94-04c1-424b-9868-57a2d4851a1d" relativeResultsDirectory="6712a5fd-557f-49cb-8561-d06b4bf2d9b4" />
    <UnitTestResult executionId="5a2f8924-1234-4d78-b9d6-c3690415cf96" testId="3fe2c3a2-8e47-01a8-1170-94aea6bbcf72" testName="AuswertungPro.Next.UI.Tests.ShellNavigationGroupsTests.Jeder_Navigationspunkt_hat_seine_Gruppe(title: &quot;Medienkonflikte&quot;, group: &quot;Daten&quot;)" computerName="PCW11X01" duration="00:00:00.0000006" startTime="2026-09-06T17:01:35.3440033+02:00" endTime="2026-09-06T17:01:35.3440034+02:00" testType="13cdc9d9-ddb5-4fa4-a97d-d965ccfc6d4b" outcome="Passed" testListId="8c84fa94-04c1-424b-9868-57a2d4851a1d" relativeResultsDirectory="5a2f8924-1234-4d78-b9d6-c3690415cf96" />
    <UnitTestResult executionId="5bdc12c2-490f-4436-9a2b-851c179848e2" testId="1cdb8d5a-8316-ce72-0641-fd709bb1f2c8" testName="AuswertungPro.Next.UI.Tests.HaltungFelderDrawerFilterTests.Null_Gruppen_ergeben_eine_leere_Liste" computerName="PCW11X01" duration="00:00:00.0002012" startTime="2026-09-06T17:01:35.3415227+02:00" endTime="2026-09-06T17:01:35.3415228+02:00" testType="13cdc9d9-ddb5-4fa4-a97d-d965ccfc6d4b" outcome="Passed" testListId="8c84fa94-04c1-424b-9868-57a2d4851a1d" relativeResultsDirectory="5bdc12c2-490f-4436-9a2b-851c179848e2" />
    <UnitTestResult executionId="e746d142-e9e2-4170-b080-579f8ec43cf3" testId="030c19d3-3645-96a3-ee0b-03d95dce3bb4" testName="AuswertungPro.Next.UI.Tests.ShellNavigationGroupsTests.Jeder_Navigationspunkt_hat_seine_Gruppe(title: &quot;Import&quot;, group: &quot;Daten&quot;)" computerName="PCW11X01" duration="00:00:00.0002400" startTime="2026-09-06T17:01:35.3434233+02:00" endTime="2026-09-06T17:01:35.3434233+02:00" testType="13cdc9d9-ddb5-4fa4-a97d-d965ccfc6d4b" outcome="Passed" testListId="8c84fa94-04c1-424b-9868-57a2d4851a1d" relativeResultsDirectory="e746d142-e9e2-4170-b080-579f8ec43cf3" />
    <UnitTestResult executionId="6ead13e9-1d21-47a0-8c7f-2a71500370a6" testId="88691002-05dd-bc92-8c28-822f3e68467c" testName="AuswertungPro.Next.UI.Tests.DataPageToolbarLayoutTests.Compact_detail_groups_share_the_full_width_evenly" computerName="PCW11X01" duration="00:00:00.0009707" startTime="2026-09-06T17:01:35.3204236+02:00" endTime="2026-09-06T17:01:35.3204237+02:00" testType="13cdc9d9-ddb5-4fa4-a97d-d965ccfc6d4b" outcome="Passed" testListId="8c84fa94-04c1-424b-9868-57a2d4851a1d" relativeResultsDirectory="6ead13e9-1d21-47a0-8c7f-2a71500370a6" />
    <UnitTestResult executionId="291aa411-9ca8-4367-b056-351ab75c9ace" testId="c6d99885-c118-e183-23c3-a469a376acf5" testName="AuswertungPro.Next.UI.Tests.ShellNavigationGroupsTests.Jeder_Navigationspunkt_hat_seine_Gruppe(title: &quot;Sanierungs-Matrix&quot;, group: &quot;Bewertung&quot;)" computerName="PCW11X01" duration="00:00:00.0000007" startTime="2026-09-06T17:01:35.3440193+02:00" endTime="2026-09-06T17:01:35.3440194+02:00" testType="13cdc9d9-ddb5-4fa4-a97d-d965ccfc6d4b" outcome="Passed" testListId="8c84fa94-04c1-424b-9868-57a2d4851a1d" relativeResultsDirectory="291aa411-9ca8-4367-b056-351ab75c9ace" />
  </Results>
  <TestDefinitions>
    <UnitTest name="AuswertungPro.Next.UI.Tests.ShellNavigationGroupsTests.Jeder_Navigationspunkt_hat_seine_Gruppe(title: &quot;Projekt&quot;, group: &quot;Projekt&quot;)" storage="c:\sewer-studio_ki_4.5-nova\tests\auswertungpro.next.ui.tests\bin\debug\net10.0-windows10.0.19041\auswertungpro.next.ui.tests.dll" id="73647aad-a9f9-caaf-fba9-c2bd3cbe351f">
      <Execution id="134041f8-a77e-454b-9b27-c03e2f0669e3" />
      <TestMethod codeBase="C:\Sewer-Studio_KI_4.5-nova\tests\AuswertungPro.Next.UI.Tests\bin\Debug\net10.0-windows10.0.19041\AuswertungPro.Next.UI.Tests.dll" adapterTypeName="executor://xunit/VsTestRunner2/netcoreapp" className="AuswertungPro.Next.UI.Tests.ShellNavigationGroupsTests" name="Jeder_Navigationspunkt_hat_seine_Gruppe" />
    </UnitTest>
    <UnitTest name="AuswertungPro.Next.UI.Tests.ShellNavigationGroupsTests.Jeder_Navigationspunkt_hat_seine_Gruppe(title: &quot;Haltungen&quot;, group: &quot;Projekt&quot;)" storage="c:\sewer-studio_ki_4.5-nova\tests\auswertungpro.next.ui.tests\bin\debug\net10.0-windows10.0.19041\auswertungpro.next.ui.tests.dll" id="ea4f1e26-cdd6-6093-5edb-ef3da303f3dc">
      <Execution id="ffe795d0-b35a-461f-9206-2fc1b86843c2" />
      <TestMethod codeBase="C:\Sewer-Studio_KI_4.5-nova\tests\AuswertungPro.Next.UI.Tests\bin\Debug\net10.0-windows10.0.19041\AuswertungPro.Next.UI.Tests.dll" adapterTypeName="executor://xunit/VsTestRunner2/netcoreapp" className="AuswertungPro.Next.UI.Tests.ShellNavigationGroupsTests" name="Jeder_Navigationspunkt_hat_seine_Gruppe" />
    </UnitTest>
    <UnitTest name="AuswertungPro.Next.UI.Tests.ShellNavigationGroupsTests.Jeder_Navigationspunkt_hat_seine_Gruppe(title: &quot;Schaechte&quot;, group: &quot;Projekt&quot;)" storage="c:\sewer-studio_ki_4.5-nova\tests\auswertungpro.next.ui.tests\bin\debug\net10.0-windows10.0.19041\auswertungpro.next.ui.tests.dll" id="ccbae355-a27c-33a3-ba2f-7487f337e694">
      <Execution id="de31cfa0-f35f-4227-b1dc-4aa70fe6b7b4" />
      <TestMethod codeBase="C:\Sewer-Studio_KI_4.5-nova\tests\AuswertungPro.Next.UI.Tests\bin\Debug\net10.0-windows10.0.19041\AuswertungPro.Next.UI.Tests.dll" adapterTypeName="executor://xunit/VsTestRunner2/netcoreapp" className="AuswertungPro.Next.UI.Tests.ShellNavigationGroupsTests" name="Jeder_Navigationspunkt_hat_seine_Gruppe" />
    </UnitTest>
    <UnitTest name="AuswertungPro.Next.UI.Tests.DataPageToolbarLayoutTests.Haltungsansicht_lives_in_main_grid_row_and_uses_haltung_search_label" storage="c:\sewer-studio_ki_4.5-nova\tests\auswertungpro.next.ui.tests\bin\debug\net10.0-windows10.0.19041\auswertungpro.next.ui.tests.dll" id="c42a0a73-8e59-b0f5-ed35-0841208a4539">
      <Execution id="eb798631-3ff8-4d76-8879-b562f3b8d7ff" />
      <TestMethod codeBase="C:\Sewer-Studio_KI_4.5-nova\tests\AuswertungPro.Next.UI.Tests\bin\Debug\net10.0-windows10.0.19041\AuswertungPro.Next.UI.Tests.dll" adapterTypeName="executor://xunit/VsTestRunner2/netcoreapp" className="AuswertungPro.Next.UI.Tests.DataPageToolbarLayoutTests" name="Haltungsansicht_lives_in_main_grid_row_and_uses_haltung_search_label" />
    </UnitTest>
    <UnitTest name="AuswertungPro.Next.UI.Tests.ShellNavigationGroupsTests.Jeder_Navigationspunkt_hat_seine_Gruppe(title: &quot;Druckcenter&quot;, group: &quot;Daten&quot;)" storage="c:\sewer-studio_ki_4.5-nova\tests\auswertungpro.next.ui.tests\bin\debug\net10.0-windows10.0.19041\auswertungpro.next.ui.tests.dll" id="b8ffbf35-b127-58e3-f2be-6c7b450865f6">
      <Execution id="6d11a9fe-de31-46b9-b37e-06d892d60fe1" />
      <TestMethod codeBase="C:\Sewer-Studio_KI_4.5-nova\tests\AuswertungPro.Next.UI.Tests\bin\Debug\net10.0-windows10.0.19041\AuswertungPro.Next.UI.Tests.dll" adapterTypeName="executor://xunit/VsTestRunner2/netcoreapp" className="AuswertungPro.Next.UI.Tests.ShellNavigationGroupsTests" name="Jeder_Navigationspunkt_hat_seine_Gruppe" />
    </UnitTest>
    <UnitTest name="AuswertungPro.Next.UI.Tests.ShellNavigationGroupsTests.Unbekannter_Titel_landet_in_System_statt_zu_werfen" storage="c:\sewer-studio_ki_4.5-nova\tests\auswertungpro.next.ui.tests\bin\debug\net10.0-windows10.0.19041\auswertungpro.next.ui.tests.dll" id="082141a1-132a-cb9e-c851-ec342777f884">
      <Execution id="2fe2cf41-2deb-4d8a-b35e-e208b603fa07" />
      <TestMethod codeBase="C:\Sewer-Studio_KI_4.5-nova\tests\AuswertungPro.Next.UI.Tests\bin\Debug\net10.0-windows10.0.19041\AuswertungPro.Next.UI.Tests.dll" adapterTypeName="executor://xunit/VsTestRunner2/netcoreapp" className="AuswertungPro.Next.UI.Tests.ShellNavigationGroupsTests" name="Unbekannter_Titel_landet_in_System_statt_zu_werfen" />
    </UnitTest>
    <UnitTest name="AuswertungPro.Next.UI.Tests.DataPageToolbarLayoutTests.Compact_detail_groups_share_the_full_width_evenly" storage="c:\sewer-studio_ki_4.5-nova\tests\auswertungpro.next.ui.tests\bin\debug\net10.0-windows10.0.19041\auswertungpro.next.ui.tests.dll" id="88691002-05dd-bc92-8c28-822f3e68467c">
      <Execution id="6ead13e9-1d21-47a0-8c7f-2a71500370a6" />
      <TestMethod codeBase="C:\Sewer-Studio_KI_4.5-nova\tests\AuswertungPro.Next.UI.Tests\bin\Debug\net10.0-windows10.0.19041\AuswertungPro.Next.UI.Tests.dll" adapterTypeName="executor://xunit/VsTestRunner2/netcoreapp" className="AuswertungPro.Next.UI.Tests.DataPageToolbarLayoutTests" name="Compact_detail_groups_share_the_full_width_evenly" />
    </UnitTest>
    <UnitTest name="AuswertungPro.Next.UI.Tests.ShellNavigationGroupsTests.Jeder_Navigationspunkt_hat_seine_Gruppe(title: &quot;Schacht-Matrix&quot;, group: &quot;Bewertung&quot;)" storage="c:\sewer-studio_ki_4.5-nova\tests\auswertungpro.next.ui.tests\bin\debug\net10.0-windows10.0.19041\auswertungpro.next.ui.tests.dll" id="12a29e9d-5179-3f8c-4b3a-0c9ac8a4a242">
      <Execution id="6712a5fd-557f-49cb-8561-d06b4bf2d9b4" />
      <TestMethod codeBase="C:\Sewer-Studio_KI_4.5-nova\tests\AuswertungPro.Next.UI.Tests\bin\Debug\net10.0-windows10.0.19041\AuswertungPro.Next.UI.Tests.dll" adapterTypeName="executor://xunit/VsTestRunner2/netcoreapp" className="AuswertungPro.Next.UI.Tests.ShellNavigationGroupsTests" name="Jeder_Navigationspunkt_hat_seine_Gruppe" />
    </UnitTest>
    <UnitTest name="AuswertungPro.Next.UI.Tests.DataPageToolbarLayoutTests.Haltungs_und_Schachtansicht_use_scrollable_section_columns_with_vertical_fields" storage="c:\sewer-studio_ki_4.5-nova\tests\auswertungpro.next.ui.tests\bin\debug\net10.0-windows10.0.19041\auswertungpro.next.ui.tests.dll" id="e20f8102-3796-77ac-c64e-e9886f6e0c41">
      <Execution id="559fb8bc-c8a5-4ea7-8507-570751891356" />
      <TestMethod codeBase="C:\Sewer-Studio_KI_4.5-nova\tests\AuswertungPro.Next.UI.Tests\bin\Debug\net10.0-windows10.0.19041\AuswertungPro.Next.UI.Tests.dll" adapterTypeName="executor://xunit/VsTestRunner2/netcoreapp" className="AuswertungPro.Next.UI.Tests.DataPageToolbarLayoutTests" name="Haltungs_und_Schachtansicht_use_scrollable_section_columns_with_vertical_fields" />
    </UnitTest>
    <UnitTest name="AuswertungPro.Next.UI.Tests.ShellNavigationGroupsTests.Jeder_Navigationspunkt_hat_seine_Gruppe(title: &quot;Dossiers&quot;, group: &quot;Daten&quot;)" storage="c:\sewer-studio_ki_4.5-nova\tests\auswertungpro.next.ui.tests\bin\debug\net10.0-windows10.0.19041\auswertungpro.next.ui.tests.dll" id="555afd35-574b-4e4d-72a7-660f25ade562">
      <Execution id="741c8218-c5e8-47f1-a172-046bb8369b1b" />
      <TestMethod codeBase="C:\Sewer-Studio_KI_4.5-nova\tests\AuswertungPro.Next.UI.Tests\bin\Debug\net10.0-windows10.0.19041\AuswertungPro.Next.UI.Tests.dll" adapterTypeName="executor://xunit/VsTestRunner2/netcoreapp" className="AuswertungPro.Next.UI.Tests.ShellNavigationGroupsTests" name="Jeder_Navigationspunkt_hat_seine_Gruppe" />
    </UnitTest>
    <UnitTest name="AuswertungPro.Next.UI.Tests.ShellNavigationGroupsTests.Jeder_Navigationspunkt_hat_seine_Gruppe(title: &quot;Schattenauswertung&quot;, group: &quot;Bewertung&quot;)" storage="c:\sewer-studio_ki_4.5-nova\tests\auswertungpro.next.ui.tests\bin\debug\net10.0-windows10.0.19041\auswertungpro.next.ui.tests.dll" id="612faa5a-500d-cfdb-b0aa-cfb60466a573">
      <Execution id="789dea82-1612-495c-91aa-53e8648e4fc9" />
      <TestMethod codeBase="C:\Sewer-Studio_KI_4.5-nova\tests\AuswertungPro.Next.UI.Tests\bin\Debug\net10.0-windows10.0.19041\AuswertungPro.Next.UI.Tests.dll" adapterTypeName="executor://xunit/VsTestRunner2/netcoreapp" className="AuswertungPro.Next.UI.Tests.ShellNavigationGroupsTests" name="Jeder_Navigationspunkt_hat_seine_Gruppe" />
    </UnitTest>
    <UnitTest name="AuswertungPro.Next.UI.Tests.ShellNavigationGroupsTests.NavItems_im_ShellViewModel_stehen_gruppenweise_zusammen" storage="c:\sewer-studio_ki_4.5-nova\tests\auswertungpro.next.ui.tests\bin\debug\net10.0-windows10.0.19041\auswertungpro.next.ui.tests.dll" id="844f0e6f-9cb5-ff9b-742c-7d8581e87be1">
      <Execution id="f4f8e0dc-3d93-462c-a6fe-7afdaae9a424" />
      <TestMethod codeBase="C:\Sewer-Studio_KI_4.5-nova\tests\AuswertungPro.Next.UI.Tests\bin\Debug\net10.0-windows10.0.19041\AuswertungPro.Next.UI.Tests.dll" adapterTypeName="executor://xunit/VsTestRunner2/netcoreapp" className="AuswertungPro.Next.UI.Tests.ShellNavigationGroupsTests" name="NavItems_im_ShellViewModel_stehen_gruppenweise_zusammen" />
    </UnitTest>
    <UnitTest name="AuswertungPro.Next.UI.Tests.DataPageColumnViewCatalogTests.Kompakt_zeigt_Name_Strasse_Material_DN_Laenge_Zustand_und_Video" storage="c:\sewer-studio_ki_4.5-nova\tests\auswertungpro.next.ui.tests\bin\debug\net10.0-windows10.0.19041\auswertungpro.next.ui.tests.dll" id="f998fafc-be75-5258-3952-c89afdc87eb3">
      <Execution id="d9e602c5-5298-4ae9-8cfe-3835a5193815" />
      <TestMethod codeBase="C:\Sewer-Studio_KI_4.5-nova\tests\AuswertungPro.Next.UI.Tests\bin\Debug\net10.0-windows10.0.19041\AuswertungPro.Next.UI.Tests.dll" adapterTypeName="executor://xunit/VsTestRunner2/netcoreapp" className="AuswertungPro.Next.UI.Tests.DataPageColumnViewCatalogTests" name="Kompakt_zeigt_Name_Strasse_Material_DN_Laenge_Zustand_und_Video" />
    </UnitTest>
    <UnitTest name="AuswertungPro.Next.UI.Tests.ShellNavigationGroupsTests.Jeder_Navigationspunkt_hat_seine_Gruppe(title: &quot;Export&quot;, group: &quot;Daten&quot;)" storage="c:\sewer-studio_ki_4.5-nova\tests\auswertungpro.next.ui.tests\bin\debug\net10.0-windows10.0.19041\auswertungpro.next.ui.tests.dll" id="19ea48c6-0bc9-a016-5323-fbeb729f6874">
      <Execution id="f2de14fa-9bdf-4fd6-bc9b-1d6ccc4f014d" />
      <TestMethod codeBase="C:\Sewer-Studio_KI_4.5-nova\tests\AuswertungPro.Next.UI.Tests\bin\Debug\net10.0-windows10.0.19041\AuswertungPro.Next.UI.Tests.dll" adapterTypeName="executor://xunit/VsTestRunner2/netcoreapp" className="AuswertungPro.Next.UI.Tests.ShellNavigationGroupsTests" name="Jeder_Navigationspunkt_hat_seine_Gruppe" />
    </UnitTest>
    <UnitTest name="AuswertungPro.Next.UI.Tests.DataPageToolbarLayoutTests.HydraulikActions_are_grouped_in_one_dropdown" storage="c:\sewer-studio_ki_4.5-nova\tests\auswertungpro.next.ui.tests\bin\debug\net10.0-windows10.0.19041\auswertungpro.next.ui.tests.dll" id="24273577-f165-6786-94c2-949373368743">
      <Execution id="0836ad01-d6a2-4b84-bf25-c49c3305787d" />
      <TestMethod codeBase="C:\Sewer-Studio_KI_4.5-nova\tests\AuswertungPro.Next.UI.Tests\bin\Debug\net10.0-windows10.0.19041\AuswertungPro.Next.UI.Tests.dll" adapterTypeName="executor://xunit/VsTestRunner2/netcoreapp" className="AuswertungPro.Next.UI.Tests.DataPageToolbarLayoutTests" name="HydraulikActions_are_grouped_in_one_dropdown" />
    </UnitTest>
    <UnitTest name="AuswertungPro.Next.UI.Tests.ZustandsklasseInkPolicyTests.Konverter_liefert_gefrorene_Tinte_fuer_bekannte_Klasse" storage="c:\sewer-studio_ki_4.5-nova\tests\auswertungpro.next.ui.tests\bin\debug\net10.0-windows10.0.19041\auswertungpro.next.ui.tests.dll" id="b6970303-338d-0b68-8b8b-6d9ee271716f">
      <Execution id="266694f7-d6e0-4251-a0d6-4057ee473a7f" />
      <TestMethod codeBase="C:\Sewer-Studio_KI_4.5-nova\tests\AuswertungPro.Next.UI.Tests\bin\Debug\net10.0-windows10.0.19041\AuswertungPro.Next.UI.Tests.dll" adapterTypeName="executor://xunit/VsTestRunner2/netcoreapp" className="AuswertungPro.Next.UI.Tests.ZustandsklasseInkPolicyTests" name="Konverter_liefert_gefrorene_Tinte_fuer_bekannte_Klasse" />
    </UnitTest>
    <UnitTest name="AuswertungPro.Next.UI.Tests.HaltungFelderDrawerFilterTests.Ohne_Suchtext_bleiben_alle_Themen_mit_allen_Feldern" storage="c:\sewer-studio_ki_4.5-nova\tests\auswertungpro.next.ui.tests\bin\debug\net10.0-windows10.0.19041\auswertungpro.next.ui.tests.dll" id="a72182aa-8db0-6b5e-2dba-3b2341ea1f4f">
      <Execution id="37d0faef-188a-43b2-a68f-60ed20f5652f" />
      <TestMethod codeBase="C:\Sewer-Studio_KI_4.5-nova\tests\AuswertungPro.Next.UI.Tests\bin\Debug\net10.0-windows10.0.19041\AuswertungPro.Next.UI.Tests.dll" adapterTypeName="executor://xunit/VsTestRunner2/netcoreapp" className="AuswertungPro.Next.UI.Tests.HaltungFelderDrawerFilterTests" name="Ohne_Suchtext_bleiben_alle_Themen_mit_allen_Feldern" />
    </UnitTest>
    <UnitTest name="AuswertungPro.Next.UI.Tests.ZustandsklasseInkPolicyTests.Unbekannte_Klasse_liefert_keine_Farbe" storage="c:\sewer-studio_ki_4.5-nova\tests\auswertungpro.next.ui.tests\bin\debug\net10.0-windows10.0.19041\auswertungpro.next.ui.tests.dll" id="c0d59b99-a7b6-9360-1300-0dcb6400b301">
      <Execution id="6db51ea7-8ff6-4471-b76b-5f9c36f41c52" />
      <TestMethod codeBase="C:\Sewer-Studio_KI_4.5-nova\tests\AuswertungPro.Next.UI.Tests\bin\Debug\net10.0-windows10.0.19041\AuswertungPro.Next.UI.Tests.dll" adapterTypeName="executor://xunit/VsTestRunner2/netcoreapp" className="AuswertungPro.Next.UI.Tests.ZustandsklasseInkPolicyTests" name="Unbekannte_Klasse_liefert_keine_Farbe" />
    </UnitTest>
    <UnitTest name="AuswertungPro.Next.UI.Tests.DataPageWorkspaceLayoutPolicyTests.Gespeicherte_Hoehe_wird_uebernommen_aber_auf_sieben_Zeilen_begrenzt" storage="c:\sewer-studio_ki_4.5-nova\tests\auswertungpro.next.ui.tests\bin\debug\net10.0-windows10.0.19041\auswertungpro.next.ui.tests.dll" id="5d644551-c3fb-b091-5a18-2902200fa503">
      <Execution id="9ee65b6a-e9b1-410b-9b85-f122f15aeeaa" />
      <TestMethod codeBase="C:\Sewer-Studio_KI_4.5-nova\tests\AuswertungPro.Next.UI.Tests\bin\Debug\net10.0-windows10.0.19041\AuswertungPro.Next.UI.Tests.dll" adapterTypeName="executor://xunit/VsTestRunner2/netcoreapp" className="AuswertungPro.Next.UI.Tests.DataPageWorkspaceLayoutPolicyTests" name="Gespeicherte_Hoehe_wird_uebernommen_aber_auf_sieben_Zeilen_begrenzt" />
    </UnitTest>
    <UnitTest name="AuswertungPro.Next.UI.Tests.ShellNavigationGroupsTests.Jeder_Navigationspunkt_hat_seine_Gruppe(title: &quot;VSA&quot;, group: &quot;Bewertung&quot;)" storage="c:\sewer-studio_ki_4.5-nova\tests\auswertungpro.next.ui.tests\bin\debug\net10.0-windows10.0.19041\auswertungpro.next.ui.tests.dll" id="b23550d0-eab8-117d-4020-17e13d38d3e7">
      <Execution id="ef5d99e2-0253-4c34-986c-806e883c396f" />
      <TestMethod codeBase="C:\Sewer-Studio_KI_4.5-nova\tests\AuswertungPro.Next.UI.Tests\bin\Debug\net10.0-windows10.0.19041\AuswertungPro.Next.UI.Tests.dll" adapterTypeName="executor://xunit/VsTestRunner2/netcoreapp" className="AuswertungPro.Next.UI.Tests.ShellNavigationGroupsTests" name="Jeder_Navigationspunkt_hat_seine_Gruppe" />
    </UnitTest>
    <UnitTest name="AuswertungPro.Next.UI.Tests.ShellNavigationGroupsTests.Jeder_Navigationspunkt_hat_seine_Gruppe(title: &quot;Medienkonflikte&quot;, group: &quot;Daten&quot;)" storage="c:\sewer-studio_ki_4.5-nova\tests\auswertungpro.next.ui.tests\bin\debug\net10.0-windows10.0.19041\auswertungpro.next.ui.tests.dll" id="3fe2c3a2-8e47-01a8-1170-94aea6bbcf72">
      <Execution id="5a2f8924-1234-4d78-b9d6-c3690415cf96" />
      <TestMethod codeBase="C:\Sewer-Studio_KI_4.5-nova\tests\AuswertungPro.Next.UI.Tests\bin\Debug\net10.0-windows10.0.19041\AuswertungPro.Next.UI.Tests.dll" adapterTypeName="executor://xunit/VsTestRunner2/netcoreapp" className="AuswertungPro.Next.UI.Tests.ShellNavigationGroupsTests" name="Jeder_Navigationspunkt_hat_seine_Gruppe" />
    </UnitTest>
    <UnitTest name="AuswertungPro.Next.UI.Tests.DesignAuditNovaHaltungenTests.Uebersicht_verwendet_die_Zustandsklassen_Tinte" storage="c:\sewer-studio_ki_4.5-nova\tests\auswertungpro.next.ui.tests\bin\debug\net10.0-windows10.0.19041\auswertungpro.next.ui.tests.dll" id="6d55df02-8c39-0af0-e660-7876493e94d0">
      <Execution id="7c0863e8-09fc-4674-9d09-3edce988e91d" />
      <TestMethod codeBase="C:\Sewer-Studio_KI_4.5-nova\tests\AuswertungPro.Next.UI.Tests\bin\Debug\net10.0-windows10.0.19041\AuswertungPro.Next.UI.Tests.dll" adapterTypeName="executor://xunit/VsTestRunner2/netcoreapp" className="AuswertungPro.Next.UI.Tests.DesignAuditNovaHaltungenTests" name="Uebersicht_verwendet_die_Zustandsklassen_Tinte" />
    </UnitTest>
    <UnitTest name="AuswertungPro.Next.UI.Tests.ZustandsklasseInkPolicyTests.Jede_Zustandsklasse_bekommt_eine_Textfarbe_mit_mindestens_4_5_zu_1" storage="c:\sewer-studio_ki_4.5-nova\tests\auswertungpro.next.ui.tests\bin\debug\net10.0-windows10.0.19041\auswertungpro.next.ui.tests.dll" id="779ab1c6-be68-284c-2006-e68ecd0a7d06">
      <Execution id="3adac3d7-2d95-48af-903b-05e8f80ecb50" />
      <TestMethod codeBase="C:\Sewer-Studio_KI_4.5-nova\tests\AuswertungPro.Next.UI.Tests\bin\Debug\net10.0-windows10.0.19041\AuswertungPro.Next.UI.Tests.dll" adapterTypeName="executor://xunit/VsTestRunner2/netcoreapp" className="AuswertungPro.Next.UI.Tests.ZustandsklasseInkPolicyTests" name="Jede_Zustandsklasse_bekommt_eine_Textfarbe_mit_mindestens_4_5_zu_1" />
    </UnitTest>
    <UnitTest name="AuswertungPro.Next.UI.Tests.ShellNavigationGroupsTests.Jeder_Navigationspunkt_hat_seine_Gruppe(title: &quot;Sanierungs-Matrix&quot;, group: &quot;Bewertung&quot;)" storage="c:\sewer-studio_ki_4.5-nova\tests\auswertungpro.next.ui.tests\bin\debug\net10.0-windows10.0.19041\auswertungpro.next.ui.tests.dll" id="c6d99885-c118-e183-23c3-a469a376acf5">
      <Execution id="291aa411-9ca8-4367-b056-351ab75c9ace" />
      <TestMethod codeBase="C:\Sewer-Studio_KI_4.5-nova\tests\AuswertungPro.Next.UI.Tests\bin\Debug\net10.0-windows10.0.19041\AuswertungPro.Next.UI.Tests.dll" adapterTypeName="executor://xunit/VsTestRunner2/netcoreapp" className="AuswertungPro.Next.UI.Tests.ShellNavigationGroupsTests" name="Jeder_Navigationspunkt_hat_seine_Gruppe" />
    </UnitTest>
    <UnitTest name="AuswertungPro.Next.UI.Tests.HaltungFelderDrawerFilterTests.Suchtext_laesst_nur_passende_Felder_stehen_und_blendet_leere_Themen_aus" storage="c:\sewer-studio_ki_4.5-nova\tests\auswertungpro.next.ui.tests\bin\debug\net10.0-windows10.0.19041\auswertungpro.next.ui.tests.dll" id="0d262d9b-dfea-8f54-d100-6249632216f8">
      <Execution id="d23acd03-e5e1-46e4-843c-a754092a2e0b" />
      <TestMethod codeBase="C:\Sewer-Studio_KI_4.5-nova\tests\AuswertungPro.Next.UI.Tests\bin\Debug\net10.0-windows10.0.19041\AuswertungPro.Next.UI.Tests.dll" adapterTypeName="executor://xunit/VsTestRunner2/netcoreapp" className="AuswertungPro.Next.UI.Tests.HaltungFelderDrawerFilterTests" name="Suchtext_laesst_nur_passende_Felder_stehen_und_blendet_leere_Themen_aus" />
    </UnitTest>
    <UnitTest name="AuswertungPro.Next.UI.Tests.ShellNavigationGroupsTests.Reihenfolge_der_Gruppen_ist_fest" storage="c:\sewer-studio_ki_4.5-nova\tests\auswertungpro.next.ui.tests\bin\debug\net10.0-windows10.0.19041\auswertungpro.next.ui.tests.dll" id="93d3b856-0c5b-bfbb-3192-2670f8b84f72">
      <Execution id="ae868fe9-0b09-4303-946a-a040fc6a96a6" />
      <TestMethod codeBase="C:\Sewer-Studio_KI_4.5-nova\tests\AuswertungPro.Next.UI.Tests\bin\Debug\net10.0-windows10.0.19041\AuswertungPro.Next.UI.Tests.dll" adapterTypeName="executor://xunit/VsTestRunner2/netcoreapp" className="AuswertungPro.Next.UI.Tests.ShellNavigationGroupsTests" name="Reihenfolge_der_Gruppen_ist_fest" />
    </UnitTest>
    <UnitTest name="AuswertungPro.Next.UI.Tests.ShellNavigationGroupsTests.Jeder_Navigationspunkt_hat_seine_Gruppe(title: &quot;Diagnose&quot;, group: &quot;System&quot;)" storage="c:\sewer-studio_ki_4.5-nova\tests\auswertungpro.next.ui.tests\bin\debug\net10.0-windows10.0.19041\auswertungpro.next.ui.tests.dll" id="788f05ef-f3dd-9990-b420-4cbffbc686d8">
      <Execution id="f09ce98e-fe66-4058-97e9-466bbe42efd3" />
      <TestMethod codeBase="C:\Sewer-Studio_KI_4.5-nova\tests\AuswertungPro.Next.UI.Tests\bin\Debug\net10.0-windows10.0.19041\AuswertungPro.Next.UI.Tests.dll" adapterTypeName="executor://xunit/VsTestRunner2/netcoreapp" className="AuswertungPro.Next.UI.Tests.ShellNavigationGroupsTests" name="Jeder_Navigationspunkt_hat_seine_Gruppe" />
    </UnitTest>
    <UnitTest name="AuswertungPro.Next.UI.Tests.DataPageWorkspaceLayoutPolicyTests.Sehr_kleine_Flaeche_gibt_die_Mindesthoehe_zurueck" storage="c:\sewer-studio_ki_4.5-nova\tests\auswertungpro.next.ui.tests\bin\debug\net10.0-windows10.0.19041\auswertungpro.next.ui.tests.dll" id="5974ada3-cdf2-fe5b-dc28-ea5c956d9d7d">
      <Execution id="475fa941-3006-4364-aba6-c7f6164d2e9a" />
      <TestMethod codeBase="C:\Sewer-Studio_KI_4.5-nova\tests\AuswertungPro.Next.UI.Tests\bin\Debug\net10.0-windows10.0.19041\AuswertungPro.Next.UI.Tests.dll" adapterTypeName="executor://xunit/VsTestRunner2/netcoreapp" className="AuswertungPro.Next.UI.Tests.DataPageWorkspaceLayoutPolicyTests" name="Sehr_kleine_Flaeche_gibt_die_Mindesthoehe_zurueck" />
    </UnitTest>
    <UnitTest name="AuswertungPro.Next.UI.Tests.ShellNavigationGroupsTests.Jeder_Navigationspunkt_hat_seine_Gruppe(title: &quot;Einstellungen&quot;, group: &quot;System&quot;)" storage="c:\sewer-studio_ki_4.5-nova\tests\auswertungpro.next.ui.tests\bin\debug\net10.0-windows10.0.19041\auswertungpro.next.ui.tests.dll" id="15f99caa-7b75-ba2c-9e99-3c2dc8b6b1bc">
      <Execution id="3815b29f-24ea-4020-875d-ba17308bdfbe" />
      <TestMethod codeBase="C:\Sewer-Studio_KI_4.5-nova\tests\AuswertungPro.Next.UI.Tests\bin\Debug\net10.0-windows10.0.19041\AuswertungPro.Next.UI.Tests.dll" adapterTypeName="executor://xunit/VsTestRunner2/netcoreapp" className="AuswertungPro.Next.UI.Tests.ShellNavigationGroupsTests" name="Jeder_Navigationspunkt_hat_seine_Gruppe" />
    </UnitTest>
    <UnitTest name="AuswertungPro.Next.UI.Tests.ShellNavigationGroupsTests.Jeder_Navigationspunkt_hat_seine_Gruppe(title: &quot;Import&quot;, group: &quot;Daten&quot;)" storage="c:\sewer-studio_ki_4.5-nova\tests\auswertungpro.next.ui.tests\bin\debug\net10.0-windows10.0.19041\auswertungpro.next.ui.tests.dll" id="030c19d3-3645-96a3-ee0b-03d95dce3bb4">
      <Execution id="e746d142-e9e2-4170-b080-579f8ec43cf3" />
      <TestMethod codeBase="C:\Sewer-Studio_KI_4.5-nova\tests\AuswertungPro.Next.UI.Tests\bin\Debug\net10.0-windows10.0.19041\AuswertungPro.Next.UI.Tests.dll" adapterTypeName="executor://xunit/VsTestRunner2/netcoreapp" className="AuswertungPro.Next.UI.Tests.ShellNavigationGroupsTests" name="Jeder_Navigationspunkt_hat_seine_Gruppe" />
    </UnitTest>
    <UnitTest name="AuswertungPro.Next.UI.Tests.DataPageColumnViewCatalogTests.Der_Haltungsname_steht_in_jeder_Ansicht_vorn_und_Schluessel_sind_eindeutig" storage="c:\sewer-studio_ki_4.5-nova\tests\auswertungpro.next.ui.tests\bin\debug\net10.0-windows10.0.19041\auswertungpro.next.ui.tests.dll" id="4a9e1aa9-9701-0c5b-2da0-8c5131fdef44">
      <Execution id="70735f21-a1c3-42bf-a1ba-e7e7494fe4a8" />
      <TestMethod codeBase="C:\Sewer-Studio_KI_4.5-nova\tests\AuswertungPro.Next.UI.Tests\bin\Debug\net10.0-windows10.0.19041\AuswertungPro.Next.UI.Tests.dll" adapterTypeName="executor://xunit/VsTestRunner2/netcoreapp" className="AuswertungPro.Next.UI.Tests.DataPageColumnViewCatalogTests" name="Der_Haltungsname_steht_in_jeder_Ansicht_vorn_und_Schluessel_sind_eindeutig" />
    </UnitTest>
    <UnitTest name="AuswertungPro.Next.UI.Tests.DataPageColumnViewCatalogTests.Alle_hat_keine_Feldliste_und_ist_der_Rueckfall" storage="c:\sewer-studio_ki_4.5-nova\tests\auswertungpro.next.ui.tests\bin\debug\net10.0-windows10.0.19041\auswertungpro.next.ui.tests.dll" id="048fa703-0fa4-ad38-bc17-b16af50c2956">
      <Execution id="cdbec191-c2e4-4c1f-a98c-d32f44c6c050" />
      <TestMethod codeBase="C:\Sewer-Studio_KI_4.5-nova\tests\AuswertungPro.Next.UI.Tests\bin\Debug\net10.0-windows10.0.19041\AuswertungPro.Next.UI.Tests.dll" adapterTypeName="executor://xunit/VsTestRunner2/netcoreapp" className="AuswertungPro.Next.UI.Tests.DataPageColumnViewCatalogTests" name="Alle_hat_keine_Feldliste_und_ist_der_Rueckfall" />
    </UnitTest>
    <UnitTest name="AuswertungPro.Next.UI.Tests.DataPageColumnViewCatalogTests.Jedes_Feld_einer_Ansicht_existiert_im_Feldkatalog" storage="c:\sewer-studio_ki_4.5-nova\tests\auswertungpro.next.ui.tests\bin\debug\net10.0-windows10.0.19041\auswertungpro.next.ui.tests.dll" id="89bc4ac0-abc0-2b6b-b79b-e703276fcc7e">
      <Execution id="42524c19-9035-459f-aff8-85ce1590a3f9" />
      <TestMethod codeBase="C:\Sewer-Studio_KI_4.5-nova\tests\AuswertungPro.Next.UI.Tests\bin\Debug\net10.0-windows10.0.19041\AuswertungPro.Next.UI.Tests.dll" adapterTypeName="executor://xunit/VsTestRunner2/netcoreapp" className="AuswertungPro.Next.UI.Tests.DataPageColumnViewCatalogTests" name="Jedes_Feld_einer_Ansicht_existiert_im_Feldkatalog" />
    </UnitTest>
    <UnitTest name="AuswertungPro.Next.UI.Tests.DataPageToolbarLayoutTests.AnsichtDropdown_contains_grid_display_controls" storage="c:\sewer-studio_ki_4.5-nova\tests\auswertungpro.next.ui.tests\bin\debug\net10.0-windows10.0.19041\auswertungpro.next.ui.tests.dll" id="7277024e-8108-b7ee-aa7c-ba9f25b76ccb">
      <Execution id="f03d3203-5c80-4186-9a81-d4882fc5f25d" />
      <TestMethod codeBase="C:\Sewer-Studio_KI_4.5-nova\tests\AuswertungPro.Next.UI.Tests\bin\Debug\net10.0-windows10.0.19041\AuswertungPro.Next.UI.Tests.dll" adapterTypeName="executor://xunit/VsTestRunner2/netcoreapp" className="AuswertungPro.Next.UI.Tests.DataPageToolbarLayoutTests" name="AnsichtDropdown_contains_grid_display_controls" />
    </UnitTest>
    <UnitTest name="AuswertungPro.Next.UI.Tests.DesignAuditNovaHaltungenTests.Haltungen_hat_Uebersicht_rechts_und_Eingabefelder_unten_mit_gespeicherten_Trennlinien" storage="c:\sewer-studio_ki_4.5-nova\tests\auswertungpro.next.ui.tests\bin\debug\net10.0-windows10.0.19041\auswertungpro.next.ui.tests.dll" id="be266b81-069d-0acb-51e4-2740aaddc25f">
      <Execution id="441f3ec8-a2a1-4c51-839d-fc5d1550d9e2" />
      <TestMethod codeBase="C:\Sewer-Studio_KI_4.5-nova\tests\AuswertungPro.Next.UI.Tests\bin\Debug\net10.0-windows10.0.19041\AuswertungPro.Next.UI.Tests.dll" adapterTypeName="executor://xunit/VsTestRunner2/netcoreapp" className="AuswertungPro.Next.UI.Tests.DesignAuditNovaHaltungenTests" name="Haltungen_hat_Uebersicht_rechts_und_Eingabefelder_unten_mit_gespeicherten_Trennlinien" />
    </UnitTest>
    <UnitTest name="AuswertungPro.Next.UI.Tests.HaltungFelderDrawerFilterTests.Null_Gruppen_ergeben_eine_leere_Liste" storage="c:\sewer-studio_ki_4.5-nova\tests\auswertungpro.next.ui.tests\bin\debug\net10.0-windows10.0.19041\auswertungpro.next.ui.tests.dll" id="1cdb8d5a-8316-ce72-0641-fd709bb1f2c8">
      <Execution id="5bdc12c2-490f-4436-9a2b-851c179848e2" />
      <TestMethod codeBase="C:\Sewer-Studio_KI_4.5-nova\tests\AuswertungPro.Next.UI.Tests\bin\Debug\net10.0-windows10.0.19041\AuswertungPro.Next.UI.Tests.dll" adapterTypeName="executor://xunit/VsTestRunner2/netcoreapp" className="AuswertungPro.Next.UI.Tests.HaltungFelderDrawerFilterTests" name="Null_Gruppen_ergeben_eine_leere_Liste" />
    </UnitTest>
    <UnitTest name="AuswertungPro.Next.UI.Tests.ShellNavigationGroupsTests.Hauptfenster_gruppiert_die_Leiste_nach_Group" storage="c:\sewer-studio_ki_4.5-nova\tests\auswertungpro.next.ui.tests\bin\debug\net10.0-windows10.0.19041\auswertungpro.next.ui.tests.dll" id="a08ddc9a-3e5d-dc7b-1f6d-97d34b46559e">
      <Execution id="ea83db30-7312-4c86-bf1a-49de4d5c29a4" />
      <TestMethod codeBase="C:\Sewer-Studio_KI_4.5-nova\tests\AuswertungPro.Next.UI.Tests\bin\Debug\net10.0-windows10.0.19041\AuswertungPro.Next.UI.Tests.dll" adapterTypeName="executor://xunit/VsTestRunner2/netcoreapp" className="AuswertungPro.Next.UI.Tests.ShellNavigationGroupsTests" name="Hauptfenster_gruppiert_die_Leiste_nach_Group" />
    </UnitTest>
    <UnitTest name="AuswertungPro.Next.UI.Tests.DesignAuditNovaHaltungenTests.Nova_Arbeitsflaeche_ist_per_Einstellung_der_Standard" storage="c:\sewer-studio_ki_4.5-nova\tests\auswertungpro.next.ui.tests\bin\debug\net10.0-windows10.0.19041\auswertungpro.next.ui.tests.dll" id="122c8e24-b297-e4e9-9d57-f24e9ceb3803">
      <Execution id="55335b01-294e-47ae-9d96-2bb3dc73c55b" />
      <TestMethod codeBase="C:\Sewer-Studio_KI_4.5-nova\tests\AuswertungPro.Next.UI.Tests\bin\Debug\net10.0-windows10.0.19041\AuswertungPro.Next.UI.Tests.dll" adapterTypeName="executor://xunit/VsTestRunner2/netcoreapp" className="AuswertungPro.Next.UI.Tests.DesignAuditNovaHaltungenTests" name="Nova_Arbeitsflaeche_ist_per_Einstellung_der_Standard" />
    </UnitTest>
    <UnitTest name="AuswertungPro.Next.UI.Tests.DataPageWorkspaceLayoutPolicyTests.Standard_laesst_mindestens_sieben_Zeilen_sichtbar" storage="c:\sewer-studio_ki_4.5-nova\tests\auswertungpro.next.ui.tests\bin\debug\net10.0-windows10.0.19041\auswertungpro.next.ui.tests.dll" id="70be9eff-676e-0dae-28a7-ab3438bc89ae">
      <Execution id="481a6b8c-3dfd-404c-8c16-4d78f526ccdc" />
      <TestMethod codeBase="C:\Sewer-Studio_KI_4.5-nova\tests\AuswertungPro.Next.UI.Tests\bin\Debug\net10.0-windows10.0.19041\AuswertungPro.Next.UI.Tests.dll" adapterTypeName="executor://xunit/VsTestRunner2/netcoreapp" className="AuswertungPro.Next.UI.Tests.DataPageWorkspaceLayoutPolicyTests" name="Standard_laesst_mindestens_sieben_Zeilen_sichtbar" />
    </UnitTest>
    <UnitTest name="AuswertungPro.Next.UI.Tests.ShellNavigationGroupsTests.Jeder_Navigationspunkt_hat_seine_Gruppe(title: &quot;Uebersicht&quot;, group: &quot;Projekt&quot;)" storage="c:\sewer-studio_ki_4.5-nova\tests\auswertungpro.next.ui.tests\bin\debug\net10.0-windows10.0.19041\auswertungpro.next.ui.tests.dll" id="4224a7b0-966f-a77f-0418-02c562bf3d4d">
      <Execution id="e12f1eb7-fbe5-4d11-9508-f56c78e9655d" />
      <TestMethod codeBase="C:\Sewer-Studio_KI_4.5-nova\tests\AuswertungPro.Next.UI.Tests\bin\Debug\net10.0-windows10.0.19041\AuswertungPro.Next.UI.Tests.dll" adapterTypeName="executor://xunit/VsTestRunner2/netcoreapp" className="AuswertungPro.Next.UI.Tests.ShellNavigationGroupsTests" name="Jeder_Navigationspunkt_hat_seine_Gruppe" />
    </UnitTest>
    <UnitTest name="AuswertungPro.Next.UI.Tests.ZustandsklasseInkPolicyTests.Dunkle_Tinte_wird_bevorzugt_wenn_beide_reichen" storage="c:\sewer-studio_ki_4.5-nova\tests\auswertungpro.next.ui.tests\bin\debug\net10.0-windows10.0.19041\auswertungpro.next.ui.tests.dll" id="1585f521-d5d2-8d29-1857-b416b70d18c5">
      <Execution id="3ecd8fdd-b537-4c3c-bebf-ac05be1d709c" />
      <TestMethod codeBase="C:\Sewer-Studio_KI_4.5-nova\tests\AuswertungPro.Next.UI.Tests\bin\Debug\net10.0-windows10.0.19041\AuswertungPro.Next.UI.Tests.dll" adapterTypeName="executor://xunit/VsTestRunner2/netcoreapp" className="AuswertungPro.Next.UI.Tests.ZustandsklasseInkPolicyTests" name="Dunkle_Tinte_wird_bevorzugt_wenn_beide_reichen" />
    </UnitTest>
    <UnitTest name="AuswertungPro.Next.UI.Tests.DesignAuditNovaHaltungenTests.Eingabefelder_zeigen_die_Themen_ueber_RecordDetailsView" storage="c:\sewer-studio_ki_4.5-nova\tests\auswertungpro.next.ui.tests\bin\debug\net10.0-windows10.0.19041\auswertungpro.next.ui.tests.dll" id="6d178bb9-a381-7a29-fd0c-55614149051f">
      <Execution id="0d418cbe-4ab6-492a-9311-041bb6348c48" />
      <TestMethod codeBase="C:\Sewer-Studio_KI_4.5-nova\tests\AuswertungPro.Next.UI.Tests\bin\Debug\net10.0-windows10.0.19041\AuswertungPro.Next.UI.Tests.dll" adapterTypeName="executor://xunit/VsTestRunner2/netcoreapp" className="AuswertungPro.Next.UI.Tests.DesignAuditNovaHaltungenTests" name="Eingabefelder_zeigen_die_Themen_ueber_RecordDetailsView" />
    </UnitTest>
  </TestDefinitions>
  <TestEntries>
    <TestEntry testId="93d3b856-0c5b-bfbb-3192-2670f8b84f72" executionId="ae868fe9-0b09-4303-946a-a040fc6a96a6" testListId="8c84fa94-04c1-424b-9868-57a2d4851a1d" />
    <TestEntry testId="5d644551-c3fb-b091-5a18-2902200fa503" executionId="9ee65b6a-e9b1-410b-9b85-f122f15aeeaa" testListId="8c84fa94-04c1-424b-9868-57a2d4851a1d" />
    <TestEntry testId="1585f521-d5d2-8d29-1857-b416b70d18c5" executionId="3ecd8fdd-b537-4c3c-bebf-ac05be1d709c" testListId="8c84fa94-04c1-424b-9868-57a2d4851a1d" />
    <TestEntry testId="15f99caa-7b75-ba2c-9e99-3c2dc8b6b1bc" executionId="3815b29f-24ea-4020-875d-ba17308bdfbe" testListId="8c84fa94-04c1-424b-9868-57a2d4851a1d" />
    <TestEntry testId="555afd35-574b-4e4d-72a7-660f25ade562" executionId="741c8218-c5e8-47f1-a172-046bb8369b1b" testListId="8c84fa94-04c1-424b-9868-57a2d4851a1d" />
    <TestEntry testId="24273577-f165-6786-94c2-949373368743" executionId="0836ad01-d6a2-4b84-bf25-c49c3305787d" testListId="8c84fa94-04c1-424b-9868-57a2d4851a1d" />
    <TestEntry testId="6d55df02-8c39-0af0-e660-7876493e94d0" executionId="7c0863e8-09fc-4674-9d09-3edce988e91d" testListId="8c84fa94-04c1-424b-9868-57a2d4851a1d" />
    <TestEntry testId="082141a1-132a-cb9e-c851-ec342777f884" executionId="2fe2cf41-2deb-4d8a-b35e-e208b603fa07" testListId="8c84fa94-04c1-424b-9868-57a2d4851a1d" />
    <TestEntry testId="19ea48c6-0bc9-a016-5323-fbeb729f6874" executionId="f2de14fa-9bdf-4fd6-bc9b-1d6ccc4f014d" testListId="8c84fa94-04c1-424b-9868-57a2d4851a1d" />
    <TestEntry testId="a08ddc9a-3e5d-dc7b-1f6d-97d34b46559e" executionId="ea83db30-7312-4c86-bf1a-49de4d5c29a4" testListId="8c84fa94-04c1-424b-9868-57a2d4851a1d" />
    <TestEntry testId="048fa703-0fa4-ad38-bc17-b16af50c2956" executionId="cdbec191-c2e4-4c1f-a98c-d32f44c6c050" testListId="8c84fa94-04c1-424b-9868-57a2d4851a1d" />
    <TestEntry testId="70be9eff-676e-0dae-28a7-ab3438bc89ae" executionId="481a6b8c-3dfd-404c-8c16-4d78f526ccdc" testListId="8c84fa94-04c1-424b-9868-57a2d4851a1d" />
    <TestEntry testId="c42a0a73-8e59-b0f5-ed35-0841208a4539" executionId="eb798631-3ff8-4d76-8879-b562f3b8d7ff" testListId="8c84fa94-04c1-424b-9868-57a2d4851a1d" />
    <TestEntry testId="b23550d0-eab8-117d-4020-17e13d38d3e7" executionId="ef5d99e2-0253-4c34-986c-806e883c396f" testListId="8c84fa94-04c1-424b-9868-57a2d4851a1d" />
    <TestEntry testId="7277024e-8108-b7ee-aa7c-ba9f25b76ccb" executionId="f03d3203-5c80-4186-9a81-d4882fc5f25d" testListId="8c84fa94-04c1-424b-9868-57a2d4851a1d" />
    <TestEntry testId="4224a7b0-966f-a77f-0418-02c562bf3d4d" executionId="e12f1eb7-fbe5-4d11-9508-f56c78e9655d" testListId="8c84fa94-04c1-424b-9868-57a2d4851a1d" />
    <TestEntry testId="b8ffbf35-b127-58e3-f2be-6c7b450865f6" executionId="6d11a9fe-de31-46b9-b37e-06d892d60fe1" testListId="8c84fa94-04c1-424b-9868-57a2d4851a1d" />
    <TestEntry testId="73647aad-a9f9-caaf-fba9-c2bd3cbe351f" executionId="134041f8-a77e-454b-9b27-c03e2f0669e3" testListId="8c84fa94-04c1-424b-9868-57a2d4851a1d" />
    <TestEntry testId="5974ada3-cdf2-fe5b-dc28-ea5c956d9d7d" executionId="475fa941-3006-4364-aba6-c7f6164d2e9a" testListId="8c84fa94-04c1-424b-9868-57a2d4851a1d" />
    <TestEntry testId="844f0e6f-9cb5-ff9b-742c-7d8581e87be1" executionId="f4f8e0dc-3d93-462c-a6fe-7afdaae9a424" testListId="8c84fa94-04c1-424b-9868-57a2d4851a1d" />
    <TestEntry testId="6d178bb9-a381-7a29-fd0c-55614149051f" executionId="0d418cbe-4ab6-492a-9311-041bb6348c48" testListId="8c84fa94-04c1-424b-9868-57a2d4851a1d" />
    <TestEntry testId="788f05ef-f3dd-9990-b420-4cbffbc686d8" executionId="f09ce98e-fe66-4058-97e9-466bbe42efd3" testListId="8c84fa94-04c1-424b-9868-57a2d4851a1d" />
    <TestEntry testId="122c8e24-b297-e4e9-9d57-f24e9ceb3803" executionId="55335b01-294e-47ae-9d96-2bb3dc73c55b" testListId="8c84fa94-04c1-424b-9868-57a2d4851a1d" />
    <TestEntry testId="0d262d9b-dfea-8f54-d100-6249632216f8" executionId="d23acd03-e5e1-46e4-843c-a754092a2e0b" testListId="8c84fa94-04c1-424b-9868-57a2d4851a1d" />
    <TestEntry testId="e20f8102-3796-77ac-c64e-e9886f6e0c41" executionId="559fb8bc-c8a5-4ea7-8507-570751891356" testListId="8c84fa94-04c1-424b-9868-57a2d4851a1d" />
    <TestEntry testId="4a9e1aa9-9701-0c5b-2da0-8c5131fdef44" executionId="70735f21-a1c3-42bf-a1ba-e7e7494fe4a8" testListId="8c84fa94-04c1-424b-9868-57a2d4851a1d" />
    <TestEntry testId="ea4f1e26-cdd6-6093-5edb-ef3da303f3dc" executionId="ffe795d0-b35a-461f-9206-2fc1b86843c2" testListId="8c84fa94-04c1-424b-9868-57a2d4851a1d" />
    <TestEntry testId="a72182aa-8db0-6b5e-2dba-3b2341ea1f4f" executionId="37d0faef-188a-43b2-a68f-60ed20f5652f" testListId="8c84fa94-04c1-424b-9868-57a2d4851a1d" />
    <TestEntry testId="89bc4ac0-abc0-2b6b-b79b-e703276fcc7e" executionId="42524c19-9035-459f-aff8-85ce1590a3f9" testListId="8c84fa94-04c1-424b-9868-57a2d4851a1d" />
    <TestEntry testId="b6970303-338d-0b68-8b8b-6d9ee271716f" executionId="266694f7-d6e0-4251-a0d6-4057ee473a7f" testListId="8c84fa94-04c1-424b-9868-57a2d4851a1d" />
    <TestEntry testId="779ab1c6-be68-284c-2006-e68ecd0a7d06" executionId="3adac3d7-2d95-48af-903b-05e8f80ecb50" testListId="8c84fa94-04c1-424b-9868-57a2d4851a1d" />
    <TestEntry testId="be266b81-069d-0acb-51e4-2740aaddc25f" executionId="441f3ec8-a2a1-4c51-839d-fc5d1550d9e2" testListId="8c84fa94-04c1-424b-9868-57a2d4851a1d" />
    <TestEntry testId="ccbae355-a27c-33a3-ba2f-7487f337e694" executionId="de31cfa0-f35f-4227-b1dc-4aa70fe6b7b4" testListId="8c84fa94-04c1-424b-9868-57a2d4851a1d" />
    <TestEntry testId="612faa5a-500d-cfdb-b0aa-cfb60466a573" executionId="789dea82-1612-495c-91aa-53e8648e4fc9" testListId="8c84fa94-04c1-424b-9868-57a2d4851a1d" />
    <TestEntry testId="c0d59b99-a7b6-9360-1300-0dcb6400b301" executionId="6db51ea7-8ff6-4471-b76b-5f9c36f41c52" testListId="8c84fa94-04c1-424b-9868-57a2d4851a1d" />
    <TestEntry testId="f998fafc-be75-5258-3952-c89afdc87eb3" executionId="d9e602c5-5298-4ae9-8cfe-3835a5193815" testListId="8c84fa94-04c1-424b-9868-57a2d4851a1d" />
    <TestEntry testId="12a29e9d-5179-3f8c-4b3a-0c9ac8a4a242" executionId="6712a5fd-557f-49cb-8561-d06b4bf2d9b4" testListId="8c84fa94-04c1-424b-9868-57a2d4851a1d" />
    <TestEntry testId="3fe2c3a2-8e47-01a8-1170-94aea6bbcf72" executionId="5a2f8924-1234-4d78-b9d6-c3690415cf96" testListId="8c84fa94-04c1-424b-9868-57a2d4851a1d" />
    <TestEntry testId="1cdb8d5a-8316-ce72-0641-fd709bb1f2c8" executionId="5bdc12c2-490f-4436-9a2b-851c179848e2" testListId="8c84fa94-04c1-424b-9868-57a2d4851a1d" />
    <TestEntry testId="030c19d3-3645-96a3-ee0b-03d95dce3bb4" executionId="e746d142-e9e2-4170-b080-579f8ec43cf3" testListId="8c84fa94-04c1-424b-9868-57a2d4851a1d" />
    <TestEntry testId="88691002-05dd-bc92-8c28-822f3e68467c" executionId="6ead13e9-1d21-47a0-8c7f-2a71500370a6" testListId="8c84fa94-04c1-424b-9868-57a2d4851a1d" />
    <TestEntry testId="c6d99885-c118-e183-23c3-a469a376acf5" executionId="291aa411-9ca8-4367-b056-351ab75c9ace" testListId="8c84fa94-04c1-424b-9868-57a2d4851a1d" />
  </TestEntries>
  <TestLists>
    <TestList name="Ergebnisse nicht in einer Liste" id="8c84fa94-04c1-424b-9868-57a2d4851a1d" />
    <TestList name="Alle geladenen Ergebnisse" id="19431567-8539-422a-85d7-44ee4e166bda" />
  </TestLists>
  <ResultSummary outcome="Completed">
    <Counters total="42" executed="42" passed="42" failed="0" error="0" timeout="0" aborted="0" inconclusive="0" passedButRunAborted="0" notRunnable="0" notExecuted="0" disconnected="0" warning="0" completed="0" inProgress="0" pending="0" />
    <Output>
      <StdOut>[xUnit.net 00:00:00.00] xUnit.net VSTest Adapter v2.5.7+8f2703126a (64-bit .NET 10.0.11)&#xD;
[xUnit.net 00:00:00.11]   Discovering: AuswertungPro.Next.UI.Tests&#xD;
[xUnit.net 00:00:00.39]   Discovered:  AuswertungPro.Next.UI.Tests&#xD;
[xUnit.net 00:00:00.41]   Starting:    AuswertungPro.Next.UI.Tests&#xD;
[xUnit.net 00:00:00.49]   Finished:    AuswertungPro.Next.UI.Tests&#xD;
</StdOut>
    </Output>
  </ResultSummary>
</TestRun>