<?xml version="1.0" encoding="utf-8"?>
<TestRun id="e203a8ef-c41b-4700-b72d-d6c94c858df9" name="Besitzer@PCW11X01 2026-09-06 11:16:32" runUser="PCW11X01\Besitzer" xmlns="http://microsoft.com/schemas/VisualStudio/TeamTest/2010">
  <Times creation="2026-09-06T11:16:32.5400375+02:00" queuing="2026-09-06T11:16:32.5400378+02:00" start="2026-09-06T11:16:31.5208214+02:00" finish="2026-09-06T11:16:32.6176258+02:00" />
  <TestSettings name="default" id="ef3acb55-2401-4e66-aad9-7c28eed0dda4">
    <Deployment runDeploymentRoot="Besitzer_PCW11X01_2026-09-06_11_16_32" />
  </TestSettings>
  <Results>
    <UnitTestResult executionId="42a07941-1bee-471e-9fa1-a9b5d5d890f8" testId="fffb401e-bf5a-e2f2-d934-936ee76dab2f" testName="AuswertungPro.Next.UI.Tests.SchaechtePageArchitectureGuardTests.SchaechtePage_reuses_shared_grid_zoom_controller" computerName="PCW11X01" duration="00:00:00.0137226" startTime="2026-09-06T11:16:32.5241815+02:00" endTime="2026-09-06T11:16:32.5241816+02:00" testType="13cdc9d9-ddb5-4fa4-a97d-d965ccfc6d4b" outcome="Passed" testListId="8c84fa94-04c1-424b-9868-57a2d4851a1d" relativeResultsDirectory="42a07941-1bee-471e-9fa1-a9b5d5d890f8" />
    <UnitTestResult executionId="7aae0665-c828-4c9e-85b0-070d71d584e2" testId="0fe59dab-35e1-1311-c03d-9db3391dbd51" testName="AuswertungPro.Next.UI.Tests.SchaechtePageArchitectureGuardTests.SchaechtePage_massnahmen_dialog_and_persistence_live_in_controller" computerName="PCW11X01" duration="00:00:00.0009672" startTime="2026-09-06T11:16:32.5241658+02:00" endTime="2026-09-06T11:16:32.5241658+02:00" testType="13cdc9d9-ddb5-4fa4-a97d-d965ccfc6d4b" outcome="Passed" testListId="8c84fa94-04c1-424b-9868-57a2d4851a1d" relativeResultsDirectory="7aae0665-c828-4c9e-85b0-070d71d584e2" />
    <UnitTestResult executionId="313fbe90-e367-47ac-8b3f-e62d64a4d361" testId="08d8731e-b24a-8478-9032-ad55f3b9e971" testName="AuswertungPro.Next.UI.Tests.SchaechtePageArchitectureGuardTests.SchaechtePage_stammdaten_result_application_lives_in_applier" computerName="PCW11X01" duration="00:00:00.0019920" startTime="2026-09-06T11:16:32.4839000+02:00" endTime="2026-09-06T11:16:32.4839000+02:00" testType="13cdc9d9-ddb5-4fa4-a97d-d965ccfc6d4b" outcome="Passed" testListId="8c84fa94-04c1-424b-9868-57a2d4851a1d" relativeResultsDirectory="313fbe90-e367-47ac-8b3f-e62d64a4d361" />
    <UnitTestResult executionId="98d27545-d6cc-4bc1-8dee-f45211764fd4" testId="375b9f29-b735-25f8-bc41-fedd6ef8b5eb" testName="AuswertungPro.Next.UI.Tests.SchaechtePageArchitectureGuardTests.SchaechtePage_uses_field_selection_without_duplicate_zustandsklasse_bar" computerName="PCW11X01" duration="00:00:00.0012410" startTime="2026-09-06T11:16:32.4871743+02:00" endTime="2026-09-06T11:16:32.4871744+02:00" testType="13cdc9d9-ddb5-4fa4-a97d-d965ccfc6d4b" outcome="Passed" testListId="8c84fa94-04c1-424b-9868-57a2d4851a1d" relativeResultsDirectory="98d27545-d6cc-4bc1-8dee-f45211764fd4" />
    <UnitTestResult executionId="2b30e310-16e6-42d9-9632-98b47ecba2a7" testId="25585d21-2549-08a8-3d4d-725d0ce03e31" testName="AuswertungPro.Next.UI.Tests.SchaechtePageArchitectureGuardTests.SchaechtePage_single_protocol_import_lives_in_controller" computerName="PCW11X01" duration="00:00:00.0019263" startTime="2026-09-06T11:16:32.4891471+02:00" endTime="2026-09-06T11:16:32.4891472+02:00" testType="13cdc9d9-ddb5-4fa4-a97d-d965ccfc6d4b" outcome="Passed" testListId="8c84fa94-04c1-424b-9868-57a2d4851a1d" relativeResultsDirectory="2b30e310-16e6-42d9-9632-98b47ecba2a7" />
    <UnitTestResult executionId="cbe69fc6-d0cc-4dc8-b2d1-fd77ee8059d1" testId="cde185f6-edfa-74fc-526e-87e3ad3c28d3" testName="AuswertungPro.Next.UI.Tests.SchaechtePageArchitectureGuardTests.SchaechtePage_dropdown_record_sync_lives_in_synchronizer" computerName="PCW11X01" duration="00:00:00.0005124" startTime="2026-09-06T11:16:32.4924230+02:00" endTime="2026-09-06T11:16:32.4924231+02:00" testType="13cdc9d9-ddb5-4fa4-a97d-d965ccfc6d4b" outcome="Passed" testListId="8c84fa94-04c1-424b-9868-57a2d4851a1d" relativeResultsDirectory="cbe69fc6-d0cc-4dc8-b2d1-fd77ee8059d1" />
    <UnitTestResult executionId="0160ddf0-deca-4218-ad9c-668ccfce4d72" testId="121329e7-9f4c-e629-f40e-eddba35772e0" testName="AuswertungPro.Next.UI.Tests.SchaechtePageArchitectureGuardTests.SchaechtePage_embeds_and_wires_schachtansicht" computerName="PCW11X01" duration="00:00:00.0008287" startTime="2026-09-06T11:16:32.5240191+02:00" endTime="2026-09-06T11:16:32.5240192+02:00" testType="13cdc9d9-ddb5-4fa4-a97d-d965ccfc6d4b" outcome="Passed" testListId="8c84fa94-04c1-424b-9868-57a2d4851a1d" relativeResultsDirectory="0160ddf0-deca-4218-ad9c-668ccfce4d72" />
    <UnitTestResult executionId="ebf1cd5a-67fd-4147-b589-18548c6042fe" testId="141e44ed-c55a-f0ef-0c3d-2b891b8de486" testName="AuswertungPro.Next.UI.Tests.SchaechteRecordDetailsBuilderTests.Build_GruppiertFelderUndSchaltetSanierungsdetailsLive" computerName="PCW11X01" duration="00:00:00.0223815" startTime="2026-09-06T11:16:32.5748910+02:00" endTime="2026-09-06T11:16:32.5748913+02:00" testType="13cdc9d9-ddb5-4fa4-a97d-d965ccfc6d4b" outcome="Passed" testListId="8c84fa94-04c1-424b-9868-57a2d4851a1d" relativeResultsDirectory="ebf1cd5a-67fd-4147-b589-18548c6042fe" />
    <UnitTestResult executionId="6589d4d4-c8fe-4580-bd11-0e0251a68e23" testId="3b3ef40e-8b1b-b0a6-893d-e1431f052358" testName="AuswertungPro.Next.UI.Tests.SchaechtePageArchitectureGuardTests.SchaechtePage_search_and_nr_logic_uses_application_field_logic" computerName="PCW11X01" duration="00:00:00.0017107" startTime="2026-09-06T11:16:32.4849755+02:00" endTime="2026-09-06T11:16:32.4849757+02:00" testType="13cdc9d9-ddb5-4fa4-a97d-d965ccfc6d4b" outcome="Passed" testListId="8c84fa94-04c1-424b-9868-57a2d4851a1d" relativeResultsDirectory="6589d4d4-c8fe-4580-bd11-0e0251a68e23" />
    <UnitTestResult executionId="4db7fed5-fcf8-40e1-9d10-66302ffbd3bc" testId="945e009d-f002-4fd7-8bf9-9ad8a260853b" testName="AuswertungPro.Next.UI.Tests.SchaechtePageArchitectureGuardTests.SchaechtePage_context_menus_can_reveal_schacht_folder" computerName="PCW11X01" duration="00:00:00.0009195" startTime="2026-09-06T11:16:32.4858969+02:00" endTime="2026-09-06T11:16:32.4858969+02:00" testType="13cdc9d9-ddb5-4fa4-a97d-d965ccfc6d4b" outcome="Passed" testListId="8c84fa94-04c1-424b-9868-57a2d4851a1d" relativeResultsDirectory="4db7fed5-fcf8-40e1-9d10-66302ffbd3bc" />
    <UnitTestResult executionId="99508ae5-cd17-4fd3-a810-d51a64b92ff7" testId="738e43bf-9204-f2be-afe5-24c3a9da57d5" testName="AuswertungPro.Next.UI.Tests.SchaechteRecordDetailsBuilderTests.ShaftRename_AktualisiertRecordUndProjektmetadatenOhneDateipfade" computerName="PCW11X01" duration="00:00:00.0046322" startTime="2026-09-06T11:16:32.5524392+02:00" endTime="2026-09-06T11:16:32.5524393+02:00" testType="13cdc9d9-ddb5-4fa4-a97d-d965ccfc6d4b" outcome="Passed" testListId="8c84fa94-04c1-424b-9868-57a2d4851a1d" relativeResultsDirectory="99508ae5-cd17-4fd3-a810-d51a64b92ff7" />
    <UnitTestResult executionId="00c96473-4575-4700-9433-cf139eca1c71" testId="ea16e246-56f0-d34e-7fde-2afa110201cf" testName="AuswertungPro.Next.UI.Tests.SchaechteRecordDetailsBuilderTests.ShaftRename_RenameFehlerStartetKeinePdfKorrektur" computerName="PCW11X01" duration="00:00:00.0002870" startTime="2026-09-06T11:16:32.5429730+02:00" endTime="2026-09-06T11:16:32.5429731+02:00" testType="13cdc9d9-ddb5-4fa4-a97d-d965ccfc6d4b" outcome="Passed" testListId="8c84fa94-04c1-424b-9868-57a2d4851a1d" relativeResultsDirectory="00c96473-4575-4700-9433-cf139eca1c71" />
    <UnitTestResult executionId="ecc49186-8325-407e-99cf-140b3b2d153e" testId="8c581e7f-5c65-32a8-4a0f-d6615ecad232" testName="AuswertungPro.Next.UI.Tests.SchaechtePageArchitectureGuardTests.SchaechtePage_linked_protocol_refresh_lives_in_controller" computerName="PCW11X01" duration="00:00:00.0019799" startTime="2026-09-06T11:16:32.5241960+02:00" endTime="2026-09-06T11:16:32.5241960+02:00" testType="13cdc9d9-ddb5-4fa4-a97d-d965ccfc6d4b" outcome="Passed" testListId="8c84fa94-04c1-424b-9868-57a2d4851a1d" relativeResultsDirectory="ecc49186-8325-407e-99cf-140b3b2d153e" />
    <UnitTestResult executionId="0b9ed9f0-57ba-48b4-93ad-fe8c1e74a086" testId="3fed177a-57a4-3811-95e9-ec09256bff88" testName="AuswertungPro.Next.UI.Tests.SchaechtePageArchitectureGuardTests.SchaechtePage_dropdown_option_groups_live_in_controller" computerName="PCW11X01" duration="00:00:00.0080541" startTime="2026-09-06T11:16:32.4815543+02:00" endTime="2026-09-06T11:16:32.4815691+02:00" testType="13cdc9d9-ddb5-4fa4-a97d-d965ccfc6d4b" outcome="Passed" testListId="8c84fa94-04c1-424b-9868-57a2d4851a1d" relativeResultsDirectory="0b9ed9f0-57ba-48b4-93ad-fe8c1e74a086" />
    <UnitTestResult executionId="2419970a-5776-47af-a3d6-8de07efd7dd3" testId="af3eb0bd-d468-38ed-2426-88ab7c81ddab" testName="AuswertungPro.Next.UI.Tests.SchaechteRecordDetailsBuilderTests.ShaftRename_FremdesPdf_ErreichtDenSchreibdienstNicht" computerName="PCW11X01" duration="00:00:00.0045212" startTime="2026-09-06T11:16:32.5477540+02:00" endTime="2026-09-06T11:16:32.5477541+02:00" testType="13cdc9d9-ddb5-4fa4-a97d-d965ccfc6d4b" outcome="Passed" testListId="8c84fa94-04c1-424b-9868-57a2d4851a1d" relativeResultsDirectory="2419970a-5776-47af-a3d6-8de07efd7dd3" />
    <UnitTestResult executionId="4ab5dacb-06ae-4de5-883d-667ae076f477" testId="8b0cc707-81a2-838d-8174-d5c6cbc6849d" testName="AuswertungPro.Next.UI.Tests.SchaechteRecordDetailsBuilderTests.CollectPdfPaths_NimmtPdfFelderAufUndDedupliziert" computerName="PCW11X01" duration="00:00:00.0018729" startTime="2026-09-06T11:16:32.5356342+02:00" endTime="2026-09-06T11:16:32.5356343+02:00" testType="13cdc9d9-ddb5-4fa4-a97d-d965ccfc6d4b" outcome="Passed" testListId="8c84fa94-04c1-424b-9868-57a2d4851a1d" relativeResultsDirectory="4ab5dacb-06ae-4de5-883d-667ae076f477" />
    <UnitTestResult executionId="71aa2655-e4ad-401a-9145-fb1e7708de55" testId="75716588-8a31-c04c-7bb0-18020243dcdc" testName="AuswertungPro.Next.UI.Tests.SchaechteRecordDetailsBuilderTests.ShaftRename_RuftBatchdienstMitDedupliziertenPdfPfadenAuf" computerName="PCW11X01" duration="00:00:00.0162859" startTime="2026-09-06T11:16:32.5337057+02:00" endTime="2026-09-06T11:16:32.5337058+02:00" testType="13cdc9d9-ddb5-4fa4-a97d-d965ccfc6d4b" outcome="Passed" testListId="8c84fa94-04c1-424b-9868-57a2d4851a1d" relativeResultsDirectory="71aa2655-e4ad-401a-9145-fb1e7708de55" />
    <UnitTestResult executionId="ef34bf40-624c-49f3-b776-30d4cbc1ab4b" testId="69932839-97b9-73f3-4398-bee0f81135bc" testName="AuswertungPro.Next.UI.Tests.SchaechteRecordDetailsBuilderTests.Build_KonsolidiertEncodingVariantenUndUebergibtAlleSchluesselBeimCommit" computerName="PCW11X01" duration="00:00:00.0048957" startTime="2026-09-06T11:16:32.5426325+02:00" endTime="2026-09-06T11:16:32.5426327+02:00" testType="13cdc9d9-ddb5-4fa4-a97d-d965ccfc6d4b" outcome="Passed" testListId="8c84fa94-04c1-424b-9868-57a2d4851a1d" relativeResultsDirectory="ef34bf40-624c-49f3-b776-30d4cbc1ab4b" />
    <UnitTestResult executionId="a696450f-c295-4dca-bbac-fb3f3e4a5993" testId="d415a6c9-3779-fd57-e2af-cf656870c7de" testName="AuswertungPro.Next.UI.Tests.SchaechteRecordDetailsBuilderTests.CollectPdfPaths_ArchivkopieIstKeineBeschreibbareArbeitskopie" computerName="PCW11X01" duration="00:00:00.0019719" startTime="2026-09-06T11:16:32.5376666+02:00" endTime="2026-09-06T11:16:32.5376667+02:00" testType="13cdc9d9-ddb5-4fa4-a97d-d965ccfc6d4b" outcome="Passed" testListId="8c84fa94-04c1-424b-9868-57a2d4851a1d" relativeResultsDirectory="a696450f-c295-4dca-bbac-fb3f3e4a5993" />
    <UnitTestResult executionId="8e6166f1-94aa-46f6-a1ce-efd3043e7be1" testId="ba5611c9-fca9-3c59-ce0d-715c2b62d39c" testName="AuswertungPro.Next.UI.Tests.SchaechtePageArchitectureGuardTests.SchaechtePage_template_column_reading_lives_in_infrastructure" computerName="PCW11X01" duration="00:00:00.0008216" startTime="2026-09-06T11:16:32.5241410+02:00" endTime="2026-09-06T11:16:32.5241410+02:00" testType="13cdc9d9-ddb5-4fa4-a97d-d965ccfc6d4b" outcome="Passed" testListId="8c84fa94-04c1-424b-9868-57a2d4851a1d" relativeResultsDirectory="8e6166f1-94aa-46f6-a1ce-efd3043e7be1" />
    <UnitTestResult executionId="8fee064e-38e8-4c0b-99e4-e5e3045085ca" testId="1af7c9a6-cf8b-930e-f2ee-67f6dd2ccabc" testName="AuswertungPro.Next.UI.Tests.SchaechteRecordDetailsBuilderTests.Build_OhneViewModel_laesstDropdownFeldWieBisherAlsTextfeld" computerName="PCW11X01" duration="00:00:00.0001966" startTime="2026-09-06T11:16:32.5431845+02:00" endTime="2026-09-06T11:16:32.5431846+02:00" testType="13cdc9d9-ddb5-4fa4-a97d-d965ccfc6d4b" outcome="Passed" testListId="8c84fa94-04c1-424b-9868-57a2d4851a1d" relativeResultsDirectory="8fee064e-38e8-4c0b-99e4-e5e3045085ca" />
    <UnitTestResult executionId="aa48168a-2acf-4fa1-bd5b-21735cfcf023" testId="1ab68d9c-1775-02f5-ccdb-24a584013754" testName="AuswertungPro.Next.UI.Tests.SchaechtePageArchitectureGuardTests.SchaechtePage_protocol_folder_summary_and_folder_rules_live_in_policy" computerName="PCW11X01" duration="00:00:00.0041706" startTime="2026-09-06T11:16:32.5241549+02:00" endTime="2026-09-06T11:16:32.5241549+02:00" testType="13cdc9d9-ddb5-4fa4-a97d-d965ccfc6d4b" outcome="Passed" testListId="8c84fa94-04c1-424b-9868-57a2d4851a1d" relativeResultsDirectory="aa48168a-2acf-4fa1-bd5b-21735cfcf023" />
    <UnitTestResult executionId="456701cc-e6ef-4345-b7ec-19ca1c26ee32" testId="2822859b-75c8-ad70-e58e-f3aa67137c93" testName="AuswertungPro.Next.UI.Tests.SchaechtePageArchitectureGuardTests.SchaechtePage_schachtnummer_edit_uses_rename_service" computerName="PCW11X01" duration="00:00:00.0026963" startTime="2026-09-06T11:16:32.4918672+02:00" endTime="2026-09-06T11:16:32.4918673+02:00" testType="13cdc9d9-ddb5-4fa4-a97d-d965ccfc6d4b" outcome="Passed" testListId="8c84fa94-04c1-424b-9868-57a2d4851a1d" relativeResultsDirectory="456701cc-e6ef-4345-b7ec-19ca1c26ee32" />
    <UnitTestResult executionId="0d2c1580-42ed-4789-b86d-6fff32359835" testId="9ef2bfb7-9718-23e9-584f-e7197008cf9e" testName="AuswertungPro.Next.UI.Tests.SchaechtePageArchitectureGuardTests.SchaechtePage_simple_field_edit_logic_lives_in_controller" computerName="PCW11X01" duration="00:00:00.0008603" startTime="2026-09-06T11:16:32.4933118+02:00" endTime="2026-09-06T11:16:32.4933119+02:00" testType="13cdc9d9-ddb5-4fa4-a97d-d965ccfc6d4b" outcome="Passed" testListId="8c84fa94-04c1-424b-9868-57a2d4851a1d" relativeResultsDirectory="0d2c1580-42ed-4789-b86d-6fff32359835" />
  </Results>
  <TestDefinitions>
    <UnitTest name="AuswertungPro.Next.UI.Tests.SchaechtePageArchitectureGuardTests.SchaechtePage_stammdaten_result_application_lives_in_applier" storage="c:\sewer-studio_ki_4.5\.tmp\paket1-2026-09-06\artifacts\bin\auswertungpro.next.ui.tests\release\auswertungpro.next.ui.tests.dll" id="08d8731e-b24a-8478-9032-ad55f3b9e971">
      <Execution id="313fbe90-e367-47ac-8b3f-e62d64a4d361" />
      <TestMethod codeBase="C:\Sewer-Studio_KI_4.5\.tmp\paket1-2026-09-06\artifacts\bin\AuswertungPro.Next.UI.Tests\release\AuswertungPro.Next.UI.Tests.dll" adapterTypeName="executor://xunit/VsTestRunner2/netcoreapp" className="AuswertungPro.Next.UI.Tests.SchaechtePageArchitectureGuardTests" name="SchaechtePage_stammdaten_result_application_lives_in_applier" />
    </UnitTest>
    <UnitTest name="AuswertungPro.Next.UI.Tests.SchaechteRecordDetailsBuilderTests.ShaftRename_RuftBatchdienstMitDedupliziertenPdfPfadenAuf" storage="c:\sewer-studio_ki_4.5\.tmp\paket1-2026-09-06\artifacts\bin\auswertungpro.next.ui.tests\release\auswertungpro.next.ui.tests.dll" id="75716588-8a31-c04c-7bb0-18020243dcdc">
      <Execution id="71aa2655-e4ad-401a-9145-fb1e7708de55" />
      <TestMethod codeBase="C:\Sewer-Studio_KI_4.5\.tmp\paket1-2026-09-06\artifacts\bin\AuswertungPro.Next.UI.Tests\release\AuswertungPro.Next.UI.Tests.dll" adapterTypeName="executor://xunit/VsTestRunner2/netcoreapp" className="AuswertungPro.Next.UI.Tests.SchaechteRecordDetailsBuilderTests" name="ShaftRename_RuftBatchdienstMitDedupliziertenPdfPfadenAuf" />
    </UnitTest>
    <UnitTest name="AuswertungPro.Next.UI.Tests.SchaechteRecordDetailsBuilderTests.CollectPdfPaths_NimmtPdfFelderAufUndDedupliziert" storage="c:\sewer-studio_ki_4.5\.tmp\paket1-2026-09-06\artifacts\bin\auswertungpro.next.ui.tests\release\auswertungpro.next.ui.tests.dll" id="8b0cc707-81a2-838d-8174-d5c6cbc6849d">
      <Execution id="4ab5dacb-06ae-4de5-883d-667ae076f477" />
      <TestMethod codeBase="C:\Sewer-Studio_KI_4.5\.tmp\paket1-2026-09-06\artifacts\bin\AuswertungPro.Next.UI.Tests\release\AuswertungPro.Next.UI.Tests.dll" adapterTypeName="executor://xunit/VsTestRunner2/netcoreapp" className="AuswertungPro.Next.UI.Tests.SchaechteRecordDetailsBuilderTests" name="CollectPdfPaths_NimmtPdfFelderAufUndDedupliziert" />
    </UnitTest>
    <UnitTest name="AuswertungPro.Next.UI.Tests.SchaechtePageArchitectureGuardTests.SchaechtePage_protocol_folder_summary_and_folder_rules_live_in_policy" storage="c:\sewer-studio_ki_4.5\.tmp\paket1-2026-09-06\artifacts\bin\auswertungpro.next.ui.tests\release\auswertungpro.next.ui.tests.dll" id="1ab68d9c-1775-02f5-ccdb-24a584013754">
      <Execution id="aa48168a-2acf-4fa1-bd5b-21735cfcf023" />
      <TestMethod codeBase="C:\Sewer-Studio_KI_4.5\.tmp\paket1-2026-09-06\artifacts\bin\AuswertungPro.Next.UI.Tests\release\AuswertungPro.Next.UI.Tests.dll" adapterTypeName="executor://xunit/VsTestRunner2/netcoreapp" className="AuswertungPro.Next.UI.Tests.SchaechtePageArchitectureGuardTests" name="SchaechtePage_protocol_folder_summary_and_folder_rules_live_in_policy" />
    </UnitTest>
    <UnitTest name="AuswertungPro.Next.UI.Tests.SchaechteRecordDetailsBuilderTests.CollectPdfPaths_ArchivkopieIstKeineBeschreibbareArbeitskopie" storage="c:\sewer-studio_ki_4.5\.tmp\paket1-2026-09-06\artifacts\bin\auswertungpro.next.ui.tests\release\auswertungpro.next.ui.tests.dll" id="d415a6c9-3779-fd57-e2af-cf656870c7de">
      <Execution id="a696450f-c295-4dca-bbac-fb3f3e4a5993" />
      <TestMethod codeBase="C:\Sewer-Studio_KI_4.5\.tmp\paket1-2026-09-06\artifacts\bin\AuswertungPro.Next.UI.Tests\release\AuswertungPro.Next.UI.Tests.dll" adapterTypeName="executor://xunit/VsTestRunner2/netcoreapp" className="AuswertungPro.Next.UI.Tests.SchaechteRecordDetailsBuilderTests" name="CollectPdfPaths_ArchivkopieIstKeineBeschreibbareArbeitskopie" />
    </UnitTest>
    <UnitTest name="AuswertungPro.Next.UI.Tests.SchaechtePageArchitectureGuardTests.SchaechtePage_single_protocol_import_lives_in_controller" storage="c:\sewer-studio_ki_4.5\.tmp\paket1-2026-09-06\artifacts\bin\auswertungpro.next.ui.tests\release\auswertungpro.next.ui.tests.dll" id="25585d21-2549-08a8-3d4d-725d0ce03e31">
      <Execution id="2b30e310-16e6-42d9-9632-98b47ecba2a7" />
      <TestMethod codeBase="C:\Sewer-Studio_KI_4.5\.tmp\paket1-2026-09-06\artifacts\bin\AuswertungPro.Next.UI.Tests\release\AuswertungPro.Next.UI.Tests.dll" adapterTypeName="executor://xunit/VsTestRunner2/netcoreapp" className="AuswertungPro.Next.UI.Tests.SchaechtePageArchitectureGuardTests" name="SchaechtePage_single_protocol_import_lives_in_controller" />
    </UnitTest>
    <UnitTest name="AuswertungPro.Next.UI.Tests.SchaechtePageArchitectureGuardTests.SchaechtePage_dropdown_option_groups_live_in_controller" storage="c:\sewer-studio_ki_4.5\.tmp\paket1-2026-09-06\artifacts\bin\auswertungpro.next.ui.tests\release\auswertungpro.next.ui.tests.dll" id="3fed177a-57a4-3811-95e9-ec09256bff88">
      <Execution id="0b9ed9f0-57ba-48b4-93ad-fe8c1e74a086" />
      <TestMethod codeBase="C:\Sewer-Studio_KI_4.5\.tmp\paket1-2026-09-06\artifacts\bin\AuswertungPro.Next.UI.Tests\release\AuswertungPro.Next.UI.Tests.dll" adapterTypeName="executor://xunit/VsTestRunner2/netcoreapp" className="AuswertungPro.Next.UI.Tests.SchaechtePageArchitectureGuardTests" name="SchaechtePage_dropdown_option_groups_live_in_controller" />
    </UnitTest>
    <UnitTest name="AuswertungPro.Next.UI.Tests.SchaechtePageArchitectureGuardTests.SchaechtePage_uses_field_selection_without_duplicate_zustandsklasse_bar" storage="c:\sewer-studio_ki_4.5\.tmp\paket1-2026-09-06\artifacts\bin\auswertungpro.next.ui.tests\release\auswertungpro.next.ui.tests.dll" id="375b9f29-b735-25f8-bc41-fedd6ef8b5eb">
      <Execution id="98d27545-d6cc-4bc1-8dee-f45211764fd4" />
      <TestMethod codeBase="C:\Sewer-Studio_KI_4.5\.tmp\paket1-2026-09-06\artifacts\bin\AuswertungPro.Next.UI.Tests\release\AuswertungPro.Next.UI.Tests.dll" adapterTypeName="executor://xunit/VsTestRunner2/netcoreapp" className="AuswertungPro.Next.UI.Tests.SchaechtePageArchitectureGuardTests" name="SchaechtePage_uses_field_selection_without_duplicate_zustandsklasse_bar" />
    </UnitTest>
    <UnitTest name="AuswertungPro.Next.UI.Tests.SchaechteRecordDetailsBuilderTests.ShaftRename_FremdesPdf_ErreichtDenSchreibdienstNicht" storage="c:\sewer-studio_ki_4.5\.tmp\paket1-2026-09-06\artifacts\bin\auswertungpro.next.ui.tests\release\auswertungpro.next.ui.tests.dll" id="af3eb0bd-d468-38ed-2426-88ab7c81ddab">
      <Execution id="2419970a-5776-47af-a3d6-8de07efd7dd3" />
      <TestMethod codeBase="C:\Sewer-Studio_KI_4.5\.tmp\paket1-2026-09-06\artifacts\bin\AuswertungPro.Next.UI.Tests\release\AuswertungPro.Next.UI.Tests.dll" adapterTypeName="executor://xunit/VsTestRunner2/netcoreapp" className="AuswertungPro.Next.UI.Tests.SchaechteRecordDetailsBuilderTests" name="ShaftRename_FremdesPdf_ErreichtDenSchreibdienstNicht" />
    </UnitTest>
    <UnitTest name="AuswertungPro.Next.UI.Tests.SchaechteRecordDetailsBuilderTests.ShaftRename_RenameFehlerStartetKeinePdfKorrektur" storage="c:\sewer-studio_ki_4.5\.tmp\paket1-2026-09-06\artifacts\bin\auswertungpro.next.ui.tests\release\auswertungpro.next.ui.tests.dll" id="ea16e246-56f0-d34e-7fde-2afa110201cf">
      <Execution id="00c96473-4575-4700-9433-cf139eca1c71" />
      <TestMethod codeBase="C:\Sewer-Studio_KI_4.5\.tmp\paket1-2026-09-06\artifacts\bin\AuswertungPro.Next.UI.Tests\release\AuswertungPro.Next.UI.Tests.dll" adapterTypeName="executor://xunit/VsTestRunner2/netcoreapp" className="AuswertungPro.Next.UI.Tests.SchaechteRecordDetailsBuilderTests" name="ShaftRename_RenameFehlerStartetKeinePdfKorrektur" />
    </UnitTest>
    <UnitTest name="AuswertungPro.Next.UI.Tests.SchaechtePageArchitectureGuardTests.SchaechtePage_context_menus_can_reveal_schacht_folder" storage="c:\sewer-studio_ki_4.5\.tmp\paket1-2026-09-06\artifacts\bin\auswertungpro.next.ui.tests\release\auswertungpro.next.ui.tests.dll" id="945e009d-f002-4fd7-8bf9-9ad8a260853b">
      <Execution id="4db7fed5-fcf8-40e1-9d10-66302ffbd3bc" />
      <TestMethod codeBase="C:\Sewer-Studio_KI_4.5\.tmp\paket1-2026-09-06\artifacts\bin\AuswertungPro.Next.UI.Tests\release\AuswertungPro.Next.UI.Tests.dll" adapterTypeName="executor://xunit/VsTestRunner2/netcoreapp" className="AuswertungPro.Next.UI.Tests.SchaechtePageArchitectureGuardTests" name="SchaechtePage_context_menus_can_reveal_schacht_folder" />
    </UnitTest>
    <UnitTest name="AuswertungPro.Next.UI.Tests.SchaechtePageArchitectureGuardTests.SchaechtePage_search_and_nr_logic_uses_application_field_logic" storage="c:\sewer-studio_ki_4.5\.tmp\paket1-2026-09-06\artifacts\bin\auswertungpro.next.ui.tests\release\auswertungpro.next.ui.tests.dll" id="3b3ef40e-8b1b-b0a6-893d-e1431f052358">
      <Execution id="6589d4d4-c8fe-4580-bd11-0e0251a68e23" />
      <TestMethod codeBase="C:\Sewer-Studio_KI_4.5\.tmp\paket1-2026-09-06\artifacts\bin\AuswertungPro.Next.UI.Tests\release\AuswertungPro.Next.UI.Tests.dll" adapterTypeName="executor://xunit/VsTestRunner2/netcoreapp" className="AuswertungPro.Next.UI.Tests.SchaechtePageArchitectureGuardTests" name="SchaechtePage_search_and_nr_logic_uses_application_field_logic" />
    </UnitTest>
    <UnitTest name="AuswertungPro.Next.UI.Tests.SchaechteRecordDetailsBuilderTests.ShaftRename_AktualisiertRecordUndProjektmetadatenOhneDateipfade" storage="c:\sewer-studio_ki_4.5\.tmp\paket1-2026-09-06\artifacts\bin\auswertungpro.next.ui.tests\release\auswertungpro.next.ui.tests.dll" id="738e43bf-9204-f2be-afe5-24c3a9da57d5">
      <Execution id="99508ae5-cd17-4fd3-a810-d51a64b92ff7" />
      <TestMethod codeBase="C:\Sewer-Studio_KI_4.5\.tmp\paket1-2026-09-06\artifacts\bin\AuswertungPro.Next.UI.Tests\release\AuswertungPro.Next.UI.Tests.dll" adapterTypeName="executor://xunit/VsTestRunner2/netcoreapp" className="AuswertungPro.Next.UI.Tests.SchaechteRecordDetailsBuilderTests" name="ShaftRename_AktualisiertRecordUndProjektmetadatenOhneDateipfade" />
    </UnitTest>
    <UnitTest name="AuswertungPro.Next.UI.Tests.SchaechteRecordDetailsBuilderTests.Build_GruppiertFelderUndSchaltetSanierungsdetailsLive" storage="c:\sewer-studio_ki_4.5\.tmp\paket1-2026-09-06\artifacts\bin\auswertungpro.next.ui.tests\release\auswertungpro.next.ui.tests.dll" id="141e44ed-c55a-f0ef-0c3d-2b891b8de486">
      <Execution id="ebf1cd5a-67fd-4147-b589-18548c6042fe" />
      <TestMethod codeBase="C:\Sewer-Studio_KI_4.5\.tmp\paket1-2026-09-06\artifacts\bin\AuswertungPro.Next.UI.Tests\release\AuswertungPro.Next.UI.Tests.dll" adapterTypeName="executor://xunit/VsTestRunner2/netcoreapp" className="AuswertungPro.Next.UI.Tests.SchaechteRecordDetailsBuilderTests" name="Build_GruppiertFelderUndSchaltetSanierungsdetailsLive" />
    </UnitTest>
    <UnitTest name="AuswertungPro.Next.UI.Tests.SchaechtePageArchitectureGuardTests.SchaechtePage_reuses_shared_grid_zoom_controller" storage="c:\sewer-studio_ki_4.5\.tmp\paket1-2026-09-06\artifacts\bin\auswertungpro.next.ui.tests\release\auswertungpro.next.ui.tests.dll" id="fffb401e-bf5a-e2f2-d934-936ee76dab2f">
      <Execution id="42a07941-1bee-471e-9fa1-a9b5d5d890f8" />
      <TestMethod codeBase="C:\Sewer-Studio_KI_4.5\.tmp\paket1-2026-09-06\artifacts\bin\AuswertungPro.Next.UI.Tests\release\AuswertungPro.Next.UI.Tests.dll" adapterTypeName="executor://xunit/VsTestRunner2/netcoreapp" className="AuswertungPro.Next.UI.Tests.SchaechtePageArchitectureGuardTests" name="SchaechtePage_reuses_shared_grid_zoom_controller" />
    </UnitTest>
    <UnitTest name="AuswertungPro.Next.UI.Tests.SchaechteRecordDetailsBuilderTests.Build_KonsolidiertEncodingVariantenUndUebergibtAlleSchluesselBeimCommit" storage="c:\sewer-studio_ki_4.5\.tmp\paket1-2026-09-06\artifacts\bin\auswertungpro.next.ui.tests\release\auswertungpro.next.ui.tests.dll" id="69932839-97b9-73f3-4398-bee0f81135bc">
      <Execution id="ef34bf40-624c-49f3-b776-30d4cbc1ab4b" />
      <TestMethod codeBase="C:\Sewer-Studio_KI_4.5\.tmp\paket1-2026-09-06\artifacts\bin\AuswertungPro.Next.UI.Tests\release\AuswertungPro.Next.UI.Tests.dll" adapterTypeName="executor://xunit/VsTestRunner2/netcoreapp" className="AuswertungPro.Next.UI.Tests.SchaechteRecordDetailsBuilderTests" name="Build_KonsolidiertEncodingVariantenUndUebergibtAlleSchluesselBeimCommit" />
    </UnitTest>
    <UnitTest name="AuswertungPro.Next.UI.Tests.SchaechtePageArchitectureGuardTests.SchaechtePage_dropdown_record_sync_lives_in_synchronizer" storage="c:\sewer-studio_ki_4.5\.tmp\paket1-2026-09-06\artifacts\bin\auswertungpro.next.ui.tests\release\auswertungpro.next.ui.tests.dll" id="cde185f6-edfa-74fc-526e-87e3ad3c28d3">
      <Execution id="cbe69fc6-d0cc-4dc8-b2d1-fd77ee8059d1" />
      <TestMethod codeBase="C:\Sewer-Studio_KI_4.5\.tmp\paket1-2026-09-06\artifacts\bin\AuswertungPro.Next.UI.Tests\release\AuswertungPro.Next.UI.Tests.dll" adapterTypeName="executor://xunit/VsTestRunner2/netcoreapp" className="AuswertungPro.Next.UI.Tests.SchaechtePageArchitectureGuardTests" name="SchaechtePage_dropdown_record_sync_lives_in_synchronizer" />
    </UnitTest>
    <UnitTest name="AuswertungPro.Next.UI.Tests.SchaechtePageArchitectureGuardTests.SchaechtePage_simple_field_edit_logic_lives_in_controller" storage="c:\sewer-studio_ki_4.5\.tmp\paket1-2026-09-06\artifacts\bin\auswertungpro.next.ui.tests\release\auswertungpro.next.ui.tests.dll" id="9ef2bfb7-9718-23e9-584f-e7197008cf9e">
      <Execution id="0d2c1580-42ed-4789-b86d-6fff32359835" />
      <TestMethod codeBase="C:\Sewer-Studio_KI_4.5\.tmp\paket1-2026-09-06\artifacts\bin\AuswertungPro.Next.UI.Tests\release\AuswertungPro.Next.UI.Tests.dll" adapterTypeName="executor://xunit/VsTestRunner2/netcoreapp" className="AuswertungPro.Next.UI.Tests.SchaechtePageArchitectureGuardTests" name="SchaechtePage_simple_field_edit_logic_lives_in_controller" />
    </UnitTest>
    <UnitTest name="AuswertungPro.Next.UI.Tests.SchaechteRecordDetailsBuilderTests.Build_OhneViewModel_laesstDropdownFeldWieBisherAlsTextfeld" storage="c:\sewer-studio_ki_4.5\.tmp\paket1-2026-09-06\artifacts\bin\auswertungpro.next.ui.tests\release\auswertungpro.next.ui.tests.dll" id="1af7c9a6-cf8b-930e-f2ee-67f6dd2ccabc">
      <Execution id="8fee064e-38e8-4c0b-99e4-e5e3045085ca" />
      <TestMethod codeBase="C:\Sewer-Studio_KI_4.5\.tmp\paket1-2026-09-06\artifacts\bin\AuswertungPro.Next.UI.Tests\release\AuswertungPro.Next.UI.Tests.dll" adapterTypeName="executor://xunit/VsTestRunner2/netcoreapp" className="AuswertungPro.Next.UI.Tests.SchaechteRecordDetailsBuilderTests" name="Build_OhneViewModel_laesstDropdownFeldWieBisherAlsTextfeld" />
    </UnitTest>
    <UnitTest name="AuswertungPro.Next.UI.Tests.SchaechtePageArchitectureGuardTests.SchaechtePage_template_column_reading_lives_in_infrastructure" storage="c:\sewer-studio_ki_4.5\.tmp\paket1-2026-09-06\artifacts\bin\auswertungpro.next.ui.tests\release\auswertungpro.next.ui.tests.dll" id="ba5611c9-fca9-3c59-ce0d-715c2b62d39c">
      <Execution id="8e6166f1-94aa-46f6-a1ce-efd3043e7be1" />
      <TestMethod codeBase="C:\Sewer-Studio_KI_4.5\.tmp\paket1-2026-09-06\artifacts\bin\AuswertungPro.Next.UI.Tests\release\AuswertungPro.Next.UI.Tests.dll" adapterTypeName="executor://xunit/VsTestRunner2/netcoreapp" className="AuswertungPro.Next.UI.Tests.SchaechtePageArchitectureGuardTests" name="SchaechtePage_template_column_reading_lives_in_infrastructure" />
    </UnitTest>
    <UnitTest name="AuswertungPro.Next.UI.Tests.SchaechtePageArchitectureGuardTests.SchaechtePage_schachtnummer_edit_uses_rename_service" storage="c:\sewer-studio_ki_4.5\.tmp\paket1-2026-09-06\artifacts\bin\auswertungpro.next.ui.tests\release\auswertungpro.next.ui.tests.dll" id="2822859b-75c8-ad70-e58e-f3aa67137c93">
      <Execution id="456701cc-e6ef-4345-b7ec-19ca1c26ee32" />
      <TestMethod codeBase="C:\Sewer-Studio_KI_4.5\.tmp\paket1-2026-09-06\artifacts\bin\AuswertungPro.Next.UI.Tests\release\AuswertungPro.Next.UI.Tests.dll" adapterTypeName="executor://xunit/VsTestRunner2/netcoreapp" className="AuswertungPro.Next.UI.Tests.SchaechtePageArchitectureGuardTests" name="SchaechtePage_schachtnummer_edit_uses_rename_service" />
    </UnitTest>
    <UnitTest name="AuswertungPro.Next.UI.Tests.SchaechtePageArchitectureGuardTests.SchaechtePage_massnahmen_dialog_and_persistence_live_in_controller" storage="c:\sewer-studio_ki_4.5\.tmp\paket1-2026-09-06\artifacts\bin\auswertungpro.next.ui.tests\release\auswertungpro.next.ui.tests.dll" id="0fe59dab-35e1-1311-c03d-9db3391dbd51">
      <Execution id="7aae0665-c828-4c9e-85b0-070d71d584e2" />
      <TestMethod codeBase="C:\Sewer-Studio_KI_4.5\.tmp\paket1-2026-09-06\artifacts\bin\AuswertungPro.Next.UI.Tests\release\AuswertungPro.Next.UI.Tests.dll" adapterTypeName="executor://xunit/VsTestRunner2/netcoreapp" className="AuswertungPro.Next.UI.Tests.SchaechtePageArchitectureGuardTests" name="SchaechtePage_massnahmen_dialog_and_persistence_live_in_controller" />
    </UnitTest>
    <UnitTest name="AuswertungPro.Next.UI.Tests.SchaechtePageArchitectureGuardTests.SchaechtePage_linked_protocol_refresh_lives_in_controller" storage="c:\sewer-studio_ki_4.5\.tmp\paket1-2026-09-06\artifacts\bin\auswertungpro.next.ui.tests\release\auswertungpro.next.ui.tests.dll" id="8c581e7f-5c65-32a8-4a0f-d6615ecad232">
      <Execution id="ecc49186-8325-407e-99cf-140b3b2d153e" />
      <TestMethod codeBase="C:\Sewer-Studio_KI_4.5\.tmp\paket1-2026-09-06\artifacts\bin\AuswertungPro.Next.UI.Tests\release\AuswertungPro.Next.UI.Tests.dll" adapterTypeName="executor://xunit/VsTestRunner2/netcoreapp" className="AuswertungPro.Next.UI.Tests.SchaechtePageArchitectureGuardTests" name="SchaechtePage_linked_protocol_refresh_lives_in_controller" />
    </UnitTest>
    <UnitTest name="AuswertungPro.Next.UI.Tests.SchaechtePageArchitectureGuardTests.SchaechtePage_embeds_and_wires_schachtansicht" storage="c:\sewer-studio_ki_4.5\.tmp\paket1-2026-09-06\artifacts\bin\auswertungpro.next.ui.tests\release\auswertungpro.next.ui.tests.dll" id="121329e7-9f4c-e629-f40e-eddba35772e0">
      <Execution id="0160ddf0-deca-4218-ad9c-668ccfce4d72" />
      <TestMethod codeBase="C:\Sewer-Studio_KI_4.5\.tmp\paket1-2026-09-06\artifacts\bin\AuswertungPro.Next.UI.Tests\release\AuswertungPro.Next.UI.Tests.dll" adapterTypeName="executor://xunit/VsTestRunner2/netcoreapp" className="AuswertungPro.Next.UI.Tests.SchaechtePageArchitectureGuardTests" name="SchaechtePage_embeds_and_wires_schachtansicht" />
    </UnitTest>
  </TestDefinitions>
  <TestEntries>
    <TestEntry testId="fffb401e-bf5a-e2f2-d934-936ee76dab2f" executionId="42a07941-1bee-471e-9fa1-a9b5d5d890f8" testListId="8c84fa94-04c1-424b-9868-57a2d4851a1d" />
    <TestEntry testId="0fe59dab-35e1-1311-c03d-9db3391dbd51" executionId="7aae0665-c828-4c9e-85b0-070d71d584e2" testListId="8c84fa94-04c1-424b-9868-57a2d4851a1d" />
    <TestEntry testId="08d8731e-b24a-8478-9032-ad55f3b9e971" executionId="313fbe90-e367-47ac-8b3f-e62d64a4d361" testListId="8c84fa94-04c1-424b-9868-57a2d4851a1d" />
    <TestEntry testId="375b9f29-b735-25f8-bc41-fedd6ef8b5eb" executionId="98d27545-d6cc-4bc1-8dee-f45211764fd4" testListId="8c84fa94-04c1-424b-9868-57a2d4851a1d" />
    <TestEntry testId="25585d21-2549-08a8-3d4d-725d0ce03e31" executionId="2b30e310-16e6-42d9-9632-98b47ecba2a7" testListId="8c84fa94-04c1-424b-9868-57a2d4851a1d" />
    <TestEntry testId="cde185f6-edfa-74fc-526e-87e3ad3c28d3" executionId="cbe69fc6-d0cc-4dc8-b2d1-fd77ee8059d1" testListId="8c84fa94-04c1-424b-9868-57a2d4851a1d" />
    <TestEntry testId="121329e7-9f4c-e629-f40e-eddba35772e0" executionId="0160ddf0-deca-4218-ad9c-668ccfce4d72" testListId="8c84fa94-04c1-424b-9868-57a2d4851a1d" />
    <TestEntry testId="141e44ed-c55a-f0ef-0c3d-2b891b8de486" executionId="ebf1cd5a-67fd-4147-b589-18548c6042fe" testListId="8c84fa94-04c1-424b-9868-57a2d4851a1d" />
    <TestEntry testId="3b3ef40e-8b1b-b0a6-893d-e1431f052358" executionId="6589d4d4-c8fe-4580-bd11-0e0251a68e23" testListId="8c84fa94-04c1-424b-9868-57a2d4851a1d" />
    <TestEntry testId="945e009d-f002-4fd7-8bf9-9ad8a260853b" executionId="4db7fed5-fcf8-40e1-9d10-66302ffbd3bc" testListId="8c84fa94-04c1-424b-9868-57a2d4851a1d" />
    <TestEntry testId="738e43bf-9204-f2be-afe5-24c3a9da57d5" executionId="99508ae5-cd17-4fd3-a810-d51a64b92ff7" testListId="8c84fa94-04c1-424b-9868-57a2d4851a1d" />
    <TestEntry testId="ea16e246-56f0-d34e-7fde-2afa110201cf" executionId="00c96473-4575-4700-9433-cf139eca1c71" testListId="8c84fa94-04c1-424b-9868-57a2d4851a1d" />
    <TestEntry testId="8c581e7f-5c65-32a8-4a0f-d6615ecad232" executionId="ecc49186-8325-407e-99cf-140b3b2d153e" testListId="8c84fa94-04c1-424b-9868-57a2d4851a1d" />
    <TestEntry testId="3fed177a-57a4-3811-95e9-ec09256bff88" executionId="0b9ed9f0-57ba-48b4-93ad-fe8c1e74a086" testListId="8c84fa94-04c1-424b-9868-57a2d4851a1d" />
    <TestEntry testId="af3eb0bd-d468-38ed-2426-88ab7c81ddab" executionId="2419970a-5776-47af-a3d6-8de07efd7dd3" testListId="8c84fa94-04c1-424b-9868-57a2d4851a1d" />
    <TestEntry testId="8b0cc707-81a2-838d-8174-d5c6cbc6849d" executionId="4ab5dacb-06ae-4de5-883d-667ae076f477" testListId="8c84fa94-04c1-424b-9868-57a2d4851a1d" />
    <TestEntry testId="75716588-8a31-c04c-7bb0-18020243dcdc" executionId="71aa2655-e4ad-401a-9145-fb1e7708de55" testListId="8c84fa94-04c1-424b-9868-57a2d4851a1d" />
    <TestEntry testId="69932839-97b9-73f3-4398-bee0f81135bc" executionId="ef34bf40-624c-49f3-b776-30d4cbc1ab4b" testListId="8c84fa94-04c1-424b-9868-57a2d4851a1d" />
    <TestEntry testId="d415a6c9-3779-fd57-e2af-cf656870c7de" executionId="a696450f-c295-4dca-bbac-fb3f3e4a5993" testListId="8c84fa94-04c1-424b-9868-57a2d4851a1d" />
    <TestEntry testId="ba5611c9-fca9-3c59-ce0d-715c2b62d39c" executionId="8e6166f1-94aa-46f6-a1ce-efd3043e7be1" testListId="8c84fa94-04c1-424b-9868-57a2d4851a1d" />
    <TestEntry testId="1af7c9a6-cf8b-930e-f2ee-67f6dd2ccabc" executionId="8fee064e-38e8-4c0b-99e4-e5e3045085ca" testListId="8c84fa94-04c1-424b-9868-57a2d4851a1d" />
    <TestEntry testId="1ab68d9c-1775-02f5-ccdb-24a584013754" executionId="aa48168a-2acf-4fa1-bd5b-21735cfcf023" testListId="8c84fa94-04c1-424b-9868-57a2d4851a1d" />
    <TestEntry testId="2822859b-75c8-ad70-e58e-f3aa67137c93" executionId="456701cc-e6ef-4345-b7ec-19ca1c26ee32" testListId="8c84fa94-04c1-424b-9868-57a2d4851a1d" />
    <TestEntry testId="9ef2bfb7-9718-23e9-584f-e7197008cf9e" executionId="0d2c1580-42ed-4789-b86d-6fff32359835" testListId="8c84fa94-04c1-424b-9868-57a2d4851a1d" />
  </TestEntries>
  <TestLists>
    <TestList name="Ergebnisse nicht in einer Liste" id="8c84fa94-04c1-424b-9868-57a2d4851a1d" />
    <TestList name="Alle geladenen Ergebnisse" id="19431567-8539-422a-85d7-44ee4e166bda" />
  </TestLists>
  <ResultSummary outcome="Completed">
    <Counters total="24" executed="24" passed="24" failed="0" error="0" timeout="0" aborted="0" inconclusive="0" passedButRunAborted="0" notRunnable="0" notExecuted="0" disconnected="0" warning="0" completed="0" inProgress="0" pending="0" />
    <Output>
      <StdOut>[xUnit.net 00:00:00.00] xUnit.net VSTest Adapter v2.5.7+8f2703126a (64-bit .NET 10.0.11)&#xD;
[xUnit.net 00:00:00.33]   Discovering: AuswertungPro.Next.UI.Tests&#xD;
[xUnit.net 00:00:00.63]   Discovered:  AuswertungPro.Next.UI.Tests&#xD;
[xUnit.net 00:00:00.64]   Starting:    AuswertungPro.Next.UI.Tests&#xD;
[xUnit.net 00:00:00.76]   Finished:    AuswertungPro.Next.UI.Tests&#xD;
</StdOut>
    </Output>
  </ResultSummary>
</TestRun>